/content/CityScapes/gtFine/images/test/city/image_0_endo.png
/content/CityScapes/gtFine/images/test/city/image_100_endo.png
/content/CityScapes/gtFine/images/test/city/image_101_endo.png
/content/CityScapes/gtFine/images/test/city/image_102_endo.png
/content/CityScapes/gtFine/images/test/city/image_103_endo.png
/content/CityScapes/gtFine/images/test/city/image_104_endo.png
/content/CityScapes/gtFine/images/test/city/image_105_endo.png
/content/CityScapes/gtFine/images/test/city/image_106_endo.png
/content/CityScapes/gtFine/images/test/city/image_107_endo.png
/content/CityScapes/gtFine/images/test/city/image_108_endo.png
/content/CityScapes/gtFine/images/test/city/image_109_endo.png
/content/CityScapes/gtFine/images/test/city/image_10_endo.png
/content/CityScapes/gtFine/images/test/city/image_110_endo.png
/content/CityScapes/gtFine/images/test/city/image_111_endo.png
/content/CityScapes/gtFine/images/test/city/image_112_endo.png
/content/CityScapes/gtFine/images/test/city/image_113_endo.png
/content/CityScapes/gtFine/images/test/city/image_114_endo.png
/content/CityScapes/gtFine/images/test/city/image_115_endo.png
/content/CityScapes/gtFine/images/test/city/image_116_endo.png
/content/CityScapes/gtFine/images/test/city/image_117_endo.png
/content/CityScapes/gtFine/images/test/city/image_118_endo.png
/content/CityScapes/gtFine/images/test/city/image_119_endo.png
/content/CityScapes/gtFine/images/test/city/image_11_endo.png
/content/CityScapes/gtFine/images/test/city/image_120_endo.png
/content/CityScapes/gtFine/images/test/city/image_121_endo.png
/content/CityScapes/gtFine/images/test/city/image_122_endo.png
/content/CityScapes/gtFine/images/test/city/image_123_endo.png
/content/CityScapes/gtFine/images/test/city/image_124_endo.png
/content/CityScapes/gtFine/images/test/city/image_125_endo.png
/content/CityScapes/gtFine/images/test/city/image_126_endo.png
/content/CityScapes/gtFine/images/test/city/image_127_endo.png
/content/CityScapes/gtFine/images/test/city/image_128_endo.png
/content/CityScapes/gtFine/images/test/city/image_129_endo.png
/content/CityScapes/gtFine/images/test/city/image_12_endo.png
/content/CityScapes/gtFine/images/test/city/image_130_endo.png
/content/CityScapes/gtFine/images/test/city/image_131_endo.png
/content/CityScapes/gtFine/images/test/city/image_132_endo.png
/content/CityScapes/gtFine/images/test/city/image_133_endo.png
/content/CityScapes/gtFine/images/test/city/image_134_endo.png
/content/CityScapes/gtFine/images/test/city/image_135_endo.png
/content/CityScapes/gtFine/images/test/city/image_136_endo.png
/content/CityScapes/gtFine/images/test/city/image_137_endo.png
/content/CityScapes/gtFine/images/test/city/image_138_endo.png
/content/CityScapes/gtFine/images/test/city/image_139_endo.png
/content/CityScapes/gtFine/images/test/city/image_13_endo.png
/content/CityScapes/gtFine/images/test/city/image_140_endo.png
/content/CityScapes/gtFine/images/test/city/image_141_endo.png
/content/CityScapes/gtFine/images/test/city/image_142_endo.png
/content/CityScapes/gtFine/images/test/city/image_143_endo.png
/content/CityScapes/gtFine/images/test/city/image_144_endo.png
/content/CityScapes/gtFine/images/test/city/image_145_endo.png
/content/CityScapes/gtFine/images/test/city/image_146_endo.png
/content/CityScapes/gtFine/images/test/city/image_147_endo.png
/content/CityScapes/gtFine/images/test/city/image_148_endo.png
/content/CityScapes/gtFine/images/test/city/image_149_endo.png
/content/CityScapes/gtFine/images/test/city/image_14_endo.png
/content/CityScapes/gtFine/images/test/city/image_150_endo.png
/content/CityScapes/gtFine/images/test/city/image_151_endo.png
/content/CityScapes/gtFine/images/test/city/image_152_endo.png
/content/CityScapes/gtFine/images/test/city/image_153_endo.png
/content/CityScapes/gtFine/images/test/city/image_154_endo.png
/content/CityScapes/gtFine/images/test/city/image_155_endo.png
/content/CityScapes/gtFine/images/test/city/image_156_endo.png
/content/CityScapes/gtFine/images/test/city/image_157_endo.png
/content/CityScapes/gtFine/images/test/city/image_158_endo.png
/content/CityScapes/gtFine/images/test/city/image_159_endo.png
/content/CityScapes/gtFine/images/test/city/image_15_endo.png
/content/CityScapes/gtFine/images/test/city/image_160_endo.png
/content/CityScapes/gtFine/images/test/city/image_161_endo.png
/content/CityScapes/gtFine/images/test/city/image_162_endo.png
/content/CityScapes/gtFine/images/test/city/image_163_endo.png
/content/CityScapes/gtFine/images/test/city/image_164_endo.png
/content/CityScapes/gtFine/images/test/city/image_165_endo.png
/content/CityScapes/gtFine/images/test/city/image_166_endo.png
/content/CityScapes/gtFine/images/test/city/image_167_endo.png
/content/CityScapes/gtFine/images/test/city/image_168_endo.png
/content/CityScapes/gtFine/images/test/city/image_169_endo.png
/content/CityScapes/gtFine/images/test/city/image_16_endo.png
/content/CityScapes/gtFine/images/test/city/image_170_endo.png
/content/CityScapes/gtFine/images/test/city/image_171_endo.png
/content/CityScapes/gtFine/images/test/city/image_172_endo.png
/content/CityScapes/gtFine/images/test/city/image_173_endo.png
/content/CityScapes/gtFine/images/test/city/image_174_endo.png
/content/CityScapes/gtFine/images/test/city/image_175_endo.png
/content/CityScapes/gtFine/images/test/city/image_176_endo.png
/content/CityScapes/gtFine/images/test/city/image_177_endo.png
/content/CityScapes/gtFine/images/test/city/image_178_endo.png
/content/CityScapes/gtFine/images/test/city/image_179_endo.png
/content/CityScapes/gtFine/images/test/city/image_17_endo.png
/content/CityScapes/gtFine/images/test/city/image_180_endo.png
/content/CityScapes/gtFine/images/test/city/image_181_endo.png
/content/CityScapes/gtFine/images/test/city/image_182_endo.png
/content/CityScapes/gtFine/images/test/city/image_183_endo.png
/content/CityScapes/gtFine/images/test/city/image_184_endo.png
/content/CityScapes/gtFine/images/test/city/image_185_endo.png
/content/CityScapes/gtFine/images/test/city/image_186_endo.png
/content/CityScapes/gtFine/images/test/city/image_187_endo.png
/content/CityScapes/gtFine/images/test/city/image_188_endo.png
/content/CityScapes/gtFine/images/test/city/image_189_endo.png
/content/CityScapes/gtFine/images/test/city/image_18_endo.png
/content/CityScapes/gtFine/images/test/city/image_190_endo.png
/content/CityScapes/gtFine/images/test/city/image_191_endo.png
/content/CityScapes/gtFine/images/test/city/image_192_endo.png
/content/CityScapes/gtFine/images/test/city/image_193_endo.png
/content/CityScapes/gtFine/images/test/city/image_194_endo.png
/content/CityScapes/gtFine/images/test/city/image_195_endo.png
/content/CityScapes/gtFine/images/test/city/image_196_endo.png
/content/CityScapes/gtFine/images/test/city/image_197_endo.png
/content/CityScapes/gtFine/images/test/city/image_198_endo.png
/content/CityScapes/gtFine/images/test/city/image_199_endo.png
/content/CityScapes/gtFine/images/test/city/image_19_endo.png
/content/CityScapes/gtFine/images/test/city/image_1_endo.png
/content/CityScapes/gtFine/images/test/city/image_200_endo.png
/content/CityScapes/gtFine/images/test/city/image_201_endo.png
/content/CityScapes/gtFine/images/test/city/image_202_endo.png
/content/CityScapes/gtFine/images/test/city/image_203_endo.png
/content/CityScapes/gtFine/images/test/city/image_204_endo.png
/content/CityScapes/gtFine/images/test/city/image_205_endo.png
/content/CityScapes/gtFine/images/test/city/image_206_endo.png
/content/CityScapes/gtFine/images/test/city/image_207_endo.png
/content/CityScapes/gtFine/images/test/city/image_208_endo.png
/content/CityScapes/gtFine/images/test/city/image_209_endo.png
/content/CityScapes/gtFine/images/test/city/image_20_endo.png
/content/CityScapes/gtFine/images/test/city/image_210_endo.png
/content/CityScapes/gtFine/images/test/city/image_211_endo.png
/content/CityScapes/gtFine/images/test/city/image_212_endo.png
/content/CityScapes/gtFine/images/test/city/image_213_endo.png
/content/CityScapes/gtFine/images/test/city/image_214_endo.png
/content/CityScapes/gtFine/images/test/city/image_215_endo.png
/content/CityScapes/gtFine/images/test/city/image_216_endo.png
/content/CityScapes/gtFine/images/test/city/image_217_endo.png
/content/CityScapes/gtFine/images/test/city/image_218_endo.png
/content/CityScapes/gtFine/images/test/city/image_219_endo.png
/content/CityScapes/gtFine/images/test/city/image_21_endo.png
/content/CityScapes/gtFine/images/test/city/image_220_endo.png
/content/CityScapes/gtFine/images/test/city/image_221_endo.png
/content/CityScapes/gtFine/images/test/city/image_222_endo.png
/content/CityScapes/gtFine/images/test/city/image_223_endo.png
/content/CityScapes/gtFine/images/test/city/image_224_endo.png
/content/CityScapes/gtFine/images/test/city/image_225_endo.png
/content/CityScapes/gtFine/images/test/city/image_226_endo.png
/content/CityScapes/gtFine/images/test/city/image_227_endo.png
/content/CityScapes/gtFine/images/test/city/image_228_endo.png
/content/CityScapes/gtFine/images/test/city/image_229_endo.png
/content/CityScapes/gtFine/images/test/city/image_22_endo.png
/content/CityScapes/gtFine/images/test/city/image_230_endo.png
/content/CityScapes/gtFine/images/test/city/image_231_endo.png
/content/CityScapes/gtFine/images/test/city/image_232_endo.png
/content/CityScapes/gtFine/images/test/city/image_233_endo.png
/content/CityScapes/gtFine/images/test/city/image_234_endo.png
/content/CityScapes/gtFine/images/test/city/image_235_endo.png
/content/CityScapes/gtFine/images/test/city/image_236_endo.png
/content/CityScapes/gtFine/images/test/city/image_237_endo.png
/content/CityScapes/gtFine/images/test/city/image_238_endo.png
/content/CityScapes/gtFine/images/test/city/image_239_endo.png
/content/CityScapes/gtFine/images/test/city/image_23_endo.png
/content/CityScapes/gtFine/images/test/city/image_240_endo.png
/content/CityScapes/gtFine/images/test/city/image_241_endo.png
/content/CityScapes/gtFine/images/test/city/image_242_endo.png
/content/CityScapes/gtFine/images/test/city/image_243_endo.png
/content/CityScapes/gtFine/images/test/city/image_244_endo.png
/content/CityScapes/gtFine/images/test/city/image_245_endo.png
/content/CityScapes/gtFine/images/test/city/image_246_endo.png
/content/CityScapes/gtFine/images/test/city/image_247_endo.png
/content/CityScapes/gtFine/images/test/city/image_248_endo.png
/content/CityScapes/gtFine/images/test/city/image_249_endo.png
/content/CityScapes/gtFine/images/test/city/image_24_endo.png
/content/CityScapes/gtFine/images/test/city/image_250_endo.png
/content/CityScapes/gtFine/images/test/city/image_251_endo.png
/content/CityScapes/gtFine/images/test/city/image_252_endo.png
/content/CityScapes/gtFine/images/test/city/image_253_endo.png
/content/CityScapes/gtFine/images/test/city/image_254_endo.png
/content/CityScapes/gtFine/images/test/city/image_255_endo.png
/content/CityScapes/gtFine/images/test/city/image_256_endo.png
/content/CityScapes/gtFine/images/test/city/image_257_endo.png
/content/CityScapes/gtFine/images/test/city/image_258_endo.png
/content/CityScapes/gtFine/images/test/city/image_259_endo.png
/content/CityScapes/gtFine/images/test/city/image_25_endo.png
/content/CityScapes/gtFine/images/test/city/image_260_endo.png
/content/CityScapes/gtFine/images/test/city/image_261_endo.png
/content/CityScapes/gtFine/images/test/city/image_262_endo.png
/content/CityScapes/gtFine/images/test/city/image_263_endo.png
/content/CityScapes/gtFine/images/test/city/image_264_endo.png
/content/CityScapes/gtFine/images/test/city/image_265_endo.png
/content/CityScapes/gtFine/images/test/city/image_266_endo.png
/content/CityScapes/gtFine/images/test/city/image_267_endo.png
/content/CityScapes/gtFine/images/test/city/image_268_endo.png
/content/CityScapes/gtFine/images/test/city/image_269_endo.png
/content/CityScapes/gtFine/images/test/city/image_26_endo.png
/content/CityScapes/gtFine/images/test/city/image_270_endo.png
/content/CityScapes/gtFine/images/test/city/image_271_endo.png
/content/CityScapes/gtFine/images/test/city/image_272_endo.png
/content/CityScapes/gtFine/images/test/city/image_273_endo.png
/content/CityScapes/gtFine/images/test/city/image_274_endo.png
/content/CityScapes/gtFine/images/test/city/image_275_endo.png
/content/CityScapes/gtFine/images/test/city/image_276_endo.png
/content/CityScapes/gtFine/images/test/city/image_277_endo.png
/content/CityScapes/gtFine/images/test/city/image_278_endo.png
/content/CityScapes/gtFine/images/test/city/image_279_endo.png
/content/CityScapes/gtFine/images/test/city/image_27_endo.png
/content/CityScapes/gtFine/images/test/city/image_280_endo.png
/content/CityScapes/gtFine/images/test/city/image_281_endo.png
/content/CityScapes/gtFine/images/test/city/image_282_endo.png
/content/CityScapes/gtFine/images/test/city/image_283_endo.png
/content/CityScapes/gtFine/images/test/city/image_284_endo.png
/content/CityScapes/gtFine/images/test/city/image_285_endo.png
/content/CityScapes/gtFine/images/test/city/image_286_endo.png
/content/CityScapes/gtFine/images/test/city/image_287_endo.png
/content/CityScapes/gtFine/images/test/city/image_288_endo.png
/content/CityScapes/gtFine/images/test/city/image_289_endo.png
/content/CityScapes/gtFine/images/test/city/image_28_endo.png
/content/CityScapes/gtFine/images/test/city/image_290_endo.png
/content/CityScapes/gtFine/images/test/city/image_291_endo.png
/content/CityScapes/gtFine/images/test/city/image_292_endo.png
/content/CityScapes/gtFine/images/test/city/image_293_endo.png
/content/CityScapes/gtFine/images/test/city/image_294_endo.png
/content/CityScapes/gtFine/images/test/city/image_295_endo.png
/content/CityScapes/gtFine/images/test/city/image_296_endo.png
/content/CityScapes/gtFine/images/test/city/image_297_endo.png
/content/CityScapes/gtFine/images/test/city/image_298_endo.png
/content/CityScapes/gtFine/images/test/city/image_299_endo.png
/content/CityScapes/gtFine/images/test/city/image_29_endo.png
/content/CityScapes/gtFine/images/test/city/image_2_endo.png
/content/CityScapes/gtFine/images/test/city/image_300_endo.png
/content/CityScapes/gtFine/images/test/city/image_301_endo.png
/content/CityScapes/gtFine/images/test/city/image_302_endo.png
/content/CityScapes/gtFine/images/test/city/image_303_endo.png
/content/CityScapes/gtFine/images/test/city/image_304_endo.png
/content/CityScapes/gtFine/images/test/city/image_305_endo.png
/content/CityScapes/gtFine/images/test/city/image_306_endo.png
/content/CityScapes/gtFine/images/test/city/image_307_endo.png
/content/CityScapes/gtFine/images/test/city/image_308_endo.png
/content/CityScapes/gtFine/images/test/city/image_309_endo.png
/content/CityScapes/gtFine/images/test/city/image_30_endo.png
/content/CityScapes/gtFine/images/test/city/image_310_endo.png
/content/CityScapes/gtFine/images/test/city/image_311_endo.png
/content/CityScapes/gtFine/images/test/city/image_312_endo.png
/content/CityScapes/gtFine/images/test/city/image_313_endo.png
/content/CityScapes/gtFine/images/test/city/image_314_endo.png
/content/CityScapes/gtFine/images/test/city/image_315_endo.png
/content/CityScapes/gtFine/images/test/city/image_316_endo.png
/content/CityScapes/gtFine/images/test/city/image_317_endo.png
/content/CityScapes/gtFine/images/test/city/image_318_endo.png
/content/CityScapes/gtFine/images/test/city/image_319_endo.png
/content/CityScapes/gtFine/images/test/city/image_31_endo.png
/content/CityScapes/gtFine/images/test/city/image_320_endo.png
/content/CityScapes/gtFine/images/test/city/image_321_endo.png
/content/CityScapes/gtFine/images/test/city/image_322_endo.png
/content/CityScapes/gtFine/images/test/city/image_323_endo.png
/content/CityScapes/gtFine/images/test/city/image_324_endo.png
/content/CityScapes/gtFine/images/test/city/image_325_endo.png
/content/CityScapes/gtFine/images/test/city/image_326_endo.png
/content/CityScapes/gtFine/images/test/city/image_327_endo.png
/content/CityScapes/gtFine/images/test/city/image_328_endo.png
/content/CityScapes/gtFine/images/test/city/image_329_endo.png
/content/CityScapes/gtFine/images/test/city/image_32_endo.png
/content/CityScapes/gtFine/images/test/city/image_330_endo.png
/content/CityScapes/gtFine/images/test/city/image_331_endo.png
/content/CityScapes/gtFine/images/test/city/image_332_endo.png
/content/CityScapes/gtFine/images/test/city/image_333_endo.png
/content/CityScapes/gtFine/images/test/city/image_334_endo.png
/content/CityScapes/gtFine/images/test/city/image_335_endo.png
/content/CityScapes/gtFine/images/test/city/image_336_endo.png
/content/CityScapes/gtFine/images/test/city/image_337_endo.png
/content/CityScapes/gtFine/images/test/city/image_338_endo.png
/content/CityScapes/gtFine/images/test/city/image_339_endo.png
/content/CityScapes/gtFine/images/test/city/image_33_endo.png
/content/CityScapes/gtFine/images/test/city/image_340_endo.png
/content/CityScapes/gtFine/images/test/city/image_341_endo.png
/content/CityScapes/gtFine/images/test/city/image_342_endo.png
/content/CityScapes/gtFine/images/test/city/image_343_endo.png
/content/CityScapes/gtFine/images/test/city/image_344_endo.png
/content/CityScapes/gtFine/images/test/city/image_345_endo.png
/content/CityScapes/gtFine/images/test/city/image_346_endo.png
/content/CityScapes/gtFine/images/test/city/image_347_endo.png
/content/CityScapes/gtFine/images/test/city/image_348_endo.png
/content/CityScapes/gtFine/images/test/city/image_349_endo.png
/content/CityScapes/gtFine/images/test/city/image_34_endo.png
/content/CityScapes/gtFine/images/test/city/image_350_endo.png
/content/CityScapes/gtFine/images/test/city/image_351_endo.png
/content/CityScapes/gtFine/images/test/city/image_352_endo.png
/content/CityScapes/gtFine/images/test/city/image_353_endo.png
/content/CityScapes/gtFine/images/test/city/image_354_endo.png
/content/CityScapes/gtFine/images/test/city/image_355_endo.png
/content/CityScapes/gtFine/images/test/city/image_356_endo.png
/content/CityScapes/gtFine/images/test/city/image_357_endo.png
/content/CityScapes/gtFine/images/test/city/image_358_endo.png
/content/CityScapes/gtFine/images/test/city/image_359_endo.png
/content/CityScapes/gtFine/images/test/city/image_35_endo.png
/content/CityScapes/gtFine/images/test/city/image_360_endo.png
/content/CityScapes/gtFine/images/test/city/image_361_endo.png
/content/CityScapes/gtFine/images/test/city/image_362_endo.png
/content/CityScapes/gtFine/images/test/city/image_363_endo.png
/content/CityScapes/gtFine/images/test/city/image_364_endo.png
/content/CityScapes/gtFine/images/test/city/image_365_endo.png
/content/CityScapes/gtFine/images/test/city/image_366_endo.png
/content/CityScapes/gtFine/images/test/city/image_367_endo.png
/content/CityScapes/gtFine/images/test/city/image_368_endo.png
/content/CityScapes/gtFine/images/test/city/image_369_endo.png
/content/CityScapes/gtFine/images/test/city/image_36_endo.png
/content/CityScapes/gtFine/images/test/city/image_370_endo.png
/content/CityScapes/gtFine/images/test/city/image_371_endo.png
/content/CityScapes/gtFine/images/test/city/image_372_endo.png
/content/CityScapes/gtFine/images/test/city/image_373_endo.png
/content/CityScapes/gtFine/images/test/city/image_374_endo.png
/content/CityScapes/gtFine/images/test/city/image_375_endo.png
/content/CityScapes/gtFine/images/test/city/image_376_endo.png
/content/CityScapes/gtFine/images/test/city/image_377_endo.png
/content/CityScapes/gtFine/images/test/city/image_378_endo.png
/content/CityScapes/gtFine/images/test/city/image_379_endo.png
/content/CityScapes/gtFine/images/test/city/image_37_endo.png
/content/CityScapes/gtFine/images/test/city/image_380_endo.png
/content/CityScapes/gtFine/images/test/city/image_381_endo.png
/content/CityScapes/gtFine/images/test/city/image_382_endo.png
/content/CityScapes/gtFine/images/test/city/image_383_endo.png
/content/CityScapes/gtFine/images/test/city/image_384_endo.png
/content/CityScapes/gtFine/images/test/city/image_385_endo.png
/content/CityScapes/gtFine/images/test/city/image_386_endo.png
/content/CityScapes/gtFine/images/test/city/image_387_endo.png
/content/CityScapes/gtFine/images/test/city/image_388_endo.png
/content/CityScapes/gtFine/images/test/city/image_389_endo.png
/content/CityScapes/gtFine/images/test/city/image_38_endo.png
/content/CityScapes/gtFine/images/test/city/image_390_endo.png
/content/CityScapes/gtFine/images/test/city/image_391_endo.png
/content/CityScapes/gtFine/images/test/city/image_392_endo.png
/content/CityScapes/gtFine/images/test/city/image_393_endo.png
/content/CityScapes/gtFine/images/test/city/image_394_endo.png
/content/CityScapes/gtFine/images/test/city/image_395_endo.png
/content/CityScapes/gtFine/images/test/city/image_396_endo.png
/content/CityScapes/gtFine/images/test/city/image_397_endo.png
/content/CityScapes/gtFine/images/test/city/image_398_endo.png
/content/CityScapes/gtFine/images/test/city/image_399_endo.png
/content/CityScapes/gtFine/images/test/city/image_39_endo.png
/content/CityScapes/gtFine/images/test/city/image_3_endo.png
/content/CityScapes/gtFine/images/test/city/image_400_endo.png
/content/CityScapes/gtFine/images/test/city/image_401_endo.png
/content/CityScapes/gtFine/images/test/city/image_402_endo.png
/content/CityScapes/gtFine/images/test/city/image_403_endo.png
/content/CityScapes/gtFine/images/test/city/image_404_endo.png
/content/CityScapes/gtFine/images/test/city/image_405_endo.png
/content/CityScapes/gtFine/images/test/city/image_406_endo.png
/content/CityScapes/gtFine/images/test/city/image_407_endo.png
/content/CityScapes/gtFine/images/test/city/image_408_endo.png
/content/CityScapes/gtFine/images/test/city/image_409_endo.png
/content/CityScapes/gtFine/images/test/city/image_40_endo.png
/content/CityScapes/gtFine/images/test/city/image_410_endo.png
/content/CityScapes/gtFine/images/test/city/image_411_endo.png
/content/CityScapes/gtFine/images/test/city/image_412_endo.png
/content/CityScapes/gtFine/images/test/city/image_413_endo.png
/content/CityScapes/gtFine/images/test/city/image_414_endo.png
/content/CityScapes/gtFine/images/test/city/image_415_endo.png
/content/CityScapes/gtFine/images/test/city/image_416_endo.png
/content/CityScapes/gtFine/images/test/city/image_417_endo.png
/content/CityScapes/gtFine/images/test/city/image_418_endo.png
/content/CityScapes/gtFine/images/test/city/image_419_endo.png
/content/CityScapes/gtFine/images/test/city/image_41_endo.png
/content/CityScapes/gtFine/images/test/city/image_420_endo.png
/content/CityScapes/gtFine/images/test/city/image_421_endo.png
/content/CityScapes/gtFine/images/test/city/image_422_endo.png
/content/CityScapes/gtFine/images/test/city/image_423_endo.png
/content/CityScapes/gtFine/images/test/city/image_424_endo.png
/content/CityScapes/gtFine/images/test/city/image_425_endo.png
/content/CityScapes/gtFine/images/test/city/image_426_endo.png
/content/CityScapes/gtFine/images/test/city/image_427_endo.png
/content/CityScapes/gtFine/images/test/city/image_428_endo.png
/content/CityScapes/gtFine/images/test/city/image_429_endo.png
/content/CityScapes/gtFine/images/test/city/image_42_endo.png
/content/CityScapes/gtFine/images/test/city/image_430_endo.png
/content/CityScapes/gtFine/images/test/city/image_431_endo.png
/content/CityScapes/gtFine/images/test/city/image_432_endo.png
/content/CityScapes/gtFine/images/test/city/image_433_endo.png
/content/CityScapes/gtFine/images/test/city/image_434_endo.png
/content/CityScapes/gtFine/images/test/city/image_435_endo.png
/content/CityScapes/gtFine/images/test/city/image_436_endo.png
/content/CityScapes/gtFine/images/test/city/image_437_endo.png
/content/CityScapes/gtFine/images/test/city/image_438_endo.png
/content/CityScapes/gtFine/images/test/city/image_439_endo.png
/content/CityScapes/gtFine/images/test/city/image_43_endo.png
/content/CityScapes/gtFine/images/test/city/image_440_endo.png
/content/CityScapes/gtFine/images/test/city/image_441_endo.png
/content/CityScapes/gtFine/images/test/city/image_442_endo.png
/content/CityScapes/gtFine/images/test/city/image_443_endo.png
/content/CityScapes/gtFine/images/test/city/image_444_endo.png
/content/CityScapes/gtFine/images/test/city/image_445_endo.png
/content/CityScapes/gtFine/images/test/city/image_446_endo.png
/content/CityScapes/gtFine/images/test/city/image_447_endo.png
/content/CityScapes/gtFine/images/test/city/image_448_endo.png
/content/CityScapes/gtFine/images/test/city/image_449_endo.png
/content/CityScapes/gtFine/images/test/city/image_44_endo.png
/content/CityScapes/gtFine/images/test/city/image_450_endo.png
/content/CityScapes/gtFine/images/test/city/image_451_endo.png
/content/CityScapes/gtFine/images/test/city/image_452_endo.png
/content/CityScapes/gtFine/images/test/city/image_453_endo.png
/content/CityScapes/gtFine/images/test/city/image_454_endo.png
/content/CityScapes/gtFine/images/test/city/image_455_endo.png
/content/CityScapes/gtFine/images/test/city/image_456_endo.png
/content/CityScapes/gtFine/images/test/city/image_457_endo.png
/content/CityScapes/gtFine/images/test/city/image_458_endo.png
/content/CityScapes/gtFine/images/test/city/image_459_endo.png
/content/CityScapes/gtFine/images/test/city/image_45_endo.png
/content/CityScapes/gtFine/images/test/city/image_460_endo.png
/content/CityScapes/gtFine/images/test/city/image_461_endo.png
/content/CityScapes/gtFine/images/test/city/image_462_endo.png
/content/CityScapes/gtFine/images/test/city/image_463_endo.png
/content/CityScapes/gtFine/images/test/city/image_464_endo.png
/content/CityScapes/gtFine/images/test/city/image_465_endo.png
/content/CityScapes/gtFine/images/test/city/image_466_endo.png
/content/CityScapes/gtFine/images/test/city/image_467_endo.png
/content/CityScapes/gtFine/images/test/city/image_468_endo.png
/content/CityScapes/gtFine/images/test/city/image_469_endo.png
/content/CityScapes/gtFine/images/test/city/image_46_endo.png
/content/CityScapes/gtFine/images/test/city/image_470_endo.png
/content/CityScapes/gtFine/images/test/city/image_471_endo.png
/content/CityScapes/gtFine/images/test/city/image_472_endo.png
/content/CityScapes/gtFine/images/test/city/image_473_endo.png
/content/CityScapes/gtFine/images/test/city/image_474_endo.png
/content/CityScapes/gtFine/images/test/city/image_475_endo.png
/content/CityScapes/gtFine/images/test/city/image_476_endo.png
/content/CityScapes/gtFine/images/test/city/image_477_endo.png
/content/CityScapes/gtFine/images/test/city/image_478_endo.png
/content/CityScapes/gtFine/images/test/city/image_479_endo.png
/content/CityScapes/gtFine/images/test/city/image_47_endo.png
/content/CityScapes/gtFine/images/test/city/image_480_endo.png
/content/CityScapes/gtFine/images/test/city/image_481_endo.png
/content/CityScapes/gtFine/images/test/city/image_482_endo.png
/content/CityScapes/gtFine/images/test/city/image_483_endo.png
/content/CityScapes/gtFine/images/test/city/image_484_endo.png
/content/CityScapes/gtFine/images/test/city/image_485_endo.png
/content/CityScapes/gtFine/images/test/city/image_486_endo.png
/content/CityScapes/gtFine/images/test/city/image_487_endo.png
/content/CityScapes/gtFine/images/test/city/image_488_endo.png
/content/CityScapes/gtFine/images/test/city/image_489_endo.png
/content/CityScapes/gtFine/images/test/city/image_48_endo.png
/content/CityScapes/gtFine/images/test/city/image_490_endo.png
/content/CityScapes/gtFine/images/test/city/image_491_endo.png
/content/CityScapes/gtFine/images/test/city/image_492_endo.png
/content/CityScapes/gtFine/images/test/city/image_493_endo.png
/content/CityScapes/gtFine/images/test/city/image_494_endo.png
/content/CityScapes/gtFine/images/test/city/image_495_endo.png
/content/CityScapes/gtFine/images/test/city/image_496_endo.png
/content/CityScapes/gtFine/images/test/city/image_497_endo.png
/content/CityScapes/gtFine/images/test/city/image_498_endo.png
/content/CityScapes/gtFine/images/test/city/image_499_endo.png
/content/CityScapes/gtFine/images/test/city/image_49_endo.png
/content/CityScapes/gtFine/images/test/city/image_4_endo.png
/content/CityScapes/gtFine/images/test/city/image_50_endo.png
/content/CityScapes/gtFine/images/test/city/image_51_endo.png
/content/CityScapes/gtFine/images/test/city/image_52_endo.png
/content/CityScapes/gtFine/images/test/city/image_53_endo.png
/content/CityScapes/gtFine/images/test/city/image_54_endo.png
/content/CityScapes/gtFine/images/test/city/image_55_endo.png
/content/CityScapes/gtFine/images/test/city/image_56_endo.png
/content/CityScapes/gtFine/images/test/city/image_57_endo.png
/content/CityScapes/gtFine/images/test/city/image_58_endo.png
/content/CityScapes/gtFine/images/test/city/image_59_endo.png
/content/CityScapes/gtFine/images/test/city/image_5_endo.png
/content/CityScapes/gtFine/images/test/city/image_60_endo.png
/content/CityScapes/gtFine/images/test/city/image_61_endo.png
/content/CityScapes/gtFine/images/test/city/image_62_endo.png
/content/CityScapes/gtFine/images/test/city/image_63_endo.png
/content/CityScapes/gtFine/images/test/city/image_64_endo.png
/content/CityScapes/gtFine/images/test/city/image_65_endo.png
/content/CityScapes/gtFine/images/test/city/image_66_endo.png
/content/CityScapes/gtFine/images/test/city/image_67_endo.png
/content/CityScapes/gtFine/images/test/city/image_68_endo.png
/content/CityScapes/gtFine/images/test/city/image_69_endo.png
/content/CityScapes/gtFine/images/test/city/image_6_endo.png
/content/CityScapes/gtFine/images/test/city/image_70_endo.png
/content/CityScapes/gtFine/images/test/city/image_71_endo.png
/content/CityScapes/gtFine/images/test/city/image_72_endo.png
/content/CityScapes/gtFine/images/test/city/image_73_endo.png
/content/CityScapes/gtFine/images/test/city/image_74_endo.png
/content/CityScapes/gtFine/images/test/city/image_75_endo.png
/content/CityScapes/gtFine/images/test/city/image_76_endo.png
/content/CityScapes/gtFine/images/test/city/image_77_endo.png
/content/CityScapes/gtFine/images/test/city/image_78_endo.png
/content/CityScapes/gtFine/images/test/city/image_79_endo.png
/content/CityScapes/gtFine/images/test/city/image_7_endo.png
/content/CityScapes/gtFine/images/test/city/image_80_endo.png
/content/CityScapes/gtFine/images/test/city/image_81_endo.png
/content/CityScapes/gtFine/images/test/city/image_82_endo.png
/content/CityScapes/gtFine/images/test/city/image_83_endo.png
/content/CityScapes/gtFine/images/test/city/image_84_endo.png
/content/CityScapes/gtFine/images/test/city/image_85_endo.png
/content/CityScapes/gtFine/images/test/city/image_86_endo.png
/content/CityScapes/gtFine/images/test/city/image_87_endo.png
/content/CityScapes/gtFine/images/test/city/image_88_endo.png
/content/CityScapes/gtFine/images/test/city/image_89_endo.png
/content/CityScapes/gtFine/images/test/city/image_8_endo.png
/content/CityScapes/gtFine/images/test/city/image_90_endo.png
/content/CityScapes/gtFine/images/test/city/image_91_endo.png
/content/CityScapes/gtFine/images/test/city/image_92_endo.png
/content/CityScapes/gtFine/images/test/city/image_93_endo.png
/content/CityScapes/gtFine/images/test/city/image_94_endo.png
/content/CityScapes/gtFine/images/test/city/image_95_endo.png
/content/CityScapes/gtFine/images/test/city/image_96_endo.png
/content/CityScapes/gtFine/images/test/city/image_97_endo.png
/content/CityScapes/gtFine/images/test/city/image_98_endo.png
/content/CityScapes/gtFine/images/test/city/image_99_endo.png
/content/CityScapes/gtFine/images/test/city/image_9_endo.png
