/content/CityScapes/gtFine/images/test/city/image_00000_endo.png
/content/CityScapes/gtFine/images/test/city/image_00001_endo.png
/content/CityScapes/gtFine/images/test/city/image_00002_endo.png
/content/CityScapes/gtFine/images/test/city/image_00003_endo.png
/content/CityScapes/gtFine/images/test/city/image_00004_endo.png
/content/CityScapes/gtFine/images/test/city/image_00005_endo.png
/content/CityScapes/gtFine/images/test/city/image_00006_endo.png
/content/CityScapes/gtFine/images/test/city/image_00007_endo.png
/content/CityScapes/gtFine/images/test/city/image_00008_endo.png
/content/CityScapes/gtFine/images/test/city/image_00009_endo.png
/content/CityScapes/gtFine/images/test/city/image_00010_endo.png
/content/CityScapes/gtFine/images/test/city/image_00011_endo.png
/content/CityScapes/gtFine/images/test/city/image_00012_endo.png
/content/CityScapes/gtFine/images/test/city/image_00013_endo.png
/content/CityScapes/gtFine/images/test/city/image_00014_endo.png
/content/CityScapes/gtFine/images/test/city/image_00015_endo.png
/content/CityScapes/gtFine/images/test/city/image_00016_endo.png
/content/CityScapes/gtFine/images/test/city/image_00017_endo.png
/content/CityScapes/gtFine/images/test/city/image_00018_endo.png
/content/CityScapes/gtFine/images/test/city/image_00019_endo.png
/content/CityScapes/gtFine/images/test/city/image_00020_endo.png
/content/CityScapes/gtFine/images/test/city/image_00021_endo.png
/content/CityScapes/gtFine/images/test/city/image_00022_endo.png
/content/CityScapes/gtFine/images/test/city/image_00023_endo.png
/content/CityScapes/gtFine/images/test/city/image_00024_endo.png
/content/CityScapes/gtFine/images/test/city/image_00025_endo.png
/content/CityScapes/gtFine/images/test/city/image_00026_endo.png
/content/CityScapes/gtFine/images/test/city/image_00027_endo.png
/content/CityScapes/gtFine/images/test/city/image_00028_endo.png
/content/CityScapes/gtFine/images/test/city/image_00029_endo.png
/content/CityScapes/gtFine/images/test/city/image_00030_endo.png
/content/CityScapes/gtFine/images/test/city/image_00031_endo.png
/content/CityScapes/gtFine/images/test/city/image_00032_endo.png
/content/CityScapes/gtFine/images/test/city/image_00033_endo.png
/content/CityScapes/gtFine/images/test/city/image_00034_endo.png
/content/CityScapes/gtFine/images/test/city/image_00035_endo.png
/content/CityScapes/gtFine/images/test/city/image_00036_endo.png
/content/CityScapes/gtFine/images/test/city/image_00037_endo.png
/content/CityScapes/gtFine/images/test/city/image_00038_endo.png
/content/CityScapes/gtFine/images/test/city/image_00039_endo.png
/content/CityScapes/gtFine/images/test/city/image_00040_endo.png
/content/CityScapes/gtFine/images/test/city/image_00041_endo.png
/content/CityScapes/gtFine/images/test/city/image_00042_endo.png
/content/CityScapes/gtFine/images/test/city/image_00043_endo.png
/content/CityScapes/gtFine/images/test/city/image_00044_endo.png
/content/CityScapes/gtFine/images/test/city/image_00045_endo.png
/content/CityScapes/gtFine/images/test/city/image_00046_endo.png
/content/CityScapes/gtFine/images/test/city/image_00047_endo.png
/content/CityScapes/gtFine/images/test/city/image_00048_endo.png
/content/CityScapes/gtFine/images/test/city/image_00049_endo.png
/content/CityScapes/gtFine/images/test/city/image_00050_endo.png
/content/CityScapes/gtFine/images/test/city/image_00051_endo.png
/content/CityScapes/gtFine/images/test/city/image_00052_endo.png
/content/CityScapes/gtFine/images/test/city/image_00053_endo.png
/content/CityScapes/gtFine/images/test/city/image_00054_endo.png
/content/CityScapes/gtFine/images/test/city/image_00055_endo.png
/content/CityScapes/gtFine/images/test/city/image_00056_endo.png
/content/CityScapes/gtFine/images/test/city/image_00057_endo.png
/content/CityScapes/gtFine/images/test/city/image_00058_endo.png
/content/CityScapes/gtFine/images/test/city/image_00059_endo.png
/content/CityScapes/gtFine/images/test/city/image_00060_endo.png
/content/CityScapes/gtFine/images/test/city/image_00061_endo.png
/content/CityScapes/gtFine/images/test/city/image_00062_endo.png
/content/CityScapes/gtFine/images/test/city/image_00063_endo.png
/content/CityScapes/gtFine/images/test/city/image_00064_endo.png
/content/CityScapes/gtFine/images/test/city/image_00065_endo.png
/content/CityScapes/gtFine/images/test/city/image_00066_endo.png
/content/CityScapes/gtFine/images/test/city/image_00067_endo.png
/content/CityScapes/gtFine/images/test/city/image_00068_endo.png
/content/CityScapes/gtFine/images/test/city/image_00069_endo.png
/content/CityScapes/gtFine/images/test/city/image_00070_endo.png
/content/CityScapes/gtFine/images/test/city/image_00071_endo.png
/content/CityScapes/gtFine/images/test/city/image_00072_endo.png
/content/CityScapes/gtFine/images/test/city/image_00073_endo.png
/content/CityScapes/gtFine/images/test/city/image_00074_endo.png
/content/CityScapes/gtFine/images/test/city/image_00075_endo.png
/content/CityScapes/gtFine/images/test/city/image_00076_endo.png
/content/CityScapes/gtFine/images/test/city/image_00077_endo.png
/content/CityScapes/gtFine/images/test/city/image_00078_endo.png
/content/CityScapes/gtFine/images/test/city/image_00079_endo.png
/content/CityScapes/gtFine/images/test/city/image_00080_endo.png
/content/CityScapes/gtFine/images/test/city/image_00081_endo.png
/content/CityScapes/gtFine/images/test/city/image_00082_endo.png
/content/CityScapes/gtFine/images/test/city/image_00083_endo.png
/content/CityScapes/gtFine/images/test/city/image_00084_endo.png
/content/CityScapes/gtFine/images/test/city/image_00085_endo.png
/content/CityScapes/gtFine/images/test/city/image_00086_endo.png
/content/CityScapes/gtFine/images/test/city/image_00087_endo.png
/content/CityScapes/gtFine/images/test/city/image_00088_endo.png
/content/CityScapes/gtFine/images/test/city/image_00089_endo.png
/content/CityScapes/gtFine/images/test/city/image_00090_endo.png
/content/CityScapes/gtFine/images/test/city/image_00091_endo.png
/content/CityScapes/gtFine/images/test/city/image_00092_endo.png
/content/CityScapes/gtFine/images/test/city/image_00093_endo.png
/content/CityScapes/gtFine/images/test/city/image_00094_endo.png
/content/CityScapes/gtFine/images/test/city/image_00095_endo.png
/content/CityScapes/gtFine/images/test/city/image_00096_endo.png
/content/CityScapes/gtFine/images/test/city/image_00097_endo.png
/content/CityScapes/gtFine/images/test/city/image_00098_endo.png
/content/CityScapes/gtFine/images/test/city/image_00099_endo.png
/content/CityScapes/gtFine/images/test/city/image_00100_endo.png
/content/CityScapes/gtFine/images/test/city/image_00101_endo.png
/content/CityScapes/gtFine/images/test/city/image_00102_endo.png
/content/CityScapes/gtFine/images/test/city/image_00103_endo.png
/content/CityScapes/gtFine/images/test/city/image_00104_endo.png
/content/CityScapes/gtFine/images/test/city/image_00105_endo.png
/content/CityScapes/gtFine/images/test/city/image_00106_endo.png
/content/CityScapes/gtFine/images/test/city/image_00107_endo.png
/content/CityScapes/gtFine/images/test/city/image_00108_endo.png
/content/CityScapes/gtFine/images/test/city/image_00109_endo.png
/content/CityScapes/gtFine/images/test/city/image_00110_endo.png
/content/CityScapes/gtFine/images/test/city/image_00111_endo.png
/content/CityScapes/gtFine/images/test/city/image_00112_endo.png
/content/CityScapes/gtFine/images/test/city/image_00113_endo.png
/content/CityScapes/gtFine/images/test/city/image_00114_endo.png
/content/CityScapes/gtFine/images/test/city/image_00115_endo.png
/content/CityScapes/gtFine/images/test/city/image_00116_endo.png
/content/CityScapes/gtFine/images/test/city/image_00117_endo.png
/content/CityScapes/gtFine/images/test/city/image_00118_endo.png
/content/CityScapes/gtFine/images/test/city/image_00119_endo.png
/content/CityScapes/gtFine/images/test/city/image_00120_endo.png
/content/CityScapes/gtFine/images/test/city/image_00121_endo.png
/content/CityScapes/gtFine/images/test/city/image_00122_endo.png
/content/CityScapes/gtFine/images/test/city/image_00123_endo.png
/content/CityScapes/gtFine/images/test/city/image_00124_endo.png
/content/CityScapes/gtFine/images/test/city/image_00125_endo.png
/content/CityScapes/gtFine/images/test/city/image_00126_endo.png
/content/CityScapes/gtFine/images/test/city/image_00127_endo.png
/content/CityScapes/gtFine/images/test/city/image_00128_endo.png
/content/CityScapes/gtFine/images/test/city/image_00129_endo.png
/content/CityScapes/gtFine/images/test/city/image_00130_endo.png
/content/CityScapes/gtFine/images/test/city/image_00131_endo.png
/content/CityScapes/gtFine/images/test/city/image_00132_endo.png
/content/CityScapes/gtFine/images/test/city/image_00133_endo.png
/content/CityScapes/gtFine/images/test/city/image_00134_endo.png
/content/CityScapes/gtFine/images/test/city/image_00135_endo.png
/content/CityScapes/gtFine/images/test/city/image_00136_endo.png
/content/CityScapes/gtFine/images/test/city/image_00137_endo.png
/content/CityScapes/gtFine/images/test/city/image_00138_endo.png
/content/CityScapes/gtFine/images/test/city/image_00139_endo.png
/content/CityScapes/gtFine/images/test/city/image_00140_endo.png
/content/CityScapes/gtFine/images/test/city/image_00141_endo.png
/content/CityScapes/gtFine/images/test/city/image_00142_endo.png
/content/CityScapes/gtFine/images/test/city/image_00143_endo.png
/content/CityScapes/gtFine/images/test/city/image_00144_endo.png
/content/CityScapes/gtFine/images/test/city/image_00145_endo.png
/content/CityScapes/gtFine/images/test/city/image_00146_endo.png
/content/CityScapes/gtFine/images/test/city/image_00147_endo.png
/content/CityScapes/gtFine/images/test/city/image_00148_endo.png
/content/CityScapes/gtFine/images/test/city/image_00149_endo.png
/content/CityScapes/gtFine/images/test/city/image_00150_endo.png
/content/CityScapes/gtFine/images/test/city/image_00151_endo.png
/content/CityScapes/gtFine/images/test/city/image_00152_endo.png
/content/CityScapes/gtFine/images/test/city/image_00153_endo.png
/content/CityScapes/gtFine/images/test/city/image_00154_endo.png
/content/CityScapes/gtFine/images/test/city/image_00155_endo.png
/content/CityScapes/gtFine/images/test/city/image_00156_endo.png
/content/CityScapes/gtFine/images/test/city/image_00157_endo.png
/content/CityScapes/gtFine/images/test/city/image_00158_endo.png
/content/CityScapes/gtFine/images/test/city/image_00159_endo.png
/content/CityScapes/gtFine/images/test/city/image_00160_endo.png
/content/CityScapes/gtFine/images/test/city/image_00161_endo.png
/content/CityScapes/gtFine/images/test/city/image_00162_endo.png
/content/CityScapes/gtFine/images/test/city/image_00163_endo.png
/content/CityScapes/gtFine/images/test/city/image_00164_endo.png
/content/CityScapes/gtFine/images/test/city/image_00165_endo.png
/content/CityScapes/gtFine/images/test/city/image_00166_endo.png
/content/CityScapes/gtFine/images/test/city/image_00167_endo.png
/content/CityScapes/gtFine/images/test/city/image_00168_endo.png
/content/CityScapes/gtFine/images/test/city/image_00169_endo.png
/content/CityScapes/gtFine/images/test/city/image_00170_endo.png
/content/CityScapes/gtFine/images/test/city/image_00171_endo.png
/content/CityScapes/gtFine/images/test/city/image_00172_endo.png
/content/CityScapes/gtFine/images/test/city/image_00173_endo.png
/content/CityScapes/gtFine/images/test/city/image_00174_endo.png
/content/CityScapes/gtFine/images/test/city/image_00175_endo.png
/content/CityScapes/gtFine/images/test/city/image_00176_endo.png
/content/CityScapes/gtFine/images/test/city/image_00177_endo.png
/content/CityScapes/gtFine/images/test/city/image_00178_endo.png
/content/CityScapes/gtFine/images/test/city/image_00179_endo.png
/content/CityScapes/gtFine/images/test/city/image_00180_endo.png
/content/CityScapes/gtFine/images/test/city/image_00181_endo.png
/content/CityScapes/gtFine/images/test/city/image_00182_endo.png
/content/CityScapes/gtFine/images/test/city/image_00183_endo.png
/content/CityScapes/gtFine/images/test/city/image_00184_endo.png
/content/CityScapes/gtFine/images/test/city/image_00185_endo.png
/content/CityScapes/gtFine/images/test/city/image_00186_endo.png
/content/CityScapes/gtFine/images/test/city/image_00187_endo.png
/content/CityScapes/gtFine/images/test/city/image_00188_endo.png
/content/CityScapes/gtFine/images/test/city/image_00189_endo.png
/content/CityScapes/gtFine/images/test/city/image_00190_endo.png
/content/CityScapes/gtFine/images/test/city/image_00191_endo.png
/content/CityScapes/gtFine/images/test/city/image_00192_endo.png
/content/CityScapes/gtFine/images/test/city/image_00193_endo.png
/content/CityScapes/gtFine/images/test/city/image_00194_endo.png
/content/CityScapes/gtFine/images/test/city/image_00195_endo.png
/content/CityScapes/gtFine/images/test/city/image_00196_endo.png
/content/CityScapes/gtFine/images/test/city/image_00197_endo.png
/content/CityScapes/gtFine/images/test/city/image_00198_endo.png
/content/CityScapes/gtFine/images/test/city/image_00199_endo.png
/content/CityScapes/gtFine/images/test/city/image_00200_endo.png
/content/CityScapes/gtFine/images/test/city/image_00201_endo.png
/content/CityScapes/gtFine/images/test/city/image_00202_endo.png
/content/CityScapes/gtFine/images/test/city/image_00203_endo.png
/content/CityScapes/gtFine/images/test/city/image_00204_endo.png
/content/CityScapes/gtFine/images/test/city/image_00205_endo.png
/content/CityScapes/gtFine/images/test/city/image_00206_endo.png
/content/CityScapes/gtFine/images/test/city/image_00207_endo.png
/content/CityScapes/gtFine/images/test/city/image_00208_endo.png
/content/CityScapes/gtFine/images/test/city/image_00209_endo.png
/content/CityScapes/gtFine/images/test/city/image_00210_endo.png
/content/CityScapes/gtFine/images/test/city/image_00211_endo.png
/content/CityScapes/gtFine/images/test/city/image_00212_endo.png
/content/CityScapes/gtFine/images/test/city/image_00213_endo.png
/content/CityScapes/gtFine/images/test/city/image_00214_endo.png
/content/CityScapes/gtFine/images/test/city/image_00215_endo.png
/content/CityScapes/gtFine/images/test/city/image_00216_endo.png
/content/CityScapes/gtFine/images/test/city/image_00217_endo.png
/content/CityScapes/gtFine/images/test/city/image_00218_endo.png
/content/CityScapes/gtFine/images/test/city/image_00219_endo.png
/content/CityScapes/gtFine/images/test/city/image_00220_endo.png
/content/CityScapes/gtFine/images/test/city/image_00221_endo.png
/content/CityScapes/gtFine/images/test/city/image_00222_endo.png
/content/CityScapes/gtFine/images/test/city/image_00223_endo.png
/content/CityScapes/gtFine/images/test/city/image_00224_endo.png
/content/CityScapes/gtFine/images/test/city/image_00225_endo.png
/content/CityScapes/gtFine/images/test/city/image_00226_endo.png
/content/CityScapes/gtFine/images/test/city/image_00227_endo.png
/content/CityScapes/gtFine/images/test/city/image_00228_endo.png
/content/CityScapes/gtFine/images/test/city/image_00229_endo.png
/content/CityScapes/gtFine/images/test/city/image_00230_endo.png
/content/CityScapes/gtFine/images/test/city/image_00231_endo.png
/content/CityScapes/gtFine/images/test/city/image_00232_endo.png
/content/CityScapes/gtFine/images/test/city/image_00233_endo.png
/content/CityScapes/gtFine/images/test/city/image_00234_endo.png
/content/CityScapes/gtFine/images/test/city/image_00235_endo.png
/content/CityScapes/gtFine/images/test/city/image_00236_endo.png
/content/CityScapes/gtFine/images/test/city/image_00237_endo.png
/content/CityScapes/gtFine/images/test/city/image_00238_endo.png
/content/CityScapes/gtFine/images/test/city/image_00239_endo.png
/content/CityScapes/gtFine/images/test/city/image_00240_endo.png
/content/CityScapes/gtFine/images/test/city/image_00241_endo.png
/content/CityScapes/gtFine/images/test/city/image_00242_endo.png
/content/CityScapes/gtFine/images/test/city/image_00243_endo.png
/content/CityScapes/gtFine/images/test/city/image_00244_endo.png
/content/CityScapes/gtFine/images/test/city/image_00245_endo.png
/content/CityScapes/gtFine/images/test/city/image_00246_endo.png
/content/CityScapes/gtFine/images/test/city/image_00247_endo.png
/content/CityScapes/gtFine/images/test/city/image_00248_endo.png
/content/CityScapes/gtFine/images/test/city/image_00249_endo.png
/content/CityScapes/gtFine/images/test/city/image_00250_endo.png
/content/CityScapes/gtFine/images/test/city/image_00251_endo.png
/content/CityScapes/gtFine/images/test/city/image_00252_endo.png
/content/CityScapes/gtFine/images/test/city/image_00253_endo.png
/content/CityScapes/gtFine/images/test/city/image_00254_endo.png
/content/CityScapes/gtFine/images/test/city/image_00255_endo.png
/content/CityScapes/gtFine/images/test/city/image_00256_endo.png
/content/CityScapes/gtFine/images/test/city/image_00257_endo.png
/content/CityScapes/gtFine/images/test/city/image_00258_endo.png
/content/CityScapes/gtFine/images/test/city/image_00259_endo.png
/content/CityScapes/gtFine/images/test/city/image_00260_endo.png
/content/CityScapes/gtFine/images/test/city/image_00261_endo.png
/content/CityScapes/gtFine/images/test/city/image_00262_endo.png
/content/CityScapes/gtFine/images/test/city/image_00263_endo.png
/content/CityScapes/gtFine/images/test/city/image_00264_endo.png
/content/CityScapes/gtFine/images/test/city/image_00265_endo.png
/content/CityScapes/gtFine/images/test/city/image_00266_endo.png
/content/CityScapes/gtFine/images/test/city/image_00267_endo.png
/content/CityScapes/gtFine/images/test/city/image_00268_endo.png
/content/CityScapes/gtFine/images/test/city/image_00269_endo.png
/content/CityScapes/gtFine/images/test/city/image_00270_endo.png
/content/CityScapes/gtFine/images/test/city/image_00271_endo.png
/content/CityScapes/gtFine/images/test/city/image_00272_endo.png
/content/CityScapes/gtFine/images/test/city/image_00273_endo.png
/content/CityScapes/gtFine/images/test/city/image_00274_endo.png
/content/CityScapes/gtFine/images/test/city/image_00275_endo.png
/content/CityScapes/gtFine/images/test/city/image_00276_endo.png
/content/CityScapes/gtFine/images/test/city/image_00277_endo.png
/content/CityScapes/gtFine/images/test/city/image_00278_endo.png
/content/CityScapes/gtFine/images/test/city/image_00279_endo.png
/content/CityScapes/gtFine/images/test/city/image_00280_endo.png
/content/CityScapes/gtFine/images/test/city/image_00281_endo.png
/content/CityScapes/gtFine/images/test/city/image_00282_endo.png
/content/CityScapes/gtFine/images/test/city/image_00283_endo.png
/content/CityScapes/gtFine/images/test/city/image_00284_endo.png
/content/CityScapes/gtFine/images/test/city/image_00285_endo.png
/content/CityScapes/gtFine/images/test/city/image_00286_endo.png
/content/CityScapes/gtFine/images/test/city/image_00287_endo.png
/content/CityScapes/gtFine/images/test/city/image_00288_endo.png
/content/CityScapes/gtFine/images/test/city/image_00289_endo.png
/content/CityScapes/gtFine/images/test/city/image_00290_endo.png
/content/CityScapes/gtFine/images/test/city/image_00291_endo.png
/content/CityScapes/gtFine/images/test/city/image_00292_endo.png
/content/CityScapes/gtFine/images/test/city/image_00293_endo.png
/content/CityScapes/gtFine/images/test/city/image_00294_endo.png
/content/CityScapes/gtFine/images/test/city/image_00295_endo.png
/content/CityScapes/gtFine/images/test/city/image_00296_endo.png
/content/CityScapes/gtFine/images/test/city/image_00297_endo.png
/content/CityScapes/gtFine/images/test/city/image_00298_endo.png
/content/CityScapes/gtFine/images/test/city/image_00299_endo.png
/content/CityScapes/gtFine/images/test/city/image_00300_endo.png
/content/CityScapes/gtFine/images/test/city/image_00301_endo.png
/content/CityScapes/gtFine/images/test/city/image_00302_endo.png
/content/CityScapes/gtFine/images/test/city/image_00303_endo.png
/content/CityScapes/gtFine/images/test/city/image_00304_endo.png
/content/CityScapes/gtFine/images/test/city/image_00305_endo.png
/content/CityScapes/gtFine/images/test/city/image_00306_endo.png
/content/CityScapes/gtFine/images/test/city/image_00307_endo.png
/content/CityScapes/gtFine/images/test/city/image_00308_endo.png
/content/CityScapes/gtFine/images/test/city/image_00309_endo.png
/content/CityScapes/gtFine/images/test/city/image_00310_endo.png
/content/CityScapes/gtFine/images/test/city/image_00311_endo.png
/content/CityScapes/gtFine/images/test/city/image_00312_endo.png
/content/CityScapes/gtFine/images/test/city/image_00313_endo.png
/content/CityScapes/gtFine/images/test/city/image_00314_endo.png
/content/CityScapes/gtFine/images/test/city/image_00315_endo.png
/content/CityScapes/gtFine/images/test/city/image_00316_endo.png
/content/CityScapes/gtFine/images/test/city/image_00317_endo.png
/content/CityScapes/gtFine/images/test/city/image_00318_endo.png
/content/CityScapes/gtFine/images/test/city/image_00319_endo.png
/content/CityScapes/gtFine/images/test/city/image_00320_endo.png
/content/CityScapes/gtFine/images/test/city/image_00321_endo.png
/content/CityScapes/gtFine/images/test/city/image_00322_endo.png
/content/CityScapes/gtFine/images/test/city/image_00323_endo.png
/content/CityScapes/gtFine/images/test/city/image_00324_endo.png
/content/CityScapes/gtFine/images/test/city/image_00325_endo.png
/content/CityScapes/gtFine/images/test/city/image_00326_endo.png
/content/CityScapes/gtFine/images/test/city/image_00327_endo.png
/content/CityScapes/gtFine/images/test/city/image_00328_endo.png
/content/CityScapes/gtFine/images/test/city/image_00329_endo.png
/content/CityScapes/gtFine/images/test/city/image_00330_endo.png
/content/CityScapes/gtFine/images/test/city/image_00331_endo.png
/content/CityScapes/gtFine/images/test/city/image_00332_endo.png
/content/CityScapes/gtFine/images/test/city/image_00333_endo.png
/content/CityScapes/gtFine/images/test/city/image_00334_endo.png
/content/CityScapes/gtFine/images/test/city/image_00335_endo.png
/content/CityScapes/gtFine/images/test/city/image_00336_endo.png
/content/CityScapes/gtFine/images/test/city/image_00337_endo.png
/content/CityScapes/gtFine/images/test/city/image_00338_endo.png
/content/CityScapes/gtFine/images/test/city/image_00339_endo.png
/content/CityScapes/gtFine/images/test/city/image_00340_endo.png
/content/CityScapes/gtFine/images/test/city/image_00341_endo.png
/content/CityScapes/gtFine/images/test/city/image_00342_endo.png
/content/CityScapes/gtFine/images/test/city/image_00343_endo.png
/content/CityScapes/gtFine/images/test/city/image_00344_endo.png
/content/CityScapes/gtFine/images/test/city/image_00345_endo.png
/content/CityScapes/gtFine/images/test/city/image_00346_endo.png
/content/CityScapes/gtFine/images/test/city/image_00347_endo.png
/content/CityScapes/gtFine/images/test/city/image_00348_endo.png
/content/CityScapes/gtFine/images/test/city/image_00349_endo.png
/content/CityScapes/gtFine/images/test/city/image_00350_endo.png
/content/CityScapes/gtFine/images/test/city/image_00351_endo.png
/content/CityScapes/gtFine/images/test/city/image_00352_endo.png
/content/CityScapes/gtFine/images/test/city/image_00353_endo.png
/content/CityScapes/gtFine/images/test/city/image_00354_endo.png
/content/CityScapes/gtFine/images/test/city/image_00355_endo.png
/content/CityScapes/gtFine/images/test/city/image_00356_endo.png
/content/CityScapes/gtFine/images/test/city/image_00357_endo.png
/content/CityScapes/gtFine/images/test/city/image_00358_endo.png
/content/CityScapes/gtFine/images/test/city/image_00359_endo.png
/content/CityScapes/gtFine/images/test/city/image_00360_endo.png
/content/CityScapes/gtFine/images/test/city/image_00361_endo.png
/content/CityScapes/gtFine/images/test/city/image_00362_endo.png
/content/CityScapes/gtFine/images/test/city/image_00363_endo.png
/content/CityScapes/gtFine/images/test/city/image_00364_endo.png
/content/CityScapes/gtFine/images/test/city/image_00365_endo.png
/content/CityScapes/gtFine/images/test/city/image_00366_endo.png
/content/CityScapes/gtFine/images/test/city/image_00367_endo.png
/content/CityScapes/gtFine/images/test/city/image_00368_endo.png
/content/CityScapes/gtFine/images/test/city/image_00369_endo.png
/content/CityScapes/gtFine/images/test/city/image_00370_endo.png
/content/CityScapes/gtFine/images/test/city/image_00371_endo.png
/content/CityScapes/gtFine/images/test/city/image_00372_endo.png
/content/CityScapes/gtFine/images/test/city/image_00373_endo.png
/content/CityScapes/gtFine/images/test/city/image_00374_endo.png
/content/CityScapes/gtFine/images/test/city/image_00375_endo.png
/content/CityScapes/gtFine/images/test/city/image_00376_endo.png
/content/CityScapes/gtFine/images/test/city/image_00377_endo.png
/content/CityScapes/gtFine/images/test/city/image_00378_endo.png
/content/CityScapes/gtFine/images/test/city/image_00379_endo.png
/content/CityScapes/gtFine/images/test/city/image_00380_endo.png
/content/CityScapes/gtFine/images/test/city/image_00381_endo.png
/content/CityScapes/gtFine/images/test/city/image_00382_endo.png
/content/CityScapes/gtFine/images/test/city/image_00383_endo.png
/content/CityScapes/gtFine/images/test/city/image_00384_endo.png
/content/CityScapes/gtFine/images/test/city/image_00385_endo.png
/content/CityScapes/gtFine/images/test/city/image_00386_endo.png
/content/CityScapes/gtFine/images/test/city/image_00387_endo.png
/content/CityScapes/gtFine/images/test/city/image_00388_endo.png
/content/CityScapes/gtFine/images/test/city/image_00389_endo.png
/content/CityScapes/gtFine/images/test/city/image_00390_endo.png
/content/CityScapes/gtFine/images/test/city/image_00391_endo.png
/content/CityScapes/gtFine/images/test/city/image_00392_endo.png
/content/CityScapes/gtFine/images/test/city/image_00393_endo.png
/content/CityScapes/gtFine/images/test/city/image_00394_endo.png
/content/CityScapes/gtFine/images/test/city/image_00395_endo.png
/content/CityScapes/gtFine/images/test/city/image_00396_endo.png
/content/CityScapes/gtFine/images/test/city/image_00397_endo.png
/content/CityScapes/gtFine/images/test/city/image_00398_endo.png
/content/CityScapes/gtFine/images/test/city/image_00399_endo.png
/content/CityScapes/gtFine/images/test/city/image_00400_endo.png
/content/CityScapes/gtFine/images/test/city/image_00401_endo.png
/content/CityScapes/gtFine/images/test/city/image_00402_endo.png
/content/CityScapes/gtFine/images/test/city/image_00403_endo.png
/content/CityScapes/gtFine/images/test/city/image_00404_endo.png
/content/CityScapes/gtFine/images/test/city/image_00405_endo.png
/content/CityScapes/gtFine/images/test/city/image_00406_endo.png
/content/CityScapes/gtFine/images/test/city/image_00407_endo.png
/content/CityScapes/gtFine/images/test/city/image_00408_endo.png
/content/CityScapes/gtFine/images/test/city/image_00409_endo.png
/content/CityScapes/gtFine/images/test/city/image_00410_endo.png
/content/CityScapes/gtFine/images/test/city/image_00411_endo.png
/content/CityScapes/gtFine/images/test/city/image_00412_endo.png
/content/CityScapes/gtFine/images/test/city/image_00413_endo.png
/content/CityScapes/gtFine/images/test/city/image_00414_endo.png
/content/CityScapes/gtFine/images/test/city/image_00415_endo.png
/content/CityScapes/gtFine/images/test/city/image_00416_endo.png
/content/CityScapes/gtFine/images/test/city/image_00417_endo.png
/content/CityScapes/gtFine/images/test/city/image_00418_endo.png
/content/CityScapes/gtFine/images/test/city/image_00419_endo.png
/content/CityScapes/gtFine/images/test/city/image_00420_endo.png
/content/CityScapes/gtFine/images/test/city/image_00421_endo.png
/content/CityScapes/gtFine/images/test/city/image_00422_endo.png
/content/CityScapes/gtFine/images/test/city/image_00423_endo.png
/content/CityScapes/gtFine/images/test/city/image_00424_endo.png
/content/CityScapes/gtFine/images/test/city/image_00425_endo.png
/content/CityScapes/gtFine/images/test/city/image_00426_endo.png
/content/CityScapes/gtFine/images/test/city/image_00427_endo.png
/content/CityScapes/gtFine/images/test/city/image_00428_endo.png
/content/CityScapes/gtFine/images/test/city/image_00429_endo.png
/content/CityScapes/gtFine/images/test/city/image_00430_endo.png
/content/CityScapes/gtFine/images/test/city/image_00431_endo.png
/content/CityScapes/gtFine/images/test/city/image_00432_endo.png
/content/CityScapes/gtFine/images/test/city/image_00433_endo.png
/content/CityScapes/gtFine/images/test/city/image_00434_endo.png
/content/CityScapes/gtFine/images/test/city/image_00435_endo.png
/content/CityScapes/gtFine/images/test/city/image_00436_endo.png
/content/CityScapes/gtFine/images/test/city/image_00437_endo.png
/content/CityScapes/gtFine/images/test/city/image_00438_endo.png
/content/CityScapes/gtFine/images/test/city/image_00439_endo.png
/content/CityScapes/gtFine/images/test/city/image_00440_endo.png
/content/CityScapes/gtFine/images/test/city/image_00441_endo.png
/content/CityScapes/gtFine/images/test/city/image_00442_endo.png
/content/CityScapes/gtFine/images/test/city/image_00443_endo.png
/content/CityScapes/gtFine/images/test/city/image_00444_endo.png
/content/CityScapes/gtFine/images/test/city/image_00445_endo.png
/content/CityScapes/gtFine/images/test/city/image_00446_endo.png
/content/CityScapes/gtFine/images/test/city/image_00447_endo.png
/content/CityScapes/gtFine/images/test/city/image_00448_endo.png
/content/CityScapes/gtFine/images/test/city/image_00449_endo.png
/content/CityScapes/gtFine/images/test/city/image_00450_endo.png
/content/CityScapes/gtFine/images/test/city/image_00451_endo.png
/content/CityScapes/gtFine/images/test/city/image_00452_endo.png
/content/CityScapes/gtFine/images/test/city/image_00453_endo.png
/content/CityScapes/gtFine/images/test/city/image_00454_endo.png
/content/CityScapes/gtFine/images/test/city/image_00455_endo.png
/content/CityScapes/gtFine/images/test/city/image_00456_endo.png
/content/CityScapes/gtFine/images/test/city/image_00457_endo.png
/content/CityScapes/gtFine/images/test/city/image_00458_endo.png
/content/CityScapes/gtFine/images/test/city/image_00459_endo.png
/content/CityScapes/gtFine/images/test/city/image_00460_endo.png
/content/CityScapes/gtFine/images/test/city/image_00461_endo.png
/content/CityScapes/gtFine/images/test/city/image_00462_endo.png
/content/CityScapes/gtFine/images/test/city/image_00463_endo.png
/content/CityScapes/gtFine/images/test/city/image_00464_endo.png
/content/CityScapes/gtFine/images/test/city/image_00465_endo.png
/content/CityScapes/gtFine/images/test/city/image_00466_endo.png
/content/CityScapes/gtFine/images/test/city/image_00467_endo.png
/content/CityScapes/gtFine/images/test/city/image_00468_endo.png
/content/CityScapes/gtFine/images/test/city/image_00469_endo.png
/content/CityScapes/gtFine/images/test/city/image_00470_endo.png
/content/CityScapes/gtFine/images/test/city/image_00471_endo.png
/content/CityScapes/gtFine/images/test/city/image_00472_endo.png
/content/CityScapes/gtFine/images/test/city/image_00473_endo.png
/content/CityScapes/gtFine/images/test/city/image_00474_endo.png
/content/CityScapes/gtFine/images/test/city/image_00475_endo.png
/content/CityScapes/gtFine/images/test/city/image_00476_endo.png
/content/CityScapes/gtFine/images/test/city/image_00477_endo.png
/content/CityScapes/gtFine/images/test/city/image_00478_endo.png
/content/CityScapes/gtFine/images/test/city/image_00479_endo.png
/content/CityScapes/gtFine/images/test/city/image_00480_endo.png
/content/CityScapes/gtFine/images/test/city/image_00481_endo.png
/content/CityScapes/gtFine/images/test/city/image_00482_endo.png
/content/CityScapes/gtFine/images/test/city/image_00483_endo.png
/content/CityScapes/gtFine/images/test/city/image_00484_endo.png
/content/CityScapes/gtFine/images/test/city/image_00485_endo.png
/content/CityScapes/gtFine/images/test/city/image_00486_endo.png
/content/CityScapes/gtFine/images/test/city/image_00487_endo.png
/content/CityScapes/gtFine/images/test/city/image_00488_endo.png
/content/CityScapes/gtFine/images/test/city/image_00489_endo.png
/content/CityScapes/gtFine/images/test/city/image_00490_endo.png
/content/CityScapes/gtFine/images/test/city/image_00491_endo.png
/content/CityScapes/gtFine/images/test/city/image_00492_endo.png
/content/CityScapes/gtFine/images/test/city/image_00493_endo.png
/content/CityScapes/gtFine/images/test/city/image_00494_endo.png
/content/CityScapes/gtFine/images/test/city/image_00495_endo.png
/content/CityScapes/gtFine/images/test/city/image_00496_endo.png
/content/CityScapes/gtFine/images/test/city/image_00497_endo.png
/content/CityScapes/gtFine/images/test/city/image_00498_endo.png
/content/CityScapes/gtFine/images/test/city/image_00499_endo.png
