/content/CityScapes/gtFine/images/test/city/frame_03232_endo.png
/content/CityScapes/gtFine/images/test/city/frame_03233_endo.png
/content/CityScapes/gtFine/images/test/city/frame_03234_endo.png
/content/CityScapes/gtFine/images/test/city/frame_03235_endo.png
/content/CityScapes/gtFine/images/test/city/frame_03236_endo.png
/content/CityScapes/gtFine/images/test/city/frame_03237_endo.png
/content/CityScapes/gtFine/images/test/city/frame_03238_endo.png
/content/CityScapes/gtFine/images/test/city/frame_03239_endo.png
/content/CityScapes/gtFine/images/test/city/frame_03240_endo.png
/content/CityScapes/gtFine/images/test/city/frame_03241_endo.png
/content/CityScapes/gtFine/images/test/city/frame_03242_endo.png
/content/CityScapes/gtFine/images/test/city/frame_03243_endo.png
/content/CityScapes/gtFine/images/test/city/frame_03244_endo.png
/content/CityScapes/gtFine/images/test/city/frame_03245_endo.png
/content/CityScapes/gtFine/images/test/city/frame_03246_endo.png
/content/CityScapes/gtFine/images/test/city/frame_03247_endo.png
/content/CityScapes/gtFine/images/test/city/frame_03248_endo.png
/content/CityScapes/gtFine/images/test/city/frame_03249_endo.png
/content/CityScapes/gtFine/images/test/city/frame_03250_endo.png
/content/CityScapes/gtFine/images/test/city/frame_03251_endo.png
/content/CityScapes/gtFine/images/test/city/frame_03252_endo.png
/content/CityScapes/gtFine/images/test/city/frame_03253_endo.png
/content/CityScapes/gtFine/images/test/city/frame_03254_endo.png
/content/CityScapes/gtFine/images/test/city/frame_03255_endo.png
/content/CityScapes/gtFine/images/test/city/frame_03256_endo.png
/content/CityScapes/gtFine/images/test/city/frame_03257_endo.png
/content/CityScapes/gtFine/images/test/city/frame_03258_endo.png
/content/CityScapes/gtFine/images/test/city/frame_03259_endo.png
/content/CityScapes/gtFine/images/test/city/frame_03260_endo.png
/content/CityScapes/gtFine/images/test/city/frame_03261_endo.png
/content/CityScapes/gtFine/images/test/city/frame_03262_endo.png
/content/CityScapes/gtFine/images/test/city/frame_03263_endo.png
/content/CityScapes/gtFine/images/test/city/frame_03264_endo.png
/content/CityScapes/gtFine/images/test/city/frame_03265_endo.png
/content/CityScapes/gtFine/images/test/city/frame_03266_endo.png
/content/CityScapes/gtFine/images/test/city/frame_03267_endo.png
/content/CityScapes/gtFine/images/test/city/frame_03268_endo.png
/content/CityScapes/gtFine/images/test/city/frame_03269_endo.png
/content/CityScapes/gtFine/images/test/city/frame_03270_endo.png
/content/CityScapes/gtFine/images/test/city/frame_03271_endo.png
/content/CityScapes/gtFine/images/test/city/frame_03272_endo.png
/content/CityScapes/gtFine/images/test/city/frame_03273_endo.png
/content/CityScapes/gtFine/images/test/city/frame_03274_endo.png
/content/CityScapes/gtFine/images/test/city/frame_03275_endo.png
/content/CityScapes/gtFine/images/test/city/frame_03276_endo.png
/content/CityScapes/gtFine/images/test/city/frame_03277_endo.png
/content/CityScapes/gtFine/images/test/city/frame_03278_endo.png
/content/CityScapes/gtFine/images/test/city/frame_03279_endo.png
/content/CityScapes/gtFine/images/test/city/frame_03280_endo.png
/content/CityScapes/gtFine/images/test/city/frame_03281_endo.png
/content/CityScapes/gtFine/images/test/city/frame_03282_endo.png
/content/CityScapes/gtFine/images/test/city/frame_03283_endo.png
/content/CityScapes/gtFine/images/test/city/frame_03284_endo.png
/content/CityScapes/gtFine/images/test/city/frame_03285_endo.png
/content/CityScapes/gtFine/images/test/city/frame_03286_endo.png
/content/CityScapes/gtFine/images/test/city/frame_03287_endo.png
/content/CityScapes/gtFine/images/test/city/frame_03288_endo.png
/content/CityScapes/gtFine/images/test/city/frame_03289_endo.png
/content/CityScapes/gtFine/images/test/city/frame_03290_endo.png
/content/CityScapes/gtFine/images/test/city/frame_03291_endo.png
/content/CityScapes/gtFine/images/test/city/frame_03292_endo.png
/content/CityScapes/gtFine/images/test/city/frame_03293_endo.png
/content/CityScapes/gtFine/images/test/city/frame_03294_endo.png
/content/CityScapes/gtFine/images/test/city/frame_03295_endo.png
/content/CityScapes/gtFine/images/test/city/frame_03296_endo.png
/content/CityScapes/gtFine/images/test/city/frame_03297_endo.png
/content/CityScapes/gtFine/images/test/city/frame_03298_endo.png
/content/CityScapes/gtFine/images/test/city/frame_03299_endo.png
/content/CityScapes/gtFine/images/test/city/frame_03300_endo.png
/content/CityScapes/gtFine/images/test/city/frame_03301_endo.png
/content/CityScapes/gtFine/images/test/city/frame_03302_endo.png
/content/CityScapes/gtFine/images/test/city/frame_03303_endo.png
/content/CityScapes/gtFine/images/test/city/frame_03304_endo.png
/content/CityScapes/gtFine/images/test/city/frame_03305_endo.png
/content/CityScapes/gtFine/images/test/city/frame_03306_endo.png
/content/CityScapes/gtFine/images/test/city/frame_03307_endo.png
/content/CityScapes/gtFine/images/test/city/frame_03308_endo.png
/content/CityScapes/gtFine/images/test/city/frame_03309_endo.png
/content/CityScapes/gtFine/images/test/city/frame_03310_endo.png
/content/CityScapes/gtFine/images/test/city/frame_03311_endo.png
/content/CityScapes/gtFine/images/test/city/frame_03312_endo.png
/content/CityScapes/gtFine/images/test/city/frame_03313_endo.png
/content/CityScapes/gtFine/images/test/city/frame_03314_endo.png
/content/CityScapes/gtFine/images/test/city/frame_03315_endo.png
/content/CityScapes/gtFine/images/test/city/frame_03316_endo.png
/content/CityScapes/gtFine/images/test/city/frame_03317_endo.png
/content/CityScapes/gtFine/images/test/city/frame_03318_endo.png
/content/CityScapes/gtFine/images/test/city/frame_03319_endo.png
/content/CityScapes/gtFine/images/test/city/frame_03320_endo.png
/content/CityScapes/gtFine/images/test/city/frame_03321_endo.png
/content/CityScapes/gtFine/images/test/city/frame_03322_endo.png
/content/CityScapes/gtFine/images/test/city/frame_03323_endo.png
/content/CityScapes/gtFine/images/test/city/frame_03324_endo.png
/content/CityScapes/gtFine/images/test/city/frame_03325_endo.png
/content/CityScapes/gtFine/images/test/city/frame_03326_endo.png
/content/CityScapes/gtFine/images/test/city/frame_03327_endo.png
/content/CityScapes/gtFine/images/test/city/frame_03328_endo.png
/content/CityScapes/gtFine/images/test/city/frame_03329_endo.png
/content/CityScapes/gtFine/images/test/city/frame_03330_endo.png
/content/CityScapes/gtFine/images/test/city/frame_03331_endo.png
/content/CityScapes/gtFine/images/test/city/frame_03332_endo.png
/content/CityScapes/gtFine/images/test/city/frame_03333_endo.png
/content/CityScapes/gtFine/images/test/city/frame_03334_endo.png
/content/CityScapes/gtFine/images/test/city/frame_03335_endo.png
/content/CityScapes/gtFine/images/test/city/frame_03336_endo.png
/content/CityScapes/gtFine/images/test/city/frame_03337_endo.png
/content/CityScapes/gtFine/images/test/city/frame_03338_endo.png
/content/CityScapes/gtFine/images/test/city/frame_03339_endo.png
/content/CityScapes/gtFine/images/test/city/frame_03340_endo.png
/content/CityScapes/gtFine/images/test/city/frame_03341_endo.png
/content/CityScapes/gtFine/images/test/city/frame_03342_endo.png
/content/CityScapes/gtFine/images/test/city/frame_03343_endo.png
/content/CityScapes/gtFine/images/test/city/frame_03344_endo.png
/content/CityScapes/gtFine/images/test/city/frame_03345_endo.png
/content/CityScapes/gtFine/images/test/city/frame_03346_endo.png
/content/CityScapes/gtFine/images/test/city/frame_03347_endo.png
/content/CityScapes/gtFine/images/test/city/frame_03348_endo.png
/content/CityScapes/gtFine/images/test/city/frame_03349_endo.png
/content/CityScapes/gtFine/images/test/city/frame_03350_endo.png
/content/CityScapes/gtFine/images/test/city/frame_03351_endo.png
/content/CityScapes/gtFine/images/test/city/frame_03352_endo.png
/content/CityScapes/gtFine/images/test/city/frame_03353_endo.png
/content/CityScapes/gtFine/images/test/city/frame_03354_endo.png
/content/CityScapes/gtFine/images/test/city/frame_03355_endo.png
/content/CityScapes/gtFine/images/test/city/frame_03356_endo.png
/content/CityScapes/gtFine/images/test/city/frame_03357_endo.png
/content/CityScapes/gtFine/images/test/city/frame_03358_endo.png
/content/CityScapes/gtFine/images/test/city/frame_03359_endo.png
/content/CityScapes/gtFine/images/test/city/frame_03360_endo.png
/content/CityScapes/gtFine/images/test/city/frame_03361_endo.png
/content/CityScapes/gtFine/images/test/city/frame_03362_endo.png
/content/CityScapes/gtFine/images/test/city/frame_03363_endo.png
/content/CityScapes/gtFine/images/test/city/frame_03364_endo.png
/content/CityScapes/gtFine/images/test/city/frame_03365_endo.png
/content/CityScapes/gtFine/images/test/city/frame_03366_endo.png
/content/CityScapes/gtFine/images/test/city/frame_03367_endo.png
/content/CityScapes/gtFine/images/test/city/frame_03368_endo.png
/content/CityScapes/gtFine/images/test/city/frame_03369_endo.png
/content/CityScapes/gtFine/images/test/city/frame_03370_endo.png
/content/CityScapes/gtFine/images/test/city/frame_03371_endo.png
/content/CityScapes/gtFine/images/test/city/frame_03372_endo.png
/content/CityScapes/gtFine/images/test/city/frame_03373_endo.png
/content/CityScapes/gtFine/images/test/city/frame_03374_endo.png
/content/CityScapes/gtFine/images/test/city/frame_03375_endo.png
/content/CityScapes/gtFine/images/test/city/frame_03376_endo.png
/content/CityScapes/gtFine/images/test/city/frame_03377_endo.png
/content/CityScapes/gtFine/images/test/city/frame_03378_endo.png
/content/CityScapes/gtFine/images/test/city/frame_03379_endo.png
/content/CityScapes/gtFine/images/test/city/frame_03380_endo.png
/content/CityScapes/gtFine/images/test/city/frame_03381_endo.png
/content/CityScapes/gtFine/images/test/city/frame_03382_endo.png
/content/CityScapes/gtFine/images/test/city/frame_03383_endo.png
/content/CityScapes/gtFine/images/test/city/frame_03384_endo.png
/content/CityScapes/gtFine/images/test/city/frame_03385_endo.png
/content/CityScapes/gtFine/images/test/city/frame_03386_endo.png
/content/CityScapes/gtFine/images/test/city/frame_03387_endo.png
/content/CityScapes/gtFine/images/test/city/frame_03388_endo.png
/content/CityScapes/gtFine/images/test/city/frame_03389_endo.png
/content/CityScapes/gtFine/images/test/city/frame_03390_endo.png
/content/CityScapes/gtFine/images/test/city/frame_03391_endo.png
/content/CityScapes/gtFine/images/test/city/frame_03392_endo.png
/content/CityScapes/gtFine/images/test/city/frame_03393_endo.png
/content/CityScapes/gtFine/images/test/city/frame_03394_endo.png
/content/CityScapes/gtFine/images/test/city/frame_03395_endo.png
/content/CityScapes/gtFine/images/test/city/frame_03396_endo.png
/content/CityScapes/gtFine/images/test/city/frame_03397_endo.png
/content/CityScapes/gtFine/images/test/city/frame_03398_endo.png
/content/CityScapes/gtFine/images/test/city/frame_03399_endo.png
/content/CityScapes/gtFine/images/test/city/frame_03400_endo.png
/content/CityScapes/gtFine/images/test/city/frame_03401_endo.png
/content/CityScapes/gtFine/images/test/city/frame_03402_endo.png
/content/CityScapes/gtFine/images/test/city/frame_03403_endo.png
/content/CityScapes/gtFine/images/test/city/frame_03404_endo.png
/content/CityScapes/gtFine/images/test/city/frame_03405_endo.png
/content/CityScapes/gtFine/images/test/city/frame_03406_endo.png
/content/CityScapes/gtFine/images/test/city/frame_03407_endo.png
/content/CityScapes/gtFine/images/test/city/frame_03408_endo.png
/content/CityScapes/gtFine/images/test/city/frame_03409_endo.png
/content/CityScapes/gtFine/images/test/city/frame_03410_endo.png
/content/CityScapes/gtFine/images/test/city/frame_03411_endo.png
/content/CityScapes/gtFine/images/test/city/frame_03412_endo.png
/content/CityScapes/gtFine/images/test/city/frame_03413_endo.png
/content/CityScapes/gtFine/images/test/city/frame_03414_endo.png
/content/CityScapes/gtFine/images/test/city/frame_03415_endo.png
/content/CityScapes/gtFine/images/test/city/frame_03416_endo.png
/content/CityScapes/gtFine/images/test/city/frame_03417_endo.png
/content/CityScapes/gtFine/images/test/city/frame_03418_endo.png
/content/CityScapes/gtFine/images/test/city/frame_03419_endo.png
/content/CityScapes/gtFine/images/test/city/frame_03420_endo.png
/content/CityScapes/gtFine/images/test/city/frame_03421_endo.png
/content/CityScapes/gtFine/images/test/city/frame_03422_endo.png
/content/CityScapes/gtFine/images/test/city/frame_03423_endo.png
/content/CityScapes/gtFine/images/test/city/frame_03424_endo.png
/content/CityScapes/gtFine/images/test/city/frame_03425_endo.png
/content/CityScapes/gtFine/images/test/city/frame_03426_endo.png
/content/CityScapes/gtFine/images/test/city/frame_03427_endo.png
/content/CityScapes/gtFine/images/test/city/frame_03428_endo.png
/content/CityScapes/gtFine/images/test/city/frame_03429_endo.png
/content/CityScapes/gtFine/images/test/city/frame_03430_endo.png
/content/CityScapes/gtFine/images/test/city/frame_03431_endo.png
/content/CityScapes/gtFine/images/test/city/frame_03432_endo.png
/content/CityScapes/gtFine/images/test/city/frame_03433_endo.png
/content/CityScapes/gtFine/images/test/city/frame_03434_endo.png
/content/CityScapes/gtFine/images/test/city/frame_03435_endo.png
/content/CityScapes/gtFine/images/test/city/frame_03436_endo.png
/content/CityScapes/gtFine/images/test/city/frame_03437_endo.png
/content/CityScapes/gtFine/images/test/city/frame_03438_endo.png
/content/CityScapes/gtFine/images/test/city/frame_03439_endo.png
/content/CityScapes/gtFine/images/test/city/frame_03440_endo.png
/content/CityScapes/gtFine/images/test/city/frame_03441_endo.png
/content/CityScapes/gtFine/images/test/city/frame_03442_endo.png
/content/CityScapes/gtFine/images/test/city/frame_03443_endo.png
/content/CityScapes/gtFine/images/test/city/frame_03444_endo.png
/content/CityScapes/gtFine/images/test/city/frame_03445_endo.png
/content/CityScapes/gtFine/images/test/city/frame_03446_endo.png
/content/CityScapes/gtFine/images/test/city/frame_03447_endo.png
/content/CityScapes/gtFine/images/test/city/frame_03448_endo.png
/content/CityScapes/gtFine/images/test/city/frame_03449_endo.png
/content/CityScapes/gtFine/images/test/city/frame_03450_endo.png
/content/CityScapes/gtFine/images/test/city/frame_03451_endo.png
/content/CityScapes/gtFine/images/test/city/frame_03452_endo.png
/content/CityScapes/gtFine/images/test/city/frame_03453_endo.png
/content/CityScapes/gtFine/images/test/city/frame_03454_endo.png
/content/CityScapes/gtFine/images/test/city/frame_03455_endo.png
/content/CityScapes/gtFine/images/test/city/frame_03456_endo.png
/content/CityScapes/gtFine/images/test/city/frame_03457_endo.png
/content/CityScapes/gtFine/images/test/city/frame_03458_endo.png
/content/CityScapes/gtFine/images/test/city/frame_03459_endo.png
/content/CityScapes/gtFine/images/test/city/frame_03460_endo.png
/content/CityScapes/gtFine/images/test/city/frame_03461_endo.png
/content/CityScapes/gtFine/images/test/city/frame_03462_endo.png
/content/CityScapes/gtFine/images/test/city/frame_03463_endo.png
/content/CityScapes/gtFine/images/test/city/frame_03464_endo.png
/content/CityScapes/gtFine/images/test/city/frame_03465_endo.png
/content/CityScapes/gtFine/images/test/city/frame_03466_endo.png
/content/CityScapes/gtFine/images/test/city/frame_03467_endo.png
/content/CityScapes/gtFine/images/test/city/frame_03468_endo.png
/content/CityScapes/gtFine/images/test/city/frame_03469_endo.png
/content/CityScapes/gtFine/images/test/city/frame_03470_endo.png
/content/CityScapes/gtFine/images/test/city/frame_03471_endo.png
/content/CityScapes/gtFine/images/test/city/frame_03472_endo.png
/content/CityScapes/gtFine/images/test/city/frame_03473_endo.png
/content/CityScapes/gtFine/images/test/city/frame_03474_endo.png
/content/CityScapes/gtFine/images/test/city/frame_03475_endo.png
/content/CityScapes/gtFine/images/test/city/frame_03476_endo.png
/content/CityScapes/gtFine/images/test/city/frame_03477_endo.png
/content/CityScapes/gtFine/images/test/city/frame_03478_endo.png
/content/CityScapes/gtFine/images/test/city/frame_03479_endo.png
/content/CityScapes/gtFine/images/test/city/frame_03480_endo.png
/content/CityScapes/gtFine/images/test/city/frame_03481_endo.png
/content/CityScapes/gtFine/images/test/city/frame_03482_endo.png
/content/CityScapes/gtFine/images/test/city/frame_03483_endo.png
/content/CityScapes/gtFine/images/test/city/frame_03484_endo.png
/content/CityScapes/gtFine/images/test/city/frame_03485_endo.png
/content/CityScapes/gtFine/images/test/city/frame_03486_endo.png
/content/CityScapes/gtFine/images/test/city/frame_03487_endo.png
/content/CityScapes/gtFine/images/test/city/frame_03488_endo.png
/content/CityScapes/gtFine/images/test/city/frame_03489_endo.png
/content/CityScapes/gtFine/images/test/city/frame_03490_endo.png
/content/CityScapes/gtFine/images/test/city/frame_03491_endo.png
/content/CityScapes/gtFine/images/test/city/frame_03492_endo.png
/content/CityScapes/gtFine/images/test/city/frame_03493_endo.png
/content/CityScapes/gtFine/images/test/city/frame_03494_endo.png
/content/CityScapes/gtFine/images/test/city/frame_03495_endo.png
/content/CityScapes/gtFine/images/test/city/frame_03496_endo.png
/content/CityScapes/gtFine/images/test/city/frame_03497_endo.png
/content/CityScapes/gtFine/images/test/city/frame_03498_endo.png
/content/CityScapes/gtFine/images/test/city/frame_03499_endo.png
/content/CityScapes/gtFine/images/test/city/frame_03500_endo.png
/content/CityScapes/gtFine/images/test/city/frame_03501_endo.png
/content/CityScapes/gtFine/images/test/city/frame_03502_endo.png
/content/CityScapes/gtFine/images/test/city/frame_03503_endo.png
/content/CityScapes/gtFine/images/test/city/frame_03504_endo.png
/content/CityScapes/gtFine/images/test/city/frame_03505_endo.png
/content/CityScapes/gtFine/images/test/city/frame_03506_endo.png
/content/CityScapes/gtFine/images/test/city/frame_03507_endo.png
/content/CityScapes/gtFine/images/test/city/frame_03508_endo.png
/content/CityScapes/gtFine/images/test/city/frame_03509_endo.png
/content/CityScapes/gtFine/images/test/city/frame_03510_endo.png
/content/CityScapes/gtFine/images/test/city/frame_03511_endo.png
/content/CityScapes/gtFine/images/test/city/frame_03512_endo.png
/content/CityScapes/gtFine/images/test/city/frame_03513_endo.png
/content/CityScapes/gtFine/images/test/city/frame_03514_endo.png
/content/CityScapes/gtFine/images/test/city/frame_03515_endo.png
/content/CityScapes/gtFine/images/test/city/frame_03516_endo.png
/content/CityScapes/gtFine/images/test/city/frame_03517_endo.png
/content/CityScapes/gtFine/images/test/city/frame_03518_endo.png
/content/CityScapes/gtFine/images/test/city/frame_03519_endo.png
/content/CityScapes/gtFine/images/test/city/frame_03520_endo.png
/content/CityScapes/gtFine/images/test/city/frame_03521_endo.png
/content/CityScapes/gtFine/images/test/city/frame_03522_endo.png
/content/CityScapes/gtFine/images/test/city/frame_03523_endo.png
/content/CityScapes/gtFine/images/test/city/frame_03524_endo.png
/content/CityScapes/gtFine/images/test/city/frame_03525_endo.png
/content/CityScapes/gtFine/images/test/city/frame_03526_endo.png
/content/CityScapes/gtFine/images/test/city/frame_03527_endo.png
/content/CityScapes/gtFine/images/test/city/frame_03528_endo.png
/content/CityScapes/gtFine/images/test/city/frame_03529_endo.png
/content/CityScapes/gtFine/images/test/city/frame_03530_endo.png
/content/CityScapes/gtFine/images/test/city/frame_03531_endo.png
/content/CityScapes/gtFine/images/test/city/frame_03532_endo.png
/content/CityScapes/gtFine/images/test/city/frame_03533_endo.png
/content/CityScapes/gtFine/images/test/city/frame_03534_endo.png
/content/CityScapes/gtFine/images/test/city/frame_03535_endo.png
/content/CityScapes/gtFine/images/test/city/frame_03536_endo.png
/content/CityScapes/gtFine/images/test/city/frame_03537_endo.png
/content/CityScapes/gtFine/images/test/city/frame_03538_endo.png
/content/CityScapes/gtFine/images/test/city/frame_03539_endo.png
/content/CityScapes/gtFine/images/test/city/frame_03540_endo.png
/content/CityScapes/gtFine/images/test/city/frame_03541_endo.png
/content/CityScapes/gtFine/images/test/city/frame_03542_endo.png
/content/CityScapes/gtFine/images/test/city/frame_03543_endo.png
/content/CityScapes/gtFine/images/test/city/frame_03544_endo.png
/content/CityScapes/gtFine/images/test/city/frame_03545_endo.png
/content/CityScapes/gtFine/images/test/city/frame_03546_endo.png
/content/CityScapes/gtFine/images/test/city/frame_03547_endo.png
/content/CityScapes/gtFine/images/test/city/frame_03548_endo.png
/content/CityScapes/gtFine/images/test/city/frame_03549_endo.png
/content/CityScapes/gtFine/images/test/city/frame_03550_endo.png
/content/CityScapes/gtFine/images/test/city/frame_03551_endo.png
/content/CityScapes/gtFine/images/test/city/frame_03552_endo.png
/content/CityScapes/gtFine/images/test/city/frame_03553_endo.png
/content/CityScapes/gtFine/images/test/city/frame_03554_endo.png
/content/CityScapes/gtFine/images/test/city/frame_03555_endo.png
/content/CityScapes/gtFine/images/test/city/frame_03556_endo.png
/content/CityScapes/gtFine/images/test/city/frame_03557_endo.png
/content/CityScapes/gtFine/images/test/city/frame_03558_endo.png
/content/CityScapes/gtFine/images/test/city/frame_03559_endo.png
/content/CityScapes/gtFine/images/test/city/frame_03560_endo.png
/content/CityScapes/gtFine/images/test/city/frame_03561_endo.png
/content/CityScapes/gtFine/images/test/city/frame_03562_endo.png
/content/CityScapes/gtFine/images/test/city/frame_03563_endo.png
/content/CityScapes/gtFine/images/test/city/frame_03564_endo.png
/content/CityScapes/gtFine/images/test/city/frame_03565_endo.png
/content/CityScapes/gtFine/images/test/city/frame_03566_endo.png
/content/CityScapes/gtFine/images/test/city/frame_03567_endo.png
/content/CityScapes/gtFine/images/test/city/frame_03568_endo.png
/content/CityScapes/gtFine/images/test/city/frame_03569_endo.png
/content/CityScapes/gtFine/images/test/city/frame_03570_endo.png
/content/CityScapes/gtFine/images/test/city/frame_03571_endo.png
/content/CityScapes/gtFine/images/test/city/frame_03572_endo.png
/content/CityScapes/gtFine/images/test/city/frame_03573_endo.png
/content/CityScapes/gtFine/images/test/city/frame_03574_endo.png
/content/CityScapes/gtFine/images/test/city/frame_03575_endo.png
/content/CityScapes/gtFine/images/test/city/frame_03576_endo.png
/content/CityScapes/gtFine/images/test/city/frame_03577_endo.png
/content/CityScapes/gtFine/images/test/city/frame_03578_endo.png
/content/CityScapes/gtFine/images/test/city/frame_03579_endo.png
/content/CityScapes/gtFine/images/test/city/frame_03580_endo.png
/content/CityScapes/gtFine/images/test/city/frame_03581_endo.png
/content/CityScapes/gtFine/images/test/city/frame_03582_endo.png
/content/CityScapes/gtFine/images/test/city/frame_03583_endo.png
/content/CityScapes/gtFine/images/test/city/frame_03584_endo.png
/content/CityScapes/gtFine/images/test/city/frame_03585_endo.png
/content/CityScapes/gtFine/images/test/city/frame_03586_endo.png
/content/CityScapes/gtFine/images/test/city/frame_03587_endo.png
/content/CityScapes/gtFine/images/test/city/frame_03588_endo.png
/content/CityScapes/gtFine/images/test/city/frame_03589_endo.png
/content/CityScapes/gtFine/images/test/city/frame_03590_endo.png
/content/CityScapes/gtFine/images/test/city/frame_03591_endo.png
/content/CityScapes/gtFine/images/test/city/frame_03592_endo.png
/content/CityScapes/gtFine/images/test/city/frame_03593_endo.png
/content/CityScapes/gtFine/images/test/city/frame_03594_endo.png
/content/CityScapes/gtFine/images/test/city/frame_03595_endo.png
/content/CityScapes/gtFine/images/test/city/frame_03596_endo.png
/content/CityScapes/gtFine/images/test/city/frame_03597_endo.png
/content/CityScapes/gtFine/images/test/city/frame_03598_endo.png
/content/CityScapes/gtFine/images/test/city/frame_03599_endo.png
/content/CityScapes/gtFine/images/test/city/frame_03600_endo.png
/content/CityScapes/gtFine/images/test/city/frame_03601_endo.png
/content/CityScapes/gtFine/images/test/city/frame_03602_endo.png
/content/CityScapes/gtFine/images/test/city/frame_03603_endo.png
/content/CityScapes/gtFine/images/test/city/frame_03604_endo.png
/content/CityScapes/gtFine/images/test/city/frame_03605_endo.png
/content/CityScapes/gtFine/images/test/city/frame_03606_endo.png
/content/CityScapes/gtFine/images/test/city/frame_03607_endo.png
/content/CityScapes/gtFine/images/test/city/frame_03608_endo.png
/content/CityScapes/gtFine/images/test/city/frame_03609_endo.png
/content/CityScapes/gtFine/images/test/city/frame_03610_endo.png
/content/CityScapes/gtFine/images/test/city/frame_03611_endo.png
/content/CityScapes/gtFine/images/test/city/frame_03612_endo.png
/content/CityScapes/gtFine/images/test/city/frame_03613_endo.png
/content/CityScapes/gtFine/images/test/city/frame_03614_endo.png
/content/CityScapes/gtFine/images/test/city/frame_03615_endo.png
/content/CityScapes/gtFine/images/test/city/frame_03616_endo.png
/content/CityScapes/gtFine/images/test/city/frame_03617_endo.png
/content/CityScapes/gtFine/images/test/city/frame_03618_endo.png
/content/CityScapes/gtFine/images/test/city/frame_03619_endo.png
/content/CityScapes/gtFine/images/test/city/frame_03620_endo.png
/content/CityScapes/gtFine/images/test/city/frame_03621_endo.png
/content/CityScapes/gtFine/images/test/city/frame_03622_endo.png
/content/CityScapes/gtFine/images/test/city/frame_03623_endo.png
/content/CityScapes/gtFine/images/test/city/frame_03624_endo.png
/content/CityScapes/gtFine/images/test/city/frame_03625_endo.png
/content/CityScapes/gtFine/images/test/city/frame_03626_endo.png
/content/CityScapes/gtFine/images/test/city/frame_03627_endo.png
/content/CityScapes/gtFine/images/test/city/frame_03628_endo.png
/content/CityScapes/gtFine/images/test/city/frame_03629_endo.png
/content/CityScapes/gtFine/images/test/city/frame_03630_endo.png
/content/CityScapes/gtFine/images/test/city/frame_03631_endo.png
/content/CityScapes/gtFine/images/test/city/frame_03632_endo.png
/content/CityScapes/gtFine/images/test/city/frame_03633_endo.png
/content/CityScapes/gtFine/images/test/city/frame_03634_endo.png
/content/CityScapes/gtFine/images/test/city/frame_03635_endo.png
/content/CityScapes/gtFine/images/test/city/frame_03636_endo.png
/content/CityScapes/gtFine/images/test/city/frame_03637_endo.png
/content/CityScapes/gtFine/images/test/city/frame_03638_endo.png
/content/CityScapes/gtFine/images/test/city/frame_03639_endo.png
/content/CityScapes/gtFine/images/test/city/frame_03640_endo.png
/content/CityScapes/gtFine/images/test/city/frame_03641_endo.png
/content/CityScapes/gtFine/images/test/city/frame_03642_endo.png
/content/CityScapes/gtFine/images/test/city/frame_03643_endo.png
/content/CityScapes/gtFine/images/test/city/frame_03644_endo.png
/content/CityScapes/gtFine/images/test/city/frame_03645_endo.png
/content/CityScapes/gtFine/images/test/city/frame_03646_endo.png
/content/CityScapes/gtFine/images/test/city/frame_03647_endo.png
/content/CityScapes/gtFine/images/test/city/frame_03648_endo.png
/content/CityScapes/gtFine/images/test/city/frame_03649_endo.png
/content/CityScapes/gtFine/images/test/city/frame_03650_endo.png
/content/CityScapes/gtFine/images/test/city/frame_03651_endo.png
/content/CityScapes/gtFine/images/test/city/frame_03652_endo.png
/content/CityScapes/gtFine/images/test/city/frame_03653_endo.png
/content/CityScapes/gtFine/images/test/city/frame_03654_endo.png
/content/CityScapes/gtFine/images/test/city/frame_03655_endo.png
/content/CityScapes/gtFine/images/test/city/frame_03656_endo.png
/content/CityScapes/gtFine/images/test/city/frame_03657_endo.png
/content/CityScapes/gtFine/images/test/city/frame_03658_endo.png
/content/CityScapes/gtFine/images/test/city/frame_03659_endo.png
/content/CityScapes/gtFine/images/test/city/frame_03660_endo.png
/content/CityScapes/gtFine/images/test/city/frame_03661_endo.png
/content/CityScapes/gtFine/images/test/city/frame_03662_endo.png
/content/CityScapes/gtFine/images/test/city/frame_03663_endo.png
/content/CityScapes/gtFine/images/test/city/frame_03664_endo.png
/content/CityScapes/gtFine/images/test/city/frame_03665_endo.png
/content/CityScapes/gtFine/images/test/city/frame_03666_endo.png
/content/CityScapes/gtFine/images/test/city/frame_03667_endo.png
/content/CityScapes/gtFine/images/test/city/frame_03668_endo.png
/content/CityScapes/gtFine/images/test/city/frame_03669_endo.png
/content/CityScapes/gtFine/images/test/city/frame_03670_endo.png
/content/CityScapes/gtFine/images/test/city/frame_03671_endo.png
/content/CityScapes/gtFine/images/test/city/frame_03672_endo.png
/content/CityScapes/gtFine/images/test/city/frame_03673_endo.png
/content/CityScapes/gtFine/images/test/city/frame_03674_endo.png
/content/CityScapes/gtFine/images/test/city/frame_03675_endo.png
/content/CityScapes/gtFine/images/test/city/frame_03676_endo.png
/content/CityScapes/gtFine/images/test/city/frame_03677_endo.png
/content/CityScapes/gtFine/images/test/city/frame_03678_endo.png
/content/CityScapes/gtFine/images/test/city/frame_03679_endo.png
/content/CityScapes/gtFine/images/test/city/frame_03680_endo.png
/content/CityScapes/gtFine/images/test/city/frame_03681_endo.png
/content/CityScapes/gtFine/images/test/city/frame_03682_endo.png
/content/CityScapes/gtFine/images/test/city/frame_03683_endo.png
/content/CityScapes/gtFine/images/test/city/frame_03684_endo.png
/content/CityScapes/gtFine/images/test/city/frame_03685_endo.png
/content/CityScapes/gtFine/images/test/city/frame_03686_endo.png
/content/CityScapes/gtFine/images/test/city/frame_03687_endo.png
/content/CityScapes/gtFine/images/test/city/frame_03688_endo.png
/content/CityScapes/gtFine/images/test/city/frame_03689_endo.png
/content/CityScapes/gtFine/images/test/city/frame_03690_endo.png
/content/CityScapes/gtFine/images/test/city/frame_03691_endo.png
/content/CityScapes/gtFine/images/test/city/frame_03692_endo.png
/content/CityScapes/gtFine/images/test/city/frame_03693_endo.png
/content/CityScapes/gtFine/images/test/city/frame_03694_endo.png
/content/CityScapes/gtFine/images/test/city/frame_03695_endo.png
/content/CityScapes/gtFine/images/test/city/frame_03696_endo.png
/content/CityScapes/gtFine/images/test/city/frame_03697_endo.png
/content/CityScapes/gtFine/images/test/city/frame_03698_endo.png
/content/CityScapes/gtFine/images/test/city/frame_03699_endo.png
/content/CityScapes/gtFine/images/test/city/frame_03700_endo.png
/content/CityScapes/gtFine/images/test/city/frame_03701_endo.png
/content/CityScapes/gtFine/images/test/city/frame_03702_endo.png
/content/CityScapes/gtFine/images/test/city/frame_03703_endo.png
/content/CityScapes/gtFine/images/test/city/frame_03704_endo.png
/content/CityScapes/gtFine/images/test/city/frame_03705_endo.png
/content/CityScapes/gtFine/images/test/city/frame_03706_endo.png
/content/CityScapes/gtFine/images/test/city/frame_03707_endo.png
/content/CityScapes/gtFine/images/test/city/frame_03708_endo.png
/content/CityScapes/gtFine/images/test/city/frame_03709_endo.png
/content/CityScapes/gtFine/images/test/city/frame_03710_endo.png
/content/CityScapes/gtFine/images/test/city/frame_03711_endo.png
/content/CityScapes/gtFine/images/test/city/frame_03712_endo.png
/content/CityScapes/gtFine/images/test/city/frame_03713_endo.png
/content/CityScapes/gtFine/images/test/city/frame_03714_endo.png
/content/CityScapes/gtFine/images/test/city/frame_03715_endo.png
/content/CityScapes/gtFine/images/test/city/frame_03716_endo.png
/content/CityScapes/gtFine/images/test/city/frame_03717_endo.png
/content/CityScapes/gtFine/images/test/city/frame_03718_endo.png
/content/CityScapes/gtFine/images/test/city/frame_03719_endo.png
/content/CityScapes/gtFine/images/test/city/frame_03720_endo.png
/content/CityScapes/gtFine/images/test/city/frame_03721_endo.png
/content/CityScapes/gtFine/images/test/city/frame_03722_endo.png
/content/CityScapes/gtFine/images/test/city/frame_03723_endo.png
/content/CityScapes/gtFine/images/test/city/frame_03724_endo.png
/content/CityScapes/gtFine/images/test/city/frame_03725_endo.png
/content/CityScapes/gtFine/images/test/city/frame_03726_endo.png
/content/CityScapes/gtFine/images/test/city/frame_03727_endo.png
/content/CityScapes/gtFine/images/test/city/frame_03728_endo.png
/content/CityScapes/gtFine/images/test/city/frame_03729_endo.png
/content/CityScapes/gtFine/images/test/city/frame_03730_endo.png
/content/CityScapes/gtFine/images/test/city/frame_03731_endo.png
/content/CityScapes/gtFine/images/test/city/frame_03732_endo.png
/content/CityScapes/gtFine/images/test/city/frame_03733_endo.png
/content/CityScapes/gtFine/images/test/city/frame_03734_endo.png
/content/CityScapes/gtFine/images/test/city/frame_03735_endo.png
/content/CityScapes/gtFine/images/test/city/frame_03736_endo.png
/content/CityScapes/gtFine/images/test/city/frame_03737_endo.png
/content/CityScapes/gtFine/images/test/city/frame_03738_endo.png
/content/CityScapes/gtFine/images/test/city/frame_03739_endo.png
/content/CityScapes/gtFine/images/test/city/frame_03740_endo.png
/content/CityScapes/gtFine/images/test/city/frame_03741_endo.png
/content/CityScapes/gtFine/images/test/city/frame_03742_endo.png
/content/CityScapes/gtFine/images/test/city/frame_03743_endo.png
/content/CityScapes/gtFine/images/test/city/frame_03744_endo.png
/content/CityScapes/gtFine/images/test/city/frame_03745_endo.png
/content/CityScapes/gtFine/images/test/city/frame_03746_endo.png
/content/CityScapes/gtFine/images/test/city/frame_03747_endo.png
/content/CityScapes/gtFine/images/test/city/frame_03748_endo.png
/content/CityScapes/gtFine/images/test/city/frame_03749_endo.png
/content/CityScapes/gtFine/images/test/city/frame_03750_endo.png
/content/CityScapes/gtFine/images/test/city/frame_03751_endo.png
/content/CityScapes/gtFine/images/test/city/frame_03752_endo.png
/content/CityScapes/gtFine/images/test/city/frame_03753_endo.png
/content/CityScapes/gtFine/images/test/city/frame_03754_endo.png
/content/CityScapes/gtFine/images/test/city/frame_03755_endo.png
/content/CityScapes/gtFine/images/test/city/frame_03756_endo.png
/content/CityScapes/gtFine/images/test/city/frame_03757_endo.png
/content/CityScapes/gtFine/images/test/city/frame_03758_endo.png
/content/CityScapes/gtFine/images/test/city/frame_03759_endo.png
/content/CityScapes/gtFine/images/test/city/frame_03760_endo.png
/content/CityScapes/gtFine/images/test/city/frame_03761_endo.png
/content/CityScapes/gtFine/images/test/city/frame_03762_endo.png
/content/CityScapes/gtFine/images/test/city/frame_03763_endo.png
/content/CityScapes/gtFine/images/test/city/frame_03764_endo.png
/content/CityScapes/gtFine/images/test/city/frame_03765_endo.png
/content/CityScapes/gtFine/images/test/city/frame_03766_endo.png
/content/CityScapes/gtFine/images/test/city/frame_03767_endo.png
/content/CityScapes/gtFine/images/test/city/frame_03768_endo.png
/content/CityScapes/gtFine/images/test/city/frame_03769_endo.png
/content/CityScapes/gtFine/images/test/city/frame_03770_endo.png
/content/CityScapes/gtFine/images/test/city/frame_03771_endo.png
/content/CityScapes/gtFine/images/test/city/frame_03772_endo.png
/content/CityScapes/gtFine/images/test/city/frame_03773_endo.png
/content/CityScapes/gtFine/images/test/city/frame_03774_endo.png
/content/CityScapes/gtFine/images/test/city/frame_03775_endo.png
/content/CityScapes/gtFine/images/test/city/frame_03776_endo.png
/content/CityScapes/gtFine/images/test/city/frame_03777_endo.png
/content/CityScapes/gtFine/images/test/city/frame_03778_endo.png
/content/CityScapes/gtFine/images/test/city/frame_03779_endo.png
/content/CityScapes/gtFine/images/test/city/frame_03780_endo.png
/content/CityScapes/gtFine/images/test/city/frame_03781_endo.png
/content/CityScapes/gtFine/images/test/city/frame_03782_endo.png
/content/CityScapes/gtFine/images/test/city/frame_03783_endo.png
/content/CityScapes/gtFine/images/test/city/frame_03784_endo.png
/content/CityScapes/gtFine/images/test/city/frame_03785_endo.png
/content/CityScapes/gtFine/images/test/city/frame_03786_endo.png
/content/CityScapes/gtFine/images/test/city/frame_03787_endo.png
/content/CityScapes/gtFine/images/test/city/frame_03788_endo.png
/content/CityScapes/gtFine/images/test/city/frame_03789_endo.png
/content/CityScapes/gtFine/images/test/city/frame_03790_endo.png
/content/CityScapes/gtFine/images/test/city/frame_03791_endo.png
/content/CityScapes/gtFine/images/test/city/frame_03792_endo.png
/content/CityScapes/gtFine/images/test/city/frame_03793_endo.png
/content/CityScapes/gtFine/images/test/city/frame_03794_endo.png
/content/CityScapes/gtFine/images/test/city/frame_03795_endo.png
/content/CityScapes/gtFine/images/test/city/frame_03796_endo.png
/content/CityScapes/gtFine/images/test/city/frame_03797_endo.png
/content/CityScapes/gtFine/images/test/city/frame_03798_endo.png
/content/CityScapes/gtFine/images/test/city/frame_03799_endo.png
/content/CityScapes/gtFine/images/test/city/frame_03800_endo.png
/content/CityScapes/gtFine/images/test/city/frame_03801_endo.png
/content/CityScapes/gtFine/images/test/city/frame_03802_endo.png
/content/CityScapes/gtFine/images/test/city/frame_03803_endo.png
/content/CityScapes/gtFine/images/test/city/frame_03804_endo.png
/content/CityScapes/gtFine/images/test/city/frame_03805_endo.png
/content/CityScapes/gtFine/images/test/city/frame_03806_endo.png
/content/CityScapes/gtFine/images/test/city/frame_03807_endo.png
/content/CityScapes/gtFine/images/test/city/frame_03808_endo.png
/content/CityScapes/gtFine/images/test/city/frame_03809_endo.png
/content/CityScapes/gtFine/images/test/city/frame_03810_endo.png
/content/CityScapes/gtFine/images/test/city/frame_03811_endo.png
/content/CityScapes/gtFine/images/test/city/frame_03812_endo.png
/content/CityScapes/gtFine/images/test/city/frame_03813_endo.png
/content/CityScapes/gtFine/images/test/city/frame_03814_endo.png
/content/CityScapes/gtFine/images/test/city/frame_03815_endo.png
/content/CityScapes/gtFine/images/test/city/frame_03816_endo.png
/content/CityScapes/gtFine/images/test/city/frame_03817_endo.png
/content/CityScapes/gtFine/images/test/city/frame_03818_endo.png
/content/CityScapes/gtFine/images/test/city/frame_03819_endo.png
/content/CityScapes/gtFine/images/test/city/frame_03820_endo.png
/content/CityScapes/gtFine/images/test/city/frame_03821_endo.png
/content/CityScapes/gtFine/images/test/city/frame_03822_endo.png
/content/CityScapes/gtFine/images/test/city/frame_03823_endo.png
/content/CityScapes/gtFine/images/test/city/frame_03824_endo.png
/content/CityScapes/gtFine/images/test/city/frame_03825_endo.png
/content/CityScapes/gtFine/images/test/city/frame_03826_endo.png
/content/CityScapes/gtFine/images/test/city/frame_03827_endo.png
/content/CityScapes/gtFine/images/test/city/frame_03828_endo.png
/content/CityScapes/gtFine/images/test/city/frame_03829_endo.png
/content/CityScapes/gtFine/images/test/city/frame_03830_endo.png
/content/CityScapes/gtFine/images/test/city/frame_03831_endo.png
/content/CityScapes/gtFine/images/test/city/frame_03832_endo.png
/content/CityScapes/gtFine/images/test/city/frame_03833_endo.png
/content/CityScapes/gtFine/images/test/city/frame_03834_endo.png
/content/CityScapes/gtFine/images/test/city/frame_03835_endo.png
/content/CityScapes/gtFine/images/test/city/frame_03836_endo.png
/content/CityScapes/gtFine/images/test/city/frame_03837_endo.png
/content/CityScapes/gtFine/images/test/city/frame_03838_endo.png
/content/CityScapes/gtFine/images/test/city/frame_03839_endo.png
/content/CityScapes/gtFine/images/test/city/frame_03840_endo.png
/content/CityScapes/gtFine/images/test/city/frame_03841_endo.png
/content/CityScapes/gtFine/images/test/city/frame_03842_endo.png
/content/CityScapes/gtFine/images/test/city/frame_03843_endo.png
/content/CityScapes/gtFine/images/test/city/frame_03844_endo.png
/content/CityScapes/gtFine/images/test/city/frame_03845_endo.png
/content/CityScapes/gtFine/images/test/city/frame_03846_endo.png
/content/CityScapes/gtFine/images/test/city/frame_03847_endo.png
/content/CityScapes/gtFine/images/test/city/frame_03848_endo.png
/content/CityScapes/gtFine/images/test/city/frame_03849_endo.png
/content/CityScapes/gtFine/images/test/city/frame_03850_endo.png
/content/CityScapes/gtFine/images/test/city/frame_03851_endo.png
/content/CityScapes/gtFine/images/test/city/frame_03852_endo.png
/content/CityScapes/gtFine/images/test/city/frame_03853_endo.png
/content/CityScapes/gtFine/images/test/city/frame_03854_endo.png
/content/CityScapes/gtFine/images/test/city/frame_03855_endo.png
/content/CityScapes/gtFine/images/test/city/frame_03856_endo.png
/content/CityScapes/gtFine/images/test/city/frame_03857_endo.png
/content/CityScapes/gtFine/images/test/city/frame_03858_endo.png
/content/CityScapes/gtFine/images/test/city/frame_03859_endo.png
/content/CityScapes/gtFine/images/test/city/frame_03860_endo.png
/content/CityScapes/gtFine/images/test/city/frame_03861_endo.png
/content/CityScapes/gtFine/images/test/city/frame_03862_endo.png
/content/CityScapes/gtFine/images/test/city/frame_03863_endo.png
/content/CityScapes/gtFine/images/test/city/frame_03864_endo.png
/content/CityScapes/gtFine/images/test/city/frame_03865_endo.png
/content/CityScapes/gtFine/images/test/city/frame_03866_endo.png
/content/CityScapes/gtFine/images/test/city/frame_03867_endo.png
/content/CityScapes/gtFine/images/test/city/frame_03868_endo.png
/content/CityScapes/gtFine/images/test/city/frame_03869_endo.png
/content/CityScapes/gtFine/images/test/city/frame_03870_endo.png
/content/CityScapes/gtFine/images/test/city/frame_03871_endo.png
/content/CityScapes/gtFine/images/test/city/frame_03872_endo.png
/content/CityScapes/gtFine/images/test/city/frame_03873_endo.png
/content/CityScapes/gtFine/images/test/city/frame_03874_endo.png
/content/CityScapes/gtFine/images/test/city/frame_03875_endo.png
/content/CityScapes/gtFine/images/test/city/frame_03876_endo.png
/content/CityScapes/gtFine/images/test/city/frame_03877_endo.png
/content/CityScapes/gtFine/images/test/city/frame_03878_endo.png
/content/CityScapes/gtFine/images/test/city/frame_03879_endo.png
/content/CityScapes/gtFine/images/test/city/frame_03880_endo.png
/content/CityScapes/gtFine/images/test/city/frame_03881_endo.png
/content/CityScapes/gtFine/images/test/city/frame_03882_endo.png
/content/CityScapes/gtFine/images/test/city/frame_03883_endo.png
/content/CityScapes/gtFine/images/test/city/frame_03884_endo.png
/content/CityScapes/gtFine/images/test/city/frame_03885_endo.png
/content/CityScapes/gtFine/images/test/city/frame_03886_endo.png
/content/CityScapes/gtFine/images/test/city/frame_03887_endo.png
/content/CityScapes/gtFine/images/test/city/frame_03888_endo.png
/content/CityScapes/gtFine/images/test/city/frame_03889_endo.png
/content/CityScapes/gtFine/images/test/city/frame_03890_endo.png
/content/CityScapes/gtFine/images/test/city/frame_03891_endo.png
/content/CityScapes/gtFine/images/test/city/frame_03892_endo.png
/content/CityScapes/gtFine/images/test/city/frame_03893_endo.png
/content/CityScapes/gtFine/images/test/city/frame_03894_endo.png
/content/CityScapes/gtFine/images/test/city/frame_03895_endo.png
/content/CityScapes/gtFine/images/test/city/frame_03896_endo.png
/content/CityScapes/gtFine/images/test/city/frame_03897_endo.png
/content/CityScapes/gtFine/images/test/city/frame_03898_endo.png
/content/CityScapes/gtFine/images/test/city/frame_03899_endo.png
/content/CityScapes/gtFine/images/test/city/frame_03900_endo.png
/content/CityScapes/gtFine/images/test/city/frame_03901_endo.png
/content/CityScapes/gtFine/images/test/city/frame_03902_endo.png
/content/CityScapes/gtFine/images/test/city/frame_03903_endo.png
/content/CityScapes/gtFine/images/test/city/frame_03904_endo.png
/content/CityScapes/gtFine/images/test/city/frame_03905_endo.png
/content/CityScapes/gtFine/images/test/city/frame_03906_endo.png
/content/CityScapes/gtFine/images/test/city/frame_03907_endo.png
/content/CityScapes/gtFine/images/test/city/frame_03908_endo.png
/content/CityScapes/gtFine/images/test/city/frame_03909_endo.png
/content/CityScapes/gtFine/images/test/city/frame_03910_endo.png
/content/CityScapes/gtFine/images/test/city/frame_03911_endo.png
/content/CityScapes/gtFine/images/test/city/frame_03912_endo.png
/content/CityScapes/gtFine/images/test/city/frame_03913_endo.png
/content/CityScapes/gtFine/images/test/city/frame_03914_endo.png
/content/CityScapes/gtFine/images/test/city/frame_03915_endo.png
/content/CityScapes/gtFine/images/test/city/frame_03916_endo.png
/content/CityScapes/gtFine/images/test/city/frame_03917_endo.png
/content/CityScapes/gtFine/images/test/city/frame_03918_endo.png
/content/CityScapes/gtFine/images/test/city/frame_03919_endo.png
/content/CityScapes/gtFine/images/test/city/frame_03920_endo.png
/content/CityScapes/gtFine/images/test/city/frame_03921_endo.png
/content/CityScapes/gtFine/images/test/city/frame_03922_endo.png
/content/CityScapes/gtFine/images/test/city/frame_03923_endo.png
/content/CityScapes/gtFine/images/test/city/frame_03924_endo.png
/content/CityScapes/gtFine/images/test/city/frame_03925_endo.png
/content/CityScapes/gtFine/images/test/city/frame_03926_endo.png
/content/CityScapes/gtFine/images/test/city/frame_03927_endo.png
/content/CityScapes/gtFine/images/test/city/frame_03928_endo.png
/content/CityScapes/gtFine/images/test/city/frame_03929_endo.png
/content/CityScapes/gtFine/images/test/city/frame_03930_endo.png
/content/CityScapes/gtFine/images/test/city/frame_03931_endo.png
/content/CityScapes/gtFine/images/test/city/frame_03932_endo.png
/content/CityScapes/gtFine/images/test/city/frame_03933_endo.png
/content/CityScapes/gtFine/images/test/city/frame_03934_endo.png
/content/CityScapes/gtFine/images/test/city/frame_03935_endo.png
/content/CityScapes/gtFine/images/test/city/frame_03936_endo.png
/content/CityScapes/gtFine/images/test/city/frame_03937_endo.png
/content/CityScapes/gtFine/images/test/city/frame_03938_endo.png
/content/CityScapes/gtFine/images/test/city/frame_03939_endo.png
/content/CityScapes/gtFine/images/test/city/frame_03940_endo.png
/content/CityScapes/gtFine/images/test/city/frame_03941_endo.png
/content/CityScapes/gtFine/images/test/city/frame_03942_endo.png
/content/CityScapes/gtFine/images/test/city/frame_03943_endo.png
/content/CityScapes/gtFine/images/test/city/frame_03944_endo.png
/content/CityScapes/gtFine/images/test/city/frame_03945_endo.png
/content/CityScapes/gtFine/images/test/city/frame_03946_endo.png
/content/CityScapes/gtFine/images/test/city/frame_03947_endo.png
/content/CityScapes/gtFine/images/test/city/frame_03948_endo.png
/content/CityScapes/gtFine/images/test/city/frame_03949_endo.png
/content/CityScapes/gtFine/images/test/city/frame_03950_endo.png
/content/CityScapes/gtFine/images/test/city/frame_03951_endo.png
/content/CityScapes/gtFine/images/test/city/frame_03952_endo.png
/content/CityScapes/gtFine/images/test/city/frame_03953_endo.png
/content/CityScapes/gtFine/images/test/city/frame_03954_endo.png
/content/CityScapes/gtFine/images/test/city/frame_03955_endo.png
/content/CityScapes/gtFine/images/test/city/frame_03956_endo.png
/content/CityScapes/gtFine/images/test/city/frame_03957_endo.png
/content/CityScapes/gtFine/images/test/city/frame_03958_endo.png
/content/CityScapes/gtFine/images/test/city/frame_03959_endo.png
/content/CityScapes/gtFine/images/test/city/frame_03960_endo.png
/content/CityScapes/gtFine/images/test/city/frame_03961_endo.png
/content/CityScapes/gtFine/images/test/city/frame_03962_endo.png
/content/CityScapes/gtFine/images/test/city/frame_03963_endo.png
/content/CityScapes/gtFine/images/test/city/frame_03964_endo.png
/content/CityScapes/gtFine/images/test/city/frame_03965_endo.png
/content/CityScapes/gtFine/images/test/city/frame_03966_endo.png
/content/CityScapes/gtFine/images/test/city/frame_03967_endo.png
/content/CityScapes/gtFine/images/test/city/frame_03968_endo.png
/content/CityScapes/gtFine/images/test/city/frame_03969_endo.png
/content/CityScapes/gtFine/images/test/city/frame_03970_endo.png
/content/CityScapes/gtFine/images/test/city/frame_03971_endo.png
/content/CityScapes/gtFine/images/test/city/frame_03972_endo.png
/content/CityScapes/gtFine/images/test/city/frame_03973_endo.png
/content/CityScapes/gtFine/images/test/city/frame_03974_endo.png
/content/CityScapes/gtFine/images/test/city/frame_03975_endo.png
/content/CityScapes/gtFine/images/test/city/frame_03976_endo.png
