/content/CityScapes/gtFine/images/val/city/image_00500_endo.png	/content/CityScapes/gtFine/labels/val/city/image_00500_endo_color_mask.png
/content/CityScapes/gtFine/images/val/city/image_00501_endo.png	/content/CityScapes/gtFine/labels/val/city/image_00501_endo_color_mask.png
/content/CityScapes/gtFine/images/val/city/image_00502_endo.png	/content/CityScapes/gtFine/labels/val/city/image_00502_endo_color_mask.png
/content/CityScapes/gtFine/images/val/city/image_00503_endo.png	/content/CityScapes/gtFine/labels/val/city/image_00503_endo_color_mask.png
/content/CityScapes/gtFine/images/val/city/image_00504_endo.png	/content/CityScapes/gtFine/labels/val/city/image_00504_endo_color_mask.png
/content/CityScapes/gtFine/images/val/city/image_00505_endo.png	/content/CityScapes/gtFine/labels/val/city/image_00505_endo_color_mask.png
/content/CityScapes/gtFine/images/val/city/image_00506_endo.png	/content/CityScapes/gtFine/labels/val/city/image_00506_endo_color_mask.png
/content/CityScapes/gtFine/images/val/city/image_00507_endo.png	/content/CityScapes/gtFine/labels/val/city/image_00507_endo_color_mask.png
/content/CityScapes/gtFine/images/val/city/image_00508_endo.png	/content/CityScapes/gtFine/labels/val/city/image_00508_endo_color_mask.png
/content/CityScapes/gtFine/images/val/city/image_00509_endo.png	/content/CityScapes/gtFine/labels/val/city/image_00509_endo_color_mask.png
/content/CityScapes/gtFine/images/val/city/image_00510_endo.png	/content/CityScapes/gtFine/labels/val/city/image_00510_endo_color_mask.png
/content/CityScapes/gtFine/images/val/city/image_00511_endo.png	/content/CityScapes/gtFine/labels/val/city/image_00511_endo_color_mask.png
/content/CityScapes/gtFine/images/val/city/image_00512_endo.png	/content/CityScapes/gtFine/labels/val/city/image_00512_endo_color_mask.png
/content/CityScapes/gtFine/images/val/city/image_00513_endo.png	/content/CityScapes/gtFine/labels/val/city/image_00513_endo_color_mask.png
/content/CityScapes/gtFine/images/val/city/image_00514_endo.png	/content/CityScapes/gtFine/labels/val/city/image_00514_endo_color_mask.png
/content/CityScapes/gtFine/images/val/city/image_00515_endo.png	/content/CityScapes/gtFine/labels/val/city/image_00515_endo_color_mask.png
/content/CityScapes/gtFine/images/val/city/image_00516_endo.png	/content/CityScapes/gtFine/labels/val/city/image_00516_endo_color_mask.png
/content/CityScapes/gtFine/images/val/city/image_00517_endo.png	/content/CityScapes/gtFine/labels/val/city/image_00517_endo_color_mask.png
/content/CityScapes/gtFine/images/val/city/image_00518_endo.png	/content/CityScapes/gtFine/labels/val/city/image_00518_endo_color_mask.png
/content/CityScapes/gtFine/images/val/city/image_00519_endo.png	/content/CityScapes/gtFine/labels/val/city/image_00519_endo_color_mask.png
/content/CityScapes/gtFine/images/val/city/image_00520_endo.png	/content/CityScapes/gtFine/labels/val/city/image_00520_endo_color_mask.png
/content/CityScapes/gtFine/images/val/city/image_00521_endo.png	/content/CityScapes/gtFine/labels/val/city/image_00521_endo_color_mask.png
/content/CityScapes/gtFine/images/val/city/image_00522_endo.png	/content/CityScapes/gtFine/labels/val/city/image_00522_endo_color_mask.png
/content/CityScapes/gtFine/images/val/city/image_00523_endo.png	/content/CityScapes/gtFine/labels/val/city/image_00523_endo_color_mask.png
/content/CityScapes/gtFine/images/val/city/image_00524_endo.png	/content/CityScapes/gtFine/labels/val/city/image_00524_endo_color_mask.png
/content/CityScapes/gtFine/images/val/city/image_00525_endo.png	/content/CityScapes/gtFine/labels/val/city/image_00525_endo_color_mask.png
/content/CityScapes/gtFine/images/val/city/image_00526_endo.png	/content/CityScapes/gtFine/labels/val/city/image_00526_endo_color_mask.png
/content/CityScapes/gtFine/images/val/city/image_00527_endo.png	/content/CityScapes/gtFine/labels/val/city/image_00527_endo_color_mask.png
/content/CityScapes/gtFine/images/val/city/image_00528_endo.png	/content/CityScapes/gtFine/labels/val/city/image_00528_endo_color_mask.png
/content/CityScapes/gtFine/images/val/city/image_00529_endo.png	/content/CityScapes/gtFine/labels/val/city/image_00529_endo_color_mask.png
/content/CityScapes/gtFine/images/val/city/image_00530_endo.png	/content/CityScapes/gtFine/labels/val/city/image_00530_endo_color_mask.png
/content/CityScapes/gtFine/images/val/city/image_00531_endo.png	/content/CityScapes/gtFine/labels/val/city/image_00531_endo_color_mask.png
/content/CityScapes/gtFine/images/val/city/image_00532_endo.png	/content/CityScapes/gtFine/labels/val/city/image_00532_endo_color_mask.png
/content/CityScapes/gtFine/images/val/city/image_00533_endo.png	/content/CityScapes/gtFine/labels/val/city/image_00533_endo_color_mask.png
/content/CityScapes/gtFine/images/val/city/image_00534_endo.png	/content/CityScapes/gtFine/labels/val/city/image_00534_endo_color_mask.png
/content/CityScapes/gtFine/images/val/city/image_00535_endo.png	/content/CityScapes/gtFine/labels/val/city/image_00535_endo_color_mask.png
/content/CityScapes/gtFine/images/val/city/image_00536_endo.png	/content/CityScapes/gtFine/labels/val/city/image_00536_endo_color_mask.png
/content/CityScapes/gtFine/images/val/city/image_00537_endo.png	/content/CityScapes/gtFine/labels/val/city/image_00537_endo_color_mask.png
/content/CityScapes/gtFine/images/val/city/image_00538_endo.png	/content/CityScapes/gtFine/labels/val/city/image_00538_endo_color_mask.png
/content/CityScapes/gtFine/images/val/city/image_00539_endo.png	/content/CityScapes/gtFine/labels/val/city/image_00539_endo_color_mask.png
/content/CityScapes/gtFine/images/val/city/image_00540_endo.png	/content/CityScapes/gtFine/labels/val/city/image_00540_endo_color_mask.png
/content/CityScapes/gtFine/images/val/city/image_00541_endo.png	/content/CityScapes/gtFine/labels/val/city/image_00541_endo_color_mask.png
/content/CityScapes/gtFine/images/val/city/image_00542_endo.png	/content/CityScapes/gtFine/labels/val/city/image_00542_endo_color_mask.png
/content/CityScapes/gtFine/images/val/city/image_00543_endo.png	/content/CityScapes/gtFine/labels/val/city/image_00543_endo_color_mask.png
/content/CityScapes/gtFine/images/val/city/image_00544_endo.png	/content/CityScapes/gtFine/labels/val/city/image_00544_endo_color_mask.png
/content/CityScapes/gtFine/images/val/city/image_00545_endo.png	/content/CityScapes/gtFine/labels/val/city/image_00545_endo_color_mask.png
/content/CityScapes/gtFine/images/val/city/image_00546_endo.png	/content/CityScapes/gtFine/labels/val/city/image_00546_endo_color_mask.png
/content/CityScapes/gtFine/images/val/city/image_00547_endo.png	/content/CityScapes/gtFine/labels/val/city/image_00547_endo_color_mask.png
/content/CityScapes/gtFine/images/val/city/image_00548_endo.png	/content/CityScapes/gtFine/labels/val/city/image_00548_endo_color_mask.png
/content/CityScapes/gtFine/images/val/city/image_00549_endo.png	/content/CityScapes/gtFine/labels/val/city/image_00549_endo_color_mask.png
/content/CityScapes/gtFine/images/val/city/image_00550_endo.png	/content/CityScapes/gtFine/labels/val/city/image_00550_endo_color_mask.png
/content/CityScapes/gtFine/images/val/city/image_00551_endo.png	/content/CityScapes/gtFine/labels/val/city/image_00551_endo_color_mask.png
/content/CityScapes/gtFine/images/val/city/image_00552_endo.png	/content/CityScapes/gtFine/labels/val/city/image_00552_endo_color_mask.png
/content/CityScapes/gtFine/images/val/city/image_00553_endo.png	/content/CityScapes/gtFine/labels/val/city/image_00553_endo_color_mask.png
/content/CityScapes/gtFine/images/val/city/image_00554_endo.png	/content/CityScapes/gtFine/labels/val/city/image_00554_endo_color_mask.png
/content/CityScapes/gtFine/images/val/city/image_00555_endo.png	/content/CityScapes/gtFine/labels/val/city/image_00555_endo_color_mask.png
/content/CityScapes/gtFine/images/val/city/image_00556_endo.png	/content/CityScapes/gtFine/labels/val/city/image_00556_endo_color_mask.png
/content/CityScapes/gtFine/images/val/city/image_00557_endo.png	/content/CityScapes/gtFine/labels/val/city/image_00557_endo_color_mask.png
/content/CityScapes/gtFine/images/val/city/image_00558_endo.png	/content/CityScapes/gtFine/labels/val/city/image_00558_endo_color_mask.png
/content/CityScapes/gtFine/images/val/city/image_00559_endo.png	/content/CityScapes/gtFine/labels/val/city/image_00559_endo_color_mask.png
/content/CityScapes/gtFine/images/val/city/image_00560_endo.png	/content/CityScapes/gtFine/labels/val/city/image_00560_endo_color_mask.png
/content/CityScapes/gtFine/images/val/city/image_00561_endo.png	/content/CityScapes/gtFine/labels/val/city/image_00561_endo_color_mask.png
/content/CityScapes/gtFine/images/val/city/image_00562_endo.png	/content/CityScapes/gtFine/labels/val/city/image_00562_endo_color_mask.png
/content/CityScapes/gtFine/images/val/city/image_00563_endo.png	/content/CityScapes/gtFine/labels/val/city/image_00563_endo_color_mask.png
/content/CityScapes/gtFine/images/val/city/image_00564_endo.png	/content/CityScapes/gtFine/labels/val/city/image_00564_endo_color_mask.png
/content/CityScapes/gtFine/images/val/city/image_00565_endo.png	/content/CityScapes/gtFine/labels/val/city/image_00565_endo_color_mask.png
/content/CityScapes/gtFine/images/val/city/image_00566_endo.png	/content/CityScapes/gtFine/labels/val/city/image_00566_endo_color_mask.png
/content/CityScapes/gtFine/images/val/city/image_00567_endo.png	/content/CityScapes/gtFine/labels/val/city/image_00567_endo_color_mask.png
/content/CityScapes/gtFine/images/val/city/image_00568_endo.png	/content/CityScapes/gtFine/labels/val/city/image_00568_endo_color_mask.png
/content/CityScapes/gtFine/images/val/city/image_00569_endo.png	/content/CityScapes/gtFine/labels/val/city/image_00569_endo_color_mask.png
/content/CityScapes/gtFine/images/val/city/image_00570_endo.png	/content/CityScapes/gtFine/labels/val/city/image_00570_endo_color_mask.png
/content/CityScapes/gtFine/images/val/city/image_00571_endo.png	/content/CityScapes/gtFine/labels/val/city/image_00571_endo_color_mask.png
/content/CityScapes/gtFine/images/val/city/image_00572_endo.png	/content/CityScapes/gtFine/labels/val/city/image_00572_endo_color_mask.png
/content/CityScapes/gtFine/images/val/city/image_00573_endo.png	/content/CityScapes/gtFine/labels/val/city/image_00573_endo_color_mask.png
/content/CityScapes/gtFine/images/val/city/image_00574_endo.png	/content/CityScapes/gtFine/labels/val/city/image_00574_endo_color_mask.png
/content/CityScapes/gtFine/images/val/city/image_00575_endo.png	/content/CityScapes/gtFine/labels/val/city/image_00575_endo_color_mask.png
/content/CityScapes/gtFine/images/val/city/image_00576_endo.png	/content/CityScapes/gtFine/labels/val/city/image_00576_endo_color_mask.png
/content/CityScapes/gtFine/images/val/city/image_00577_endo.png	/content/CityScapes/gtFine/labels/val/city/image_00577_endo_color_mask.png
/content/CityScapes/gtFine/images/val/city/image_00578_endo.png	/content/CityScapes/gtFine/labels/val/city/image_00578_endo_color_mask.png
/content/CityScapes/gtFine/images/val/city/image_00579_endo.png	/content/CityScapes/gtFine/labels/val/city/image_00579_endo_color_mask.png
/content/CityScapes/gtFine/images/val/city/image_00580_endo.png	/content/CityScapes/gtFine/labels/val/city/image_00580_endo_color_mask.png
/content/CityScapes/gtFine/images/val/city/image_00581_endo.png	/content/CityScapes/gtFine/labels/val/city/image_00581_endo_color_mask.png
/content/CityScapes/gtFine/images/val/city/image_00582_endo.png	/content/CityScapes/gtFine/labels/val/city/image_00582_endo_color_mask.png
/content/CityScapes/gtFine/images/val/city/image_00583_endo.png	/content/CityScapes/gtFine/labels/val/city/image_00583_endo_color_mask.png
/content/CityScapes/gtFine/images/val/city/image_00584_endo.png	/content/CityScapes/gtFine/labels/val/city/image_00584_endo_color_mask.png
/content/CityScapes/gtFine/images/val/city/image_00585_endo.png	/content/CityScapes/gtFine/labels/val/city/image_00585_endo_color_mask.png
/content/CityScapes/gtFine/images/val/city/image_00586_endo.png	/content/CityScapes/gtFine/labels/val/city/image_00586_endo_color_mask.png
/content/CityScapes/gtFine/images/val/city/image_00587_endo.png	/content/CityScapes/gtFine/labels/val/city/image_00587_endo_color_mask.png
/content/CityScapes/gtFine/images/val/city/image_00588_endo.png	/content/CityScapes/gtFine/labels/val/city/image_00588_endo_color_mask.png
/content/CityScapes/gtFine/images/val/city/image_00589_endo.png	/content/CityScapes/gtFine/labels/val/city/image_00589_endo_color_mask.png
/content/CityScapes/gtFine/images/val/city/image_00590_endo.png	/content/CityScapes/gtFine/labels/val/city/image_00590_endo_color_mask.png
/content/CityScapes/gtFine/images/val/city/image_00591_endo.png	/content/CityScapes/gtFine/labels/val/city/image_00591_endo_color_mask.png
/content/CityScapes/gtFine/images/val/city/image_00592_endo.png	/content/CityScapes/gtFine/labels/val/city/image_00592_endo_color_mask.png
/content/CityScapes/gtFine/images/val/city/image_00593_endo.png	/content/CityScapes/gtFine/labels/val/city/image_00593_endo_color_mask.png
/content/CityScapes/gtFine/images/val/city/image_00594_endo.png	/content/CityScapes/gtFine/labels/val/city/image_00594_endo_color_mask.png
/content/CityScapes/gtFine/images/val/city/image_00595_endo.png	/content/CityScapes/gtFine/labels/val/city/image_00595_endo_color_mask.png
/content/CityScapes/gtFine/images/val/city/image_00596_endo.png	/content/CityScapes/gtFine/labels/val/city/image_00596_endo_color_mask.png
/content/CityScapes/gtFine/images/val/city/image_00597_endo.png	/content/CityScapes/gtFine/labels/val/city/image_00597_endo_color_mask.png
/content/CityScapes/gtFine/images/val/city/image_00598_endo.png	/content/CityScapes/gtFine/labels/val/city/image_00598_endo_color_mask.png
/content/CityScapes/gtFine/images/val/city/image_00599_endo.png	/content/CityScapes/gtFine/labels/val/city/image_00599_endo_color_mask.png
/content/CityScapes/gtFine/images/val/city/image_00600_endo.png	/content/CityScapes/gtFine/labels/val/city/image_00600_endo_color_mask.png
/content/CityScapes/gtFine/images/val/city/image_00601_endo.png	/content/CityScapes/gtFine/labels/val/city/image_00601_endo_color_mask.png
/content/CityScapes/gtFine/images/val/city/image_00602_endo.png	/content/CityScapes/gtFine/labels/val/city/image_00602_endo_color_mask.png
/content/CityScapes/gtFine/images/val/city/image_00603_endo.png	/content/CityScapes/gtFine/labels/val/city/image_00603_endo_color_mask.png
/content/CityScapes/gtFine/images/val/city/image_00604_endo.png	/content/CityScapes/gtFine/labels/val/city/image_00604_endo_color_mask.png
/content/CityScapes/gtFine/images/val/city/image_00605_endo.png	/content/CityScapes/gtFine/labels/val/city/image_00605_endo_color_mask.png
/content/CityScapes/gtFine/images/val/city/image_00606_endo.png	/content/CityScapes/gtFine/labels/val/city/image_00606_endo_color_mask.png
/content/CityScapes/gtFine/images/val/city/image_00607_endo.png	/content/CityScapes/gtFine/labels/val/city/image_00607_endo_color_mask.png
/content/CityScapes/gtFine/images/val/city/image_00608_endo.png	/content/CityScapes/gtFine/labels/val/city/image_00608_endo_color_mask.png
/content/CityScapes/gtFine/images/val/city/image_00609_endo.png	/content/CityScapes/gtFine/labels/val/city/image_00609_endo_color_mask.png
/content/CityScapes/gtFine/images/val/city/image_00610_endo.png	/content/CityScapes/gtFine/labels/val/city/image_00610_endo_color_mask.png
/content/CityScapes/gtFine/images/val/city/image_00611_endo.png	/content/CityScapes/gtFine/labels/val/city/image_00611_endo_color_mask.png
/content/CityScapes/gtFine/images/val/city/image_00612_endo.png	/content/CityScapes/gtFine/labels/val/city/image_00612_endo_color_mask.png
/content/CityScapes/gtFine/images/val/city/image_00613_endo.png	/content/CityScapes/gtFine/labels/val/city/image_00613_endo_color_mask.png
/content/CityScapes/gtFine/images/val/city/image_00614_endo.png	/content/CityScapes/gtFine/labels/val/city/image_00614_endo_color_mask.png
/content/CityScapes/gtFine/images/val/city/image_00615_endo.png	/content/CityScapes/gtFine/labels/val/city/image_00615_endo_color_mask.png
/content/CityScapes/gtFine/images/val/city/image_00616_endo.png	/content/CityScapes/gtFine/labels/val/city/image_00616_endo_color_mask.png
/content/CityScapes/gtFine/images/val/city/image_00617_endo.png	/content/CityScapes/gtFine/labels/val/city/image_00617_endo_color_mask.png
/content/CityScapes/gtFine/images/val/city/image_00618_endo.png	/content/CityScapes/gtFine/labels/val/city/image_00618_endo_color_mask.png
/content/CityScapes/gtFine/images/val/city/image_00619_endo.png	/content/CityScapes/gtFine/labels/val/city/image_00619_endo_color_mask.png
/content/CityScapes/gtFine/images/val/city/image_00620_endo.png	/content/CityScapes/gtFine/labels/val/city/image_00620_endo_color_mask.png
/content/CityScapes/gtFine/images/val/city/image_00621_endo.png	/content/CityScapes/gtFine/labels/val/city/image_00621_endo_color_mask.png
/content/CityScapes/gtFine/images/val/city/image_00622_endo.png	/content/CityScapes/gtFine/labels/val/city/image_00622_endo_color_mask.png
/content/CityScapes/gtFine/images/val/city/image_00623_endo.png	/content/CityScapes/gtFine/labels/val/city/image_00623_endo_color_mask.png
/content/CityScapes/gtFine/images/val/city/image_00624_endo.png	/content/CityScapes/gtFine/labels/val/city/image_00624_endo_color_mask.png
/content/CityScapes/gtFine/images/val/city/image_00625_endo.png	/content/CityScapes/gtFine/labels/val/city/image_00625_endo_color_mask.png
/content/CityScapes/gtFine/images/val/city/image_00626_endo.png	/content/CityScapes/gtFine/labels/val/city/image_00626_endo_color_mask.png
/content/CityScapes/gtFine/images/val/city/image_00627_endo.png	/content/CityScapes/gtFine/labels/val/city/image_00627_endo_color_mask.png
/content/CityScapes/gtFine/images/val/city/image_00628_endo.png	/content/CityScapes/gtFine/labels/val/city/image_00628_endo_color_mask.png
/content/CityScapes/gtFine/images/val/city/image_00629_endo.png	/content/CityScapes/gtFine/labels/val/city/image_00629_endo_color_mask.png
/content/CityScapes/gtFine/images/val/city/image_00630_endo.png	/content/CityScapes/gtFine/labels/val/city/image_00630_endo_color_mask.png
/content/CityScapes/gtFine/images/val/city/image_00631_endo.png	/content/CityScapes/gtFine/labels/val/city/image_00631_endo_color_mask.png
/content/CityScapes/gtFine/images/val/city/image_00632_endo.png	/content/CityScapes/gtFine/labels/val/city/image_00632_endo_color_mask.png
/content/CityScapes/gtFine/images/val/city/image_00633_endo.png	/content/CityScapes/gtFine/labels/val/city/image_00633_endo_color_mask.png
/content/CityScapes/gtFine/images/val/city/image_00634_endo.png	/content/CityScapes/gtFine/labels/val/city/image_00634_endo_color_mask.png
/content/CityScapes/gtFine/images/val/city/image_00635_endo.png	/content/CityScapes/gtFine/labels/val/city/image_00635_endo_color_mask.png
/content/CityScapes/gtFine/images/val/city/image_00636_endo.png	/content/CityScapes/gtFine/labels/val/city/image_00636_endo_color_mask.png
/content/CityScapes/gtFine/images/val/city/image_00637_endo.png	/content/CityScapes/gtFine/labels/val/city/image_00637_endo_color_mask.png
/content/CityScapes/gtFine/images/val/city/image_00638_endo.png	/content/CityScapes/gtFine/labels/val/city/image_00638_endo_color_mask.png
/content/CityScapes/gtFine/images/val/city/image_00639_endo.png	/content/CityScapes/gtFine/labels/val/city/image_00639_endo_color_mask.png
/content/CityScapes/gtFine/images/val/city/image_00640_endo.png	/content/CityScapes/gtFine/labels/val/city/image_00640_endo_color_mask.png
/content/CityScapes/gtFine/images/val/city/image_00641_endo.png	/content/CityScapes/gtFine/labels/val/city/image_00641_endo_color_mask.png
/content/CityScapes/gtFine/images/val/city/image_00642_endo.png	/content/CityScapes/gtFine/labels/val/city/image_00642_endo_color_mask.png
/content/CityScapes/gtFine/images/val/city/image_00643_endo.png	/content/CityScapes/gtFine/labels/val/city/image_00643_endo_color_mask.png
/content/CityScapes/gtFine/images/val/city/image_00644_endo.png	/content/CityScapes/gtFine/labels/val/city/image_00644_endo_color_mask.png
/content/CityScapes/gtFine/images/val/city/image_00645_endo.png	/content/CityScapes/gtFine/labels/val/city/image_00645_endo_color_mask.png
/content/CityScapes/gtFine/images/val/city/image_00646_endo.png	/content/CityScapes/gtFine/labels/val/city/image_00646_endo_color_mask.png
/content/CityScapes/gtFine/images/val/city/image_00647_endo.png	/content/CityScapes/gtFine/labels/val/city/image_00647_endo_color_mask.png
/content/CityScapes/gtFine/images/val/city/image_00648_endo.png	/content/CityScapes/gtFine/labels/val/city/image_00648_endo_color_mask.png
/content/CityScapes/gtFine/images/val/city/image_00649_endo.png	/content/CityScapes/gtFine/labels/val/city/image_00649_endo_color_mask.png
/content/CityScapes/gtFine/images/val/city/image_00650_endo.png	/content/CityScapes/gtFine/labels/val/city/image_00650_endo_color_mask.png
/content/CityScapes/gtFine/images/val/city/image_00651_endo.png	/content/CityScapes/gtFine/labels/val/city/image_00651_endo_color_mask.png
/content/CityScapes/gtFine/images/val/city/image_00652_endo.png	/content/CityScapes/gtFine/labels/val/city/image_00652_endo_color_mask.png
/content/CityScapes/gtFine/images/val/city/image_00653_endo.png	/content/CityScapes/gtFine/labels/val/city/image_00653_endo_color_mask.png
/content/CityScapes/gtFine/images/val/city/image_00654_endo.png	/content/CityScapes/gtFine/labels/val/city/image_00654_endo_color_mask.png
/content/CityScapes/gtFine/images/val/city/image_00655_endo.png	/content/CityScapes/gtFine/labels/val/city/image_00655_endo_color_mask.png
/content/CityScapes/gtFine/images/val/city/image_00656_endo.png	/content/CityScapes/gtFine/labels/val/city/image_00656_endo_color_mask.png
/content/CityScapes/gtFine/images/val/city/image_00657_endo.png	/content/CityScapes/gtFine/labels/val/city/image_00657_endo_color_mask.png
/content/CityScapes/gtFine/images/val/city/image_00658_endo.png	/content/CityScapes/gtFine/labels/val/city/image_00658_endo_color_mask.png
/content/CityScapes/gtFine/images/val/city/image_00659_endo.png	/content/CityScapes/gtFine/labels/val/city/image_00659_endo_color_mask.png
/content/CityScapes/gtFine/images/val/city/image_00660_endo.png	/content/CityScapes/gtFine/labels/val/city/image_00660_endo_color_mask.png
/content/CityScapes/gtFine/images/val/city/image_00661_endo.png	/content/CityScapes/gtFine/labels/val/city/image_00661_endo_color_mask.png
/content/CityScapes/gtFine/images/val/city/image_00662_endo.png	/content/CityScapes/gtFine/labels/val/city/image_00662_endo_color_mask.png
/content/CityScapes/gtFine/images/val/city/image_00663_endo.png	/content/CityScapes/gtFine/labels/val/city/image_00663_endo_color_mask.png
/content/CityScapes/gtFine/images/val/city/image_00664_endo.png	/content/CityScapes/gtFine/labels/val/city/image_00664_endo_color_mask.png
/content/CityScapes/gtFine/images/val/city/image_00665_endo.png	/content/CityScapes/gtFine/labels/val/city/image_00665_endo_color_mask.png
/content/CityScapes/gtFine/images/val/city/image_00666_endo.png	/content/CityScapes/gtFine/labels/val/city/image_00666_endo_color_mask.png
/content/CityScapes/gtFine/images/val/city/image_00667_endo.png	/content/CityScapes/gtFine/labels/val/city/image_00667_endo_color_mask.png
/content/CityScapes/gtFine/images/val/city/image_00668_endo.png	/content/CityScapes/gtFine/labels/val/city/image_00668_endo_color_mask.png
/content/CityScapes/gtFine/images/val/city/image_00669_endo.png	/content/CityScapes/gtFine/labels/val/city/image_00669_endo_color_mask.png
/content/CityScapes/gtFine/images/val/city/image_00670_endo.png	/content/CityScapes/gtFine/labels/val/city/image_00670_endo_color_mask.png
/content/CityScapes/gtFine/images/val/city/image_00671_endo.png	/content/CityScapes/gtFine/labels/val/city/image_00671_endo_color_mask.png
/content/CityScapes/gtFine/images/val/city/image_00672_endo.png	/content/CityScapes/gtFine/labels/val/city/image_00672_endo_color_mask.png
/content/CityScapes/gtFine/images/val/city/image_00673_endo.png	/content/CityScapes/gtFine/labels/val/city/image_00673_endo_color_mask.png
/content/CityScapes/gtFine/images/val/city/image_00674_endo.png	/content/CityScapes/gtFine/labels/val/city/image_00674_endo_color_mask.png
/content/CityScapes/gtFine/images/val/city/image_00675_endo.png	/content/CityScapes/gtFine/labels/val/city/image_00675_endo_color_mask.png
/content/CityScapes/gtFine/images/val/city/image_00676_endo.png	/content/CityScapes/gtFine/labels/val/city/image_00676_endo_color_mask.png
/content/CityScapes/gtFine/images/val/city/image_00677_endo.png	/content/CityScapes/gtFine/labels/val/city/image_00677_endo_color_mask.png
/content/CityScapes/gtFine/images/val/city/image_00678_endo.png	/content/CityScapes/gtFine/labels/val/city/image_00678_endo_color_mask.png
/content/CityScapes/gtFine/images/val/city/image_00679_endo.png	/content/CityScapes/gtFine/labels/val/city/image_00679_endo_color_mask.png
/content/CityScapes/gtFine/images/val/city/image_00680_endo.png	/content/CityScapes/gtFine/labels/val/city/image_00680_endo_color_mask.png
/content/CityScapes/gtFine/images/val/city/image_00681_endo.png	/content/CityScapes/gtFine/labels/val/city/image_00681_endo_color_mask.png
/content/CityScapes/gtFine/images/val/city/image_00682_endo.png	/content/CityScapes/gtFine/labels/val/city/image_00682_endo_color_mask.png
/content/CityScapes/gtFine/images/val/city/image_00683_endo.png	/content/CityScapes/gtFine/labels/val/city/image_00683_endo_color_mask.png
/content/CityScapes/gtFine/images/val/city/image_00684_endo.png	/content/CityScapes/gtFine/labels/val/city/image_00684_endo_color_mask.png
/content/CityScapes/gtFine/images/val/city/image_00685_endo.png	/content/CityScapes/gtFine/labels/val/city/image_00685_endo_color_mask.png
/content/CityScapes/gtFine/images/val/city/image_00686_endo.png	/content/CityScapes/gtFine/labels/val/city/image_00686_endo_color_mask.png
/content/CityScapes/gtFine/images/val/city/image_00687_endo.png	/content/CityScapes/gtFine/labels/val/city/image_00687_endo_color_mask.png
/content/CityScapes/gtFine/images/val/city/image_00688_endo.png	/content/CityScapes/gtFine/labels/val/city/image_00688_endo_color_mask.png
/content/CityScapes/gtFine/images/val/city/image_00689_endo.png	/content/CityScapes/gtFine/labels/val/city/image_00689_endo_color_mask.png
/content/CityScapes/gtFine/images/val/city/image_00690_endo.png	/content/CityScapes/gtFine/labels/val/city/image_00690_endo_color_mask.png
/content/CityScapes/gtFine/images/val/city/image_00691_endo.png	/content/CityScapes/gtFine/labels/val/city/image_00691_endo_color_mask.png
/content/CityScapes/gtFine/images/val/city/image_00692_endo.png	/content/CityScapes/gtFine/labels/val/city/image_00692_endo_color_mask.png
/content/CityScapes/gtFine/images/val/city/image_00693_endo.png	/content/CityScapes/gtFine/labels/val/city/image_00693_endo_color_mask.png
/content/CityScapes/gtFine/images/val/city/image_00694_endo.png	/content/CityScapes/gtFine/labels/val/city/image_00694_endo_color_mask.png
/content/CityScapes/gtFine/images/val/city/image_00695_endo.png	/content/CityScapes/gtFine/labels/val/city/image_00695_endo_color_mask.png
/content/CityScapes/gtFine/images/val/city/image_00696_endo.png	/content/CityScapes/gtFine/labels/val/city/image_00696_endo_color_mask.png
/content/CityScapes/gtFine/images/val/city/image_00697_endo.png	/content/CityScapes/gtFine/labels/val/city/image_00697_endo_color_mask.png
/content/CityScapes/gtFine/images/val/city/image_00698_endo.png	/content/CityScapes/gtFine/labels/val/city/image_00698_endo_color_mask.png
/content/CityScapes/gtFine/images/val/city/image_00699_endo.png	/content/CityScapes/gtFine/labels/val/city/image_00699_endo_color_mask.png
/content/CityScapes/gtFine/images/val/city/image_00700_endo.png	/content/CityScapes/gtFine/labels/val/city/image_00700_endo_color_mask.png
/content/CityScapes/gtFine/images/val/city/image_00701_endo.png	/content/CityScapes/gtFine/labels/val/city/image_00701_endo_color_mask.png
/content/CityScapes/gtFine/images/val/city/image_00702_endo.png	/content/CityScapes/gtFine/labels/val/city/image_00702_endo_color_mask.png
/content/CityScapes/gtFine/images/val/city/image_00703_endo.png	/content/CityScapes/gtFine/labels/val/city/image_00703_endo_color_mask.png
/content/CityScapes/gtFine/images/val/city/image_00704_endo.png	/content/CityScapes/gtFine/labels/val/city/image_00704_endo_color_mask.png
/content/CityScapes/gtFine/images/val/city/image_00705_endo.png	/content/CityScapes/gtFine/labels/val/city/image_00705_endo_color_mask.png
/content/CityScapes/gtFine/images/val/city/image_00706_endo.png	/content/CityScapes/gtFine/labels/val/city/image_00706_endo_color_mask.png
/content/CityScapes/gtFine/images/val/city/image_00707_endo.png	/content/CityScapes/gtFine/labels/val/city/image_00707_endo_color_mask.png
/content/CityScapes/gtFine/images/val/city/image_00708_endo.png	/content/CityScapes/gtFine/labels/val/city/image_00708_endo_color_mask.png
/content/CityScapes/gtFine/images/val/city/image_00709_endo.png	/content/CityScapes/gtFine/labels/val/city/image_00709_endo_color_mask.png
/content/CityScapes/gtFine/images/val/city/image_00710_endo.png	/content/CityScapes/gtFine/labels/val/city/image_00710_endo_color_mask.png
/content/CityScapes/gtFine/images/val/city/image_00711_endo.png	/content/CityScapes/gtFine/labels/val/city/image_00711_endo_color_mask.png
/content/CityScapes/gtFine/images/val/city/image_00712_endo.png	/content/CityScapes/gtFine/labels/val/city/image_00712_endo_color_mask.png
/content/CityScapes/gtFine/images/val/city/image_00713_endo.png	/content/CityScapes/gtFine/labels/val/city/image_00713_endo_color_mask.png
/content/CityScapes/gtFine/images/val/city/image_00714_endo.png	/content/CityScapes/gtFine/labels/val/city/image_00714_endo_color_mask.png
/content/CityScapes/gtFine/images/val/city/image_00715_endo.png	/content/CityScapes/gtFine/labels/val/city/image_00715_endo_color_mask.png
/content/CityScapes/gtFine/images/val/city/image_00716_endo.png	/content/CityScapes/gtFine/labels/val/city/image_00716_endo_color_mask.png
/content/CityScapes/gtFine/images/val/city/image_00717_endo.png	/content/CityScapes/gtFine/labels/val/city/image_00717_endo_color_mask.png
/content/CityScapes/gtFine/images/val/city/image_00718_endo.png	/content/CityScapes/gtFine/labels/val/city/image_00718_endo_color_mask.png
/content/CityScapes/gtFine/images/val/city/image_00719_endo.png	/content/CityScapes/gtFine/labels/val/city/image_00719_endo_color_mask.png
/content/CityScapes/gtFine/images/val/city/image_00720_endo.png	/content/CityScapes/gtFine/labels/val/city/image_00720_endo_color_mask.png
/content/CityScapes/gtFine/images/val/city/image_00721_endo.png	/content/CityScapes/gtFine/labels/val/city/image_00721_endo_color_mask.png
/content/CityScapes/gtFine/images/val/city/image_00722_endo.png	/content/CityScapes/gtFine/labels/val/city/image_00722_endo_color_mask.png
/content/CityScapes/gtFine/images/val/city/image_00723_endo.png	/content/CityScapes/gtFine/labels/val/city/image_00723_endo_color_mask.png
/content/CityScapes/gtFine/images/val/city/image_00724_endo.png	/content/CityScapes/gtFine/labels/val/city/image_00724_endo_color_mask.png
/content/CityScapes/gtFine/images/val/city/image_00725_endo.png	/content/CityScapes/gtFine/labels/val/city/image_00725_endo_color_mask.png
/content/CityScapes/gtFine/images/val/city/image_00726_endo.png	/content/CityScapes/gtFine/labels/val/city/image_00726_endo_color_mask.png
/content/CityScapes/gtFine/images/val/city/image_00727_endo.png	/content/CityScapes/gtFine/labels/val/city/image_00727_endo_color_mask.png
/content/CityScapes/gtFine/images/val/city/image_00728_endo.png	/content/CityScapes/gtFine/labels/val/city/image_00728_endo_color_mask.png
/content/CityScapes/gtFine/images/val/city/image_00729_endo.png	/content/CityScapes/gtFine/labels/val/city/image_00729_endo_color_mask.png
/content/CityScapes/gtFine/images/val/city/image_00730_endo.png	/content/CityScapes/gtFine/labels/val/city/image_00730_endo_color_mask.png
/content/CityScapes/gtFine/images/val/city/image_00731_endo.png	/content/CityScapes/gtFine/labels/val/city/image_00731_endo_color_mask.png
/content/CityScapes/gtFine/images/val/city/image_00732_endo.png	/content/CityScapes/gtFine/labels/val/city/image_00732_endo_color_mask.png
/content/CityScapes/gtFine/images/val/city/image_00733_endo.png	/content/CityScapes/gtFine/labels/val/city/image_00733_endo_color_mask.png
/content/CityScapes/gtFine/images/val/city/image_00734_endo.png	/content/CityScapes/gtFine/labels/val/city/image_00734_endo_color_mask.png
/content/CityScapes/gtFine/images/val/city/image_00735_endo.png	/content/CityScapes/gtFine/labels/val/city/image_00735_endo_color_mask.png
/content/CityScapes/gtFine/images/val/city/image_00736_endo.png	/content/CityScapes/gtFine/labels/val/city/image_00736_endo_color_mask.png
/content/CityScapes/gtFine/images/val/city/image_00737_endo.png	/content/CityScapes/gtFine/labels/val/city/image_00737_endo_color_mask.png
/content/CityScapes/gtFine/images/val/city/image_00738_endo.png	/content/CityScapes/gtFine/labels/val/city/image_00738_endo_color_mask.png
/content/CityScapes/gtFine/images/val/city/image_00739_endo.png	/content/CityScapes/gtFine/labels/val/city/image_00739_endo_color_mask.png
/content/CityScapes/gtFine/images/val/city/image_00740_endo.png	/content/CityScapes/gtFine/labels/val/city/image_00740_endo_color_mask.png
/content/CityScapes/gtFine/images/val/city/image_00741_endo.png	/content/CityScapes/gtFine/labels/val/city/image_00741_endo_color_mask.png
/content/CityScapes/gtFine/images/val/city/image_00742_endo.png	/content/CityScapes/gtFine/labels/val/city/image_00742_endo_color_mask.png
/content/CityScapes/gtFine/images/val/city/image_00743_endo.png	/content/CityScapes/gtFine/labels/val/city/image_00743_endo_color_mask.png
/content/CityScapes/gtFine/images/val/city/image_00744_endo.png	/content/CityScapes/gtFine/labels/val/city/image_00744_endo_color_mask.png
/content/CityScapes/gtFine/images/val/city/image_00745_endo.png	/content/CityScapes/gtFine/labels/val/city/image_00745_endo_color_mask.png
/content/CityScapes/gtFine/images/val/city/image_00746_endo.png	/content/CityScapes/gtFine/labels/val/city/image_00746_endo_color_mask.png
/content/CityScapes/gtFine/images/val/city/image_00747_endo.png	/content/CityScapes/gtFine/labels/val/city/image_00747_endo_color_mask.png
/content/CityScapes/gtFine/images/val/city/image_00748_endo.png	/content/CityScapes/gtFine/labels/val/city/image_00748_endo_color_mask.png
/content/CityScapes/gtFine/images/val/city/image_00749_endo.png	/content/CityScapes/gtFine/labels/val/city/image_00749_endo_color_mask.png
/content/CityScapes/gtFine/images/val/city/image_00750_endo.png	/content/CityScapes/gtFine/labels/val/city/image_00750_endo_color_mask.png
/content/CityScapes/gtFine/images/val/city/image_00751_endo.png	/content/CityScapes/gtFine/labels/val/city/image_00751_endo_color_mask.png
/content/CityScapes/gtFine/images/val/city/image_00752_endo.png	/content/CityScapes/gtFine/labels/val/city/image_00752_endo_color_mask.png
/content/CityScapes/gtFine/images/val/city/image_00753_endo.png	/content/CityScapes/gtFine/labels/val/city/image_00753_endo_color_mask.png
/content/CityScapes/gtFine/images/val/city/image_00754_endo.png	/content/CityScapes/gtFine/labels/val/city/image_00754_endo_color_mask.png
/content/CityScapes/gtFine/images/val/city/image_00755_endo.png	/content/CityScapes/gtFine/labels/val/city/image_00755_endo_color_mask.png
/content/CityScapes/gtFine/images/val/city/image_00756_endo.png	/content/CityScapes/gtFine/labels/val/city/image_00756_endo_color_mask.png
/content/CityScapes/gtFine/images/val/city/image_00757_endo.png	/content/CityScapes/gtFine/labels/val/city/image_00757_endo_color_mask.png
/content/CityScapes/gtFine/images/val/city/image_00758_endo.png	/content/CityScapes/gtFine/labels/val/city/image_00758_endo_color_mask.png
/content/CityScapes/gtFine/images/val/city/image_00759_endo.png	/content/CityScapes/gtFine/labels/val/city/image_00759_endo_color_mask.png
/content/CityScapes/gtFine/images/val/city/image_00760_endo.png	/content/CityScapes/gtFine/labels/val/city/image_00760_endo_color_mask.png
/content/CityScapes/gtFine/images/val/city/image_00761_endo.png	/content/CityScapes/gtFine/labels/val/city/image_00761_endo_color_mask.png
/content/CityScapes/gtFine/images/val/city/image_00762_endo.png	/content/CityScapes/gtFine/labels/val/city/image_00762_endo_color_mask.png
/content/CityScapes/gtFine/images/val/city/image_00763_endo.png	/content/CityScapes/gtFine/labels/val/city/image_00763_endo_color_mask.png
/content/CityScapes/gtFine/images/val/city/image_00764_endo.png	/content/CityScapes/gtFine/labels/val/city/image_00764_endo_color_mask.png
/content/CityScapes/gtFine/images/val/city/image_00765_endo.png	/content/CityScapes/gtFine/labels/val/city/image_00765_endo_color_mask.png
/content/CityScapes/gtFine/images/val/city/image_00766_endo.png	/content/CityScapes/gtFine/labels/val/city/image_00766_endo_color_mask.png
/content/CityScapes/gtFine/images/val/city/image_00767_endo.png	/content/CityScapes/gtFine/labels/val/city/image_00767_endo_color_mask.png
/content/CityScapes/gtFine/images/val/city/image_00768_endo.png	/content/CityScapes/gtFine/labels/val/city/image_00768_endo_color_mask.png
/content/CityScapes/gtFine/images/val/city/image_00769_endo.png	/content/CityScapes/gtFine/labels/val/city/image_00769_endo_color_mask.png
/content/CityScapes/gtFine/images/val/city/image_00770_endo.png	/content/CityScapes/gtFine/labels/val/city/image_00770_endo_color_mask.png
/content/CityScapes/gtFine/images/val/city/image_00771_endo.png	/content/CityScapes/gtFine/labels/val/city/image_00771_endo_color_mask.png
/content/CityScapes/gtFine/images/val/city/image_00772_endo.png	/content/CityScapes/gtFine/labels/val/city/image_00772_endo_color_mask.png
/content/CityScapes/gtFine/images/val/city/image_00773_endo.png	/content/CityScapes/gtFine/labels/val/city/image_00773_endo_color_mask.png
/content/CityScapes/gtFine/images/val/city/image_00774_endo.png	/content/CityScapes/gtFine/labels/val/city/image_00774_endo_color_mask.png
/content/CityScapes/gtFine/images/val/city/image_00775_endo.png	/content/CityScapes/gtFine/labels/val/city/image_00775_endo_color_mask.png
/content/CityScapes/gtFine/images/val/city/image_00776_endo.png	/content/CityScapes/gtFine/labels/val/city/image_00776_endo_color_mask.png
/content/CityScapes/gtFine/images/val/city/image_00777_endo.png	/content/CityScapes/gtFine/labels/val/city/image_00777_endo_color_mask.png
/content/CityScapes/gtFine/images/val/city/image_00778_endo.png	/content/CityScapes/gtFine/labels/val/city/image_00778_endo_color_mask.png
/content/CityScapes/gtFine/images/val/city/image_00779_endo.png	/content/CityScapes/gtFine/labels/val/city/image_00779_endo_color_mask.png
/content/CityScapes/gtFine/images/val/city/image_00780_endo.png	/content/CityScapes/gtFine/labels/val/city/image_00780_endo_color_mask.png
/content/CityScapes/gtFine/images/val/city/image_00781_endo.png	/content/CityScapes/gtFine/labels/val/city/image_00781_endo_color_mask.png
/content/CityScapes/gtFine/images/val/city/image_00782_endo.png	/content/CityScapes/gtFine/labels/val/city/image_00782_endo_color_mask.png
/content/CityScapes/gtFine/images/val/city/image_00783_endo.png	/content/CityScapes/gtFine/labels/val/city/image_00783_endo_color_mask.png
/content/CityScapes/gtFine/images/val/city/image_00784_endo.png	/content/CityScapes/gtFine/labels/val/city/image_00784_endo_color_mask.png
/content/CityScapes/gtFine/images/val/city/image_00785_endo.png	/content/CityScapes/gtFine/labels/val/city/image_00785_endo_color_mask.png
/content/CityScapes/gtFine/images/val/city/image_00786_endo.png	/content/CityScapes/gtFine/labels/val/city/image_00786_endo_color_mask.png
/content/CityScapes/gtFine/images/val/city/image_00787_endo.png	/content/CityScapes/gtFine/labels/val/city/image_00787_endo_color_mask.png
/content/CityScapes/gtFine/images/val/city/image_00788_endo.png	/content/CityScapes/gtFine/labels/val/city/image_00788_endo_color_mask.png
/content/CityScapes/gtFine/images/val/city/image_00789_endo.png	/content/CityScapes/gtFine/labels/val/city/image_00789_endo_color_mask.png
/content/CityScapes/gtFine/images/val/city/image_00790_endo.png	/content/CityScapes/gtFine/labels/val/city/image_00790_endo_color_mask.png
/content/CityScapes/gtFine/images/val/city/image_00791_endo.png	/content/CityScapes/gtFine/labels/val/city/image_00791_endo_color_mask.png
/content/CityScapes/gtFine/images/val/city/image_00792_endo.png	/content/CityScapes/gtFine/labels/val/city/image_00792_endo_color_mask.png
/content/CityScapes/gtFine/images/val/city/image_00793_endo.png	/content/CityScapes/gtFine/labels/val/city/image_00793_endo_color_mask.png
/content/CityScapes/gtFine/images/val/city/image_00794_endo.png	/content/CityScapes/gtFine/labels/val/city/image_00794_endo_color_mask.png
/content/CityScapes/gtFine/images/val/city/image_00795_endo.png	/content/CityScapes/gtFine/labels/val/city/image_00795_endo_color_mask.png
/content/CityScapes/gtFine/images/val/city/image_00796_endo.png	/content/CityScapes/gtFine/labels/val/city/image_00796_endo_color_mask.png
/content/CityScapes/gtFine/images/val/city/image_00797_endo.png	/content/CityScapes/gtFine/labels/val/city/image_00797_endo_color_mask.png
/content/CityScapes/gtFine/images/val/city/image_00798_endo.png	/content/CityScapes/gtFine/labels/val/city/image_00798_endo_color_mask.png
/content/CityScapes/gtFine/images/val/city/image_00799_endo.png	/content/CityScapes/gtFine/labels/val/city/image_00799_endo_color_mask.png
/content/CityScapes/gtFine/images/val/city/image_00800_endo.png	/content/CityScapes/gtFine/labels/val/city/image_00800_endo_color_mask.png
/content/CityScapes/gtFine/images/val/city/image_00801_endo.png	/content/CityScapes/gtFine/labels/val/city/image_00801_endo_color_mask.png
/content/CityScapes/gtFine/images/val/city/image_00802_endo.png	/content/CityScapes/gtFine/labels/val/city/image_00802_endo_color_mask.png
/content/CityScapes/gtFine/images/val/city/image_00803_endo.png	/content/CityScapes/gtFine/labels/val/city/image_00803_endo_color_mask.png
/content/CityScapes/gtFine/images/val/city/image_00804_endo.png	/content/CityScapes/gtFine/labels/val/city/image_00804_endo_color_mask.png
/content/CityScapes/gtFine/images/val/city/image_00805_endo.png	/content/CityScapes/gtFine/labels/val/city/image_00805_endo_color_mask.png
/content/CityScapes/gtFine/images/val/city/image_00806_endo.png	/content/CityScapes/gtFine/labels/val/city/image_00806_endo_color_mask.png
/content/CityScapes/gtFine/images/val/city/image_00807_endo.png	/content/CityScapes/gtFine/labels/val/city/image_00807_endo_color_mask.png
/content/CityScapes/gtFine/images/val/city/image_00808_endo.png	/content/CityScapes/gtFine/labels/val/city/image_00808_endo_color_mask.png
/content/CityScapes/gtFine/images/val/city/image_00809_endo.png	/content/CityScapes/gtFine/labels/val/city/image_00809_endo_color_mask.png
/content/CityScapes/gtFine/images/val/city/image_00810_endo.png	/content/CityScapes/gtFine/labels/val/city/image_00810_endo_color_mask.png
/content/CityScapes/gtFine/images/val/city/image_00811_endo.png	/content/CityScapes/gtFine/labels/val/city/image_00811_endo_color_mask.png
/content/CityScapes/gtFine/images/val/city/image_00812_endo.png	/content/CityScapes/gtFine/labels/val/city/image_00812_endo_color_mask.png
/content/CityScapes/gtFine/images/val/city/image_00813_endo.png	/content/CityScapes/gtFine/labels/val/city/image_00813_endo_color_mask.png
/content/CityScapes/gtFine/images/val/city/image_00814_endo.png	/content/CityScapes/gtFine/labels/val/city/image_00814_endo_color_mask.png
/content/CityScapes/gtFine/images/val/city/image_00815_endo.png	/content/CityScapes/gtFine/labels/val/city/image_00815_endo_color_mask.png
/content/CityScapes/gtFine/images/val/city/image_00816_endo.png	/content/CityScapes/gtFine/labels/val/city/image_00816_endo_color_mask.png
/content/CityScapes/gtFine/images/val/city/image_00817_endo.png	/content/CityScapes/gtFine/labels/val/city/image_00817_endo_color_mask.png
/content/CityScapes/gtFine/images/val/city/image_00818_endo.png	/content/CityScapes/gtFine/labels/val/city/image_00818_endo_color_mask.png
/content/CityScapes/gtFine/images/val/city/image_00819_endo.png	/content/CityScapes/gtFine/labels/val/city/image_00819_endo_color_mask.png
/content/CityScapes/gtFine/images/val/city/image_00820_endo.png	/content/CityScapes/gtFine/labels/val/city/image_00820_endo_color_mask.png
/content/CityScapes/gtFine/images/val/city/image_00821_endo.png	/content/CityScapes/gtFine/labels/val/city/image_00821_endo_color_mask.png
/content/CityScapes/gtFine/images/val/city/image_00822_endo.png	/content/CityScapes/gtFine/labels/val/city/image_00822_endo_color_mask.png
/content/CityScapes/gtFine/images/val/city/image_00823_endo.png	/content/CityScapes/gtFine/labels/val/city/image_00823_endo_color_mask.png
/content/CityScapes/gtFine/images/val/city/image_00824_endo.png	/content/CityScapes/gtFine/labels/val/city/image_00824_endo_color_mask.png
/content/CityScapes/gtFine/images/val/city/image_00825_endo.png	/content/CityScapes/gtFine/labels/val/city/image_00825_endo_color_mask.png
/content/CityScapes/gtFine/images/val/city/image_00826_endo.png	/content/CityScapes/gtFine/labels/val/city/image_00826_endo_color_mask.png
/content/CityScapes/gtFine/images/val/city/image_00827_endo.png	/content/CityScapes/gtFine/labels/val/city/image_00827_endo_color_mask.png
/content/CityScapes/gtFine/images/val/city/image_00828_endo.png	/content/CityScapes/gtFine/labels/val/city/image_00828_endo_color_mask.png
/content/CityScapes/gtFine/images/val/city/image_00829_endo.png	/content/CityScapes/gtFine/labels/val/city/image_00829_endo_color_mask.png
/content/CityScapes/gtFine/images/val/city/image_00830_endo.png	/content/CityScapes/gtFine/labels/val/city/image_00830_endo_color_mask.png
/content/CityScapes/gtFine/images/val/city/image_00831_endo.png	/content/CityScapes/gtFine/labels/val/city/image_00831_endo_color_mask.png
/content/CityScapes/gtFine/images/val/city/image_00832_endo.png	/content/CityScapes/gtFine/labels/val/city/image_00832_endo_color_mask.png
/content/CityScapes/gtFine/images/val/city/image_00833_endo.png	/content/CityScapes/gtFine/labels/val/city/image_00833_endo_color_mask.png
/content/CityScapes/gtFine/images/val/city/image_00834_endo.png	/content/CityScapes/gtFine/labels/val/city/image_00834_endo_color_mask.png
/content/CityScapes/gtFine/images/val/city/image_00835_endo.png	/content/CityScapes/gtFine/labels/val/city/image_00835_endo_color_mask.png
/content/CityScapes/gtFine/images/val/city/image_00836_endo.png	/content/CityScapes/gtFine/labels/val/city/image_00836_endo_color_mask.png
/content/CityScapes/gtFine/images/val/city/image_00837_endo.png	/content/CityScapes/gtFine/labels/val/city/image_00837_endo_color_mask.png
/content/CityScapes/gtFine/images/val/city/image_00838_endo.png	/content/CityScapes/gtFine/labels/val/city/image_00838_endo_color_mask.png
/content/CityScapes/gtFine/images/val/city/image_00839_endo.png	/content/CityScapes/gtFine/labels/val/city/image_00839_endo_color_mask.png
/content/CityScapes/gtFine/images/val/city/image_00840_endo.png	/content/CityScapes/gtFine/labels/val/city/image_00840_endo_color_mask.png
/content/CityScapes/gtFine/images/val/city/image_00841_endo.png	/content/CityScapes/gtFine/labels/val/city/image_00841_endo_color_mask.png
/content/CityScapes/gtFine/images/val/city/image_00842_endo.png	/content/CityScapes/gtFine/labels/val/city/image_00842_endo_color_mask.png
/content/CityScapes/gtFine/images/val/city/image_00843_endo.png	/content/CityScapes/gtFine/labels/val/city/image_00843_endo_color_mask.png
/content/CityScapes/gtFine/images/val/city/image_00844_endo.png	/content/CityScapes/gtFine/labels/val/city/image_00844_endo_color_mask.png
/content/CityScapes/gtFine/images/val/city/image_00845_endo.png	/content/CityScapes/gtFine/labels/val/city/image_00845_endo_color_mask.png
/content/CityScapes/gtFine/images/val/city/image_00846_endo.png	/content/CityScapes/gtFine/labels/val/city/image_00846_endo_color_mask.png
/content/CityScapes/gtFine/images/val/city/image_00847_endo.png	/content/CityScapes/gtFine/labels/val/city/image_00847_endo_color_mask.png
/content/CityScapes/gtFine/images/val/city/image_00848_endo.png	/content/CityScapes/gtFine/labels/val/city/image_00848_endo_color_mask.png
/content/CityScapes/gtFine/images/val/city/image_00849_endo.png	/content/CityScapes/gtFine/labels/val/city/image_00849_endo_color_mask.png
/content/CityScapes/gtFine/images/val/city/image_00850_endo.png	/content/CityScapes/gtFine/labels/val/city/image_00850_endo_color_mask.png
/content/CityScapes/gtFine/images/val/city/image_00851_endo.png	/content/CityScapes/gtFine/labels/val/city/image_00851_endo_color_mask.png
/content/CityScapes/gtFine/images/val/city/image_00852_endo.png	/content/CityScapes/gtFine/labels/val/city/image_00852_endo_color_mask.png
/content/CityScapes/gtFine/images/val/city/image_00853_endo.png	/content/CityScapes/gtFine/labels/val/city/image_00853_endo_color_mask.png
/content/CityScapes/gtFine/images/val/city/image_00854_endo.png	/content/CityScapes/gtFine/labels/val/city/image_00854_endo_color_mask.png
/content/CityScapes/gtFine/images/val/city/image_00855_endo.png	/content/CityScapes/gtFine/labels/val/city/image_00855_endo_color_mask.png
/content/CityScapes/gtFine/images/val/city/image_00856_endo.png	/content/CityScapes/gtFine/labels/val/city/image_00856_endo_color_mask.png
/content/CityScapes/gtFine/images/val/city/image_00857_endo.png	/content/CityScapes/gtFine/labels/val/city/image_00857_endo_color_mask.png
/content/CityScapes/gtFine/images/val/city/image_00858_endo.png	/content/CityScapes/gtFine/labels/val/city/image_00858_endo_color_mask.png
/content/CityScapes/gtFine/images/val/city/image_00859_endo.png	/content/CityScapes/gtFine/labels/val/city/image_00859_endo_color_mask.png
/content/CityScapes/gtFine/images/val/city/image_00860_endo.png	/content/CityScapes/gtFine/labels/val/city/image_00860_endo_color_mask.png
/content/CityScapes/gtFine/images/val/city/image_00861_endo.png	/content/CityScapes/gtFine/labels/val/city/image_00861_endo_color_mask.png
/content/CityScapes/gtFine/images/val/city/image_00862_endo.png	/content/CityScapes/gtFine/labels/val/city/image_00862_endo_color_mask.png
/content/CityScapes/gtFine/images/val/city/image_00863_endo.png	/content/CityScapes/gtFine/labels/val/city/image_00863_endo_color_mask.png
/content/CityScapes/gtFine/images/val/city/image_00864_endo.png	/content/CityScapes/gtFine/labels/val/city/image_00864_endo_color_mask.png
/content/CityScapes/gtFine/images/val/city/image_00865_endo.png	/content/CityScapes/gtFine/labels/val/city/image_00865_endo_color_mask.png
/content/CityScapes/gtFine/images/val/city/image_00866_endo.png	/content/CityScapes/gtFine/labels/val/city/image_00866_endo_color_mask.png
/content/CityScapes/gtFine/images/val/city/image_00867_endo.png	/content/CityScapes/gtFine/labels/val/city/image_00867_endo_color_mask.png
/content/CityScapes/gtFine/images/val/city/image_00868_endo.png	/content/CityScapes/gtFine/labels/val/city/image_00868_endo_color_mask.png
/content/CityScapes/gtFine/images/val/city/image_00869_endo.png	/content/CityScapes/gtFine/labels/val/city/image_00869_endo_color_mask.png
/content/CityScapes/gtFine/images/val/city/image_00870_endo.png	/content/CityScapes/gtFine/labels/val/city/image_00870_endo_color_mask.png
/content/CityScapes/gtFine/images/val/city/image_00871_endo.png	/content/CityScapes/gtFine/labels/val/city/image_00871_endo_color_mask.png
/content/CityScapes/gtFine/images/val/city/image_00872_endo.png	/content/CityScapes/gtFine/labels/val/city/image_00872_endo_color_mask.png
/content/CityScapes/gtFine/images/val/city/image_00873_endo.png	/content/CityScapes/gtFine/labels/val/city/image_00873_endo_color_mask.png
/content/CityScapes/gtFine/images/val/city/image_00874_endo.png	/content/CityScapes/gtFine/labels/val/city/image_00874_endo_color_mask.png
/content/CityScapes/gtFine/images/val/city/image_00875_endo.png	/content/CityScapes/gtFine/labels/val/city/image_00875_endo_color_mask.png
/content/CityScapes/gtFine/images/val/city/image_00876_endo.png	/content/CityScapes/gtFine/labels/val/city/image_00876_endo_color_mask.png
/content/CityScapes/gtFine/images/val/city/image_00877_endo.png	/content/CityScapes/gtFine/labels/val/city/image_00877_endo_color_mask.png
/content/CityScapes/gtFine/images/val/city/image_00878_endo.png	/content/CityScapes/gtFine/labels/val/city/image_00878_endo_color_mask.png
/content/CityScapes/gtFine/images/val/city/image_00879_endo.png	/content/CityScapes/gtFine/labels/val/city/image_00879_endo_color_mask.png
/content/CityScapes/gtFine/images/val/city/image_00880_endo.png	/content/CityScapes/gtFine/labels/val/city/image_00880_endo_color_mask.png
/content/CityScapes/gtFine/images/val/city/image_00881_endo.png	/content/CityScapes/gtFine/labels/val/city/image_00881_endo_color_mask.png
/content/CityScapes/gtFine/images/val/city/image_00882_endo.png	/content/CityScapes/gtFine/labels/val/city/image_00882_endo_color_mask.png
/content/CityScapes/gtFine/images/val/city/image_00883_endo.png	/content/CityScapes/gtFine/labels/val/city/image_00883_endo_color_mask.png
/content/CityScapes/gtFine/images/val/city/image_00884_endo.png	/content/CityScapes/gtFine/labels/val/city/image_00884_endo_color_mask.png
/content/CityScapes/gtFine/images/val/city/image_00885_endo.png	/content/CityScapes/gtFine/labels/val/city/image_00885_endo_color_mask.png
/content/CityScapes/gtFine/images/val/city/image_00886_endo.png	/content/CityScapes/gtFine/labels/val/city/image_00886_endo_color_mask.png
/content/CityScapes/gtFine/images/val/city/image_00887_endo.png	/content/CityScapes/gtFine/labels/val/city/image_00887_endo_color_mask.png
/content/CityScapes/gtFine/images/val/city/image_00888_endo.png	/content/CityScapes/gtFine/labels/val/city/image_00888_endo_color_mask.png
/content/CityScapes/gtFine/images/val/city/image_00889_endo.png	/content/CityScapes/gtFine/labels/val/city/image_00889_endo_color_mask.png
/content/CityScapes/gtFine/images/val/city/image_00890_endo.png	/content/CityScapes/gtFine/labels/val/city/image_00890_endo_color_mask.png
/content/CityScapes/gtFine/images/val/city/image_00891_endo.png	/content/CityScapes/gtFine/labels/val/city/image_00891_endo_color_mask.png
/content/CityScapes/gtFine/images/val/city/image_00892_endo.png	/content/CityScapes/gtFine/labels/val/city/image_00892_endo_color_mask.png
/content/CityScapes/gtFine/images/val/city/image_00893_endo.png	/content/CityScapes/gtFine/labels/val/city/image_00893_endo_color_mask.png
/content/CityScapes/gtFine/images/val/city/image_00894_endo.png	/content/CityScapes/gtFine/labels/val/city/image_00894_endo_color_mask.png
/content/CityScapes/gtFine/images/val/city/image_00895_endo.png	/content/CityScapes/gtFine/labels/val/city/image_00895_endo_color_mask.png
/content/CityScapes/gtFine/images/val/city/image_00896_endo.png	/content/CityScapes/gtFine/labels/val/city/image_00896_endo_color_mask.png
/content/CityScapes/gtFine/images/val/city/image_00897_endo.png	/content/CityScapes/gtFine/labels/val/city/image_00897_endo_color_mask.png
/content/CityScapes/gtFine/images/val/city/image_00898_endo.png	/content/CityScapes/gtFine/labels/val/city/image_00898_endo_color_mask.png
/content/CityScapes/gtFine/images/val/city/image_00899_endo.png	/content/CityScapes/gtFine/labels/val/city/image_00899_endo_color_mask.png
/content/CityScapes/gtFine/images/val/city/image_00900_endo.png	/content/CityScapes/gtFine/labels/val/city/image_00900_endo_color_mask.png
/content/CityScapes/gtFine/images/val/city/image_00901_endo.png	/content/CityScapes/gtFine/labels/val/city/image_00901_endo_color_mask.png
/content/CityScapes/gtFine/images/val/city/image_00902_endo.png	/content/CityScapes/gtFine/labels/val/city/image_00902_endo_color_mask.png
/content/CityScapes/gtFine/images/val/city/image_00903_endo.png	/content/CityScapes/gtFine/labels/val/city/image_00903_endo_color_mask.png
/content/CityScapes/gtFine/images/val/city/image_00904_endo.png	/content/CityScapes/gtFine/labels/val/city/image_00904_endo_color_mask.png
/content/CityScapes/gtFine/images/val/city/image_00905_endo.png	/content/CityScapes/gtFine/labels/val/city/image_00905_endo_color_mask.png
/content/CityScapes/gtFine/images/val/city/image_00906_endo.png	/content/CityScapes/gtFine/labels/val/city/image_00906_endo_color_mask.png
/content/CityScapes/gtFine/images/val/city/image_00907_endo.png	/content/CityScapes/gtFine/labels/val/city/image_00907_endo_color_mask.png
/content/CityScapes/gtFine/images/val/city/image_00908_endo.png	/content/CityScapes/gtFine/labels/val/city/image_00908_endo_color_mask.png
/content/CityScapes/gtFine/images/val/city/image_00909_endo.png	/content/CityScapes/gtFine/labels/val/city/image_00909_endo_color_mask.png
/content/CityScapes/gtFine/images/val/city/image_00910_endo.png	/content/CityScapes/gtFine/labels/val/city/image_00910_endo_color_mask.png
/content/CityScapes/gtFine/images/val/city/image_00911_endo.png	/content/CityScapes/gtFine/labels/val/city/image_00911_endo_color_mask.png
/content/CityScapes/gtFine/images/val/city/image_00912_endo.png	/content/CityScapes/gtFine/labels/val/city/image_00912_endo_color_mask.png
/content/CityScapes/gtFine/images/val/city/image_00913_endo.png	/content/CityScapes/gtFine/labels/val/city/image_00913_endo_color_mask.png
/content/CityScapes/gtFine/images/val/city/image_00914_endo.png	/content/CityScapes/gtFine/labels/val/city/image_00914_endo_color_mask.png
/content/CityScapes/gtFine/images/val/city/image_00915_endo.png	/content/CityScapes/gtFine/labels/val/city/image_00915_endo_color_mask.png
/content/CityScapes/gtFine/images/val/city/image_00916_endo.png	/content/CityScapes/gtFine/labels/val/city/image_00916_endo_color_mask.png
/content/CityScapes/gtFine/images/val/city/image_00917_endo.png	/content/CityScapes/gtFine/labels/val/city/image_00917_endo_color_mask.png
/content/CityScapes/gtFine/images/val/city/image_00918_endo.png	/content/CityScapes/gtFine/labels/val/city/image_00918_endo_color_mask.png
/content/CityScapes/gtFine/images/val/city/image_00919_endo.png	/content/CityScapes/gtFine/labels/val/city/image_00919_endo_color_mask.png
/content/CityScapes/gtFine/images/val/city/image_00920_endo.png	/content/CityScapes/gtFine/labels/val/city/image_00920_endo_color_mask.png
/content/CityScapes/gtFine/images/val/city/image_00921_endo.png	/content/CityScapes/gtFine/labels/val/city/image_00921_endo_color_mask.png
/content/CityScapes/gtFine/images/val/city/image_00922_endo.png	/content/CityScapes/gtFine/labels/val/city/image_00922_endo_color_mask.png
/content/CityScapes/gtFine/images/val/city/image_00923_endo.png	/content/CityScapes/gtFine/labels/val/city/image_00923_endo_color_mask.png
/content/CityScapes/gtFine/images/val/city/image_00924_endo.png	/content/CityScapes/gtFine/labels/val/city/image_00924_endo_color_mask.png
/content/CityScapes/gtFine/images/val/city/image_00925_endo.png	/content/CityScapes/gtFine/labels/val/city/image_00925_endo_color_mask.png
/content/CityScapes/gtFine/images/val/city/image_00926_endo.png	/content/CityScapes/gtFine/labels/val/city/image_00926_endo_color_mask.png
/content/CityScapes/gtFine/images/val/city/image_00927_endo.png	/content/CityScapes/gtFine/labels/val/city/image_00927_endo_color_mask.png
/content/CityScapes/gtFine/images/val/city/image_00928_endo.png	/content/CityScapes/gtFine/labels/val/city/image_00928_endo_color_mask.png
/content/CityScapes/gtFine/images/val/city/image_00929_endo.png	/content/CityScapes/gtFine/labels/val/city/image_00929_endo_color_mask.png
/content/CityScapes/gtFine/images/val/city/image_00930_endo.png	/content/CityScapes/gtFine/labels/val/city/image_00930_endo_color_mask.png
/content/CityScapes/gtFine/images/val/city/image_00931_endo.png	/content/CityScapes/gtFine/labels/val/city/image_00931_endo_color_mask.png
/content/CityScapes/gtFine/images/val/city/image_00932_endo.png	/content/CityScapes/gtFine/labels/val/city/image_00932_endo_color_mask.png
/content/CityScapes/gtFine/images/val/city/image_00933_endo.png	/content/CityScapes/gtFine/labels/val/city/image_00933_endo_color_mask.png
/content/CityScapes/gtFine/images/val/city/image_00934_endo.png	/content/CityScapes/gtFine/labels/val/city/image_00934_endo_color_mask.png
/content/CityScapes/gtFine/images/val/city/image_00935_endo.png	/content/CityScapes/gtFine/labels/val/city/image_00935_endo_color_mask.png
/content/CityScapes/gtFine/images/val/city/image_00936_endo.png	/content/CityScapes/gtFine/labels/val/city/image_00936_endo_color_mask.png
/content/CityScapes/gtFine/images/val/city/image_00937_endo.png	/content/CityScapes/gtFine/labels/val/city/image_00937_endo_color_mask.png
/content/CityScapes/gtFine/images/val/city/image_00938_endo.png	/content/CityScapes/gtFine/labels/val/city/image_00938_endo_color_mask.png
/content/CityScapes/gtFine/images/val/city/image_00939_endo.png	/content/CityScapes/gtFine/labels/val/city/image_00939_endo_color_mask.png
/content/CityScapes/gtFine/images/val/city/image_00940_endo.png	/content/CityScapes/gtFine/labels/val/city/image_00940_endo_color_mask.png
/content/CityScapes/gtFine/images/val/city/image_00941_endo.png	/content/CityScapes/gtFine/labels/val/city/image_00941_endo_color_mask.png
/content/CityScapes/gtFine/images/val/city/image_00942_endo.png	/content/CityScapes/gtFine/labels/val/city/image_00942_endo_color_mask.png
/content/CityScapes/gtFine/images/val/city/image_00943_endo.png	/content/CityScapes/gtFine/labels/val/city/image_00943_endo_color_mask.png
/content/CityScapes/gtFine/images/val/city/image_00944_endo.png	/content/CityScapes/gtFine/labels/val/city/image_00944_endo_color_mask.png
/content/CityScapes/gtFine/images/val/city/image_00945_endo.png	/content/CityScapes/gtFine/labels/val/city/image_00945_endo_color_mask.png
/content/CityScapes/gtFine/images/val/city/image_00946_endo.png	/content/CityScapes/gtFine/labels/val/city/image_00946_endo_color_mask.png
/content/CityScapes/gtFine/images/val/city/image_00947_endo.png	/content/CityScapes/gtFine/labels/val/city/image_00947_endo_color_mask.png
/content/CityScapes/gtFine/images/val/city/image_00948_endo.png	/content/CityScapes/gtFine/labels/val/city/image_00948_endo_color_mask.png
/content/CityScapes/gtFine/images/val/city/image_00949_endo.png	/content/CityScapes/gtFine/labels/val/city/image_00949_endo_color_mask.png
/content/CityScapes/gtFine/images/val/city/image_00950_endo.png	/content/CityScapes/gtFine/labels/val/city/image_00950_endo_color_mask.png
/content/CityScapes/gtFine/images/val/city/image_00951_endo.png	/content/CityScapes/gtFine/labels/val/city/image_00951_endo_color_mask.png
/content/CityScapes/gtFine/images/val/city/image_00952_endo.png	/content/CityScapes/gtFine/labels/val/city/image_00952_endo_color_mask.png
/content/CityScapes/gtFine/images/val/city/image_00953_endo.png	/content/CityScapes/gtFine/labels/val/city/image_00953_endo_color_mask.png
/content/CityScapes/gtFine/images/val/city/image_00954_endo.png	/content/CityScapes/gtFine/labels/val/city/image_00954_endo_color_mask.png
/content/CityScapes/gtFine/images/val/city/image_00955_endo.png	/content/CityScapes/gtFine/labels/val/city/image_00955_endo_color_mask.png
/content/CityScapes/gtFine/images/val/city/image_00956_endo.png	/content/CityScapes/gtFine/labels/val/city/image_00956_endo_color_mask.png
/content/CityScapes/gtFine/images/val/city/image_00957_endo.png	/content/CityScapes/gtFine/labels/val/city/image_00957_endo_color_mask.png
/content/CityScapes/gtFine/images/val/city/image_00958_endo.png	/content/CityScapes/gtFine/labels/val/city/image_00958_endo_color_mask.png
/content/CityScapes/gtFine/images/val/city/image_00959_endo.png	/content/CityScapes/gtFine/labels/val/city/image_00959_endo_color_mask.png
/content/CityScapes/gtFine/images/val/city/image_00960_endo.png	/content/CityScapes/gtFine/labels/val/city/image_00960_endo_color_mask.png
/content/CityScapes/gtFine/images/val/city/image_00961_endo.png	/content/CityScapes/gtFine/labels/val/city/image_00961_endo_color_mask.png
/content/CityScapes/gtFine/images/val/city/image_00962_endo.png	/content/CityScapes/gtFine/labels/val/city/image_00962_endo_color_mask.png
/content/CityScapes/gtFine/images/val/city/image_00963_endo.png	/content/CityScapes/gtFine/labels/val/city/image_00963_endo_color_mask.png
/content/CityScapes/gtFine/images/val/city/image_00964_endo.png	/content/CityScapes/gtFine/labels/val/city/image_00964_endo_color_mask.png
/content/CityScapes/gtFine/images/val/city/image_00965_endo.png	/content/CityScapes/gtFine/labels/val/city/image_00965_endo_color_mask.png
/content/CityScapes/gtFine/images/val/city/image_00966_endo.png	/content/CityScapes/gtFine/labels/val/city/image_00966_endo_color_mask.png
/content/CityScapes/gtFine/images/val/city/image_00967_endo.png	/content/CityScapes/gtFine/labels/val/city/image_00967_endo_color_mask.png
/content/CityScapes/gtFine/images/val/city/image_00968_endo.png	/content/CityScapes/gtFine/labels/val/city/image_00968_endo_color_mask.png
/content/CityScapes/gtFine/images/val/city/image_00969_endo.png	/content/CityScapes/gtFine/labels/val/city/image_00969_endo_color_mask.png
/content/CityScapes/gtFine/images/val/city/image_00970_endo.png	/content/CityScapes/gtFine/labels/val/city/image_00970_endo_color_mask.png
/content/CityScapes/gtFine/images/val/city/image_00971_endo.png	/content/CityScapes/gtFine/labels/val/city/image_00971_endo_color_mask.png
/content/CityScapes/gtFine/images/val/city/image_00972_endo.png	/content/CityScapes/gtFine/labels/val/city/image_00972_endo_color_mask.png
/content/CityScapes/gtFine/images/val/city/image_00973_endo.png	/content/CityScapes/gtFine/labels/val/city/image_00973_endo_color_mask.png
/content/CityScapes/gtFine/images/val/city/image_00974_endo.png	/content/CityScapes/gtFine/labels/val/city/image_00974_endo_color_mask.png
/content/CityScapes/gtFine/images/val/city/image_00975_endo.png	/content/CityScapes/gtFine/labels/val/city/image_00975_endo_color_mask.png
/content/CityScapes/gtFine/images/val/city/image_00976_endo.png	/content/CityScapes/gtFine/labels/val/city/image_00976_endo_color_mask.png
/content/CityScapes/gtFine/images/val/city/image_00977_endo.png	/content/CityScapes/gtFine/labels/val/city/image_00977_endo_color_mask.png
/content/CityScapes/gtFine/images/val/city/image_00978_endo.png	/content/CityScapes/gtFine/labels/val/city/image_00978_endo_color_mask.png
/content/CityScapes/gtFine/images/val/city/image_00979_endo.png	/content/CityScapes/gtFine/labels/val/city/image_00979_endo_color_mask.png
/content/CityScapes/gtFine/images/val/city/image_00980_endo.png	/content/CityScapes/gtFine/labels/val/city/image_00980_endo_color_mask.png
/content/CityScapes/gtFine/images/val/city/image_00981_endo.png	/content/CityScapes/gtFine/labels/val/city/image_00981_endo_color_mask.png
/content/CityScapes/gtFine/images/val/city/image_00982_endo.png	/content/CityScapes/gtFine/labels/val/city/image_00982_endo_color_mask.png
/content/CityScapes/gtFine/images/val/city/image_00983_endo.png	/content/CityScapes/gtFine/labels/val/city/image_00983_endo_color_mask.png
/content/CityScapes/gtFine/images/val/city/image_00984_endo.png	/content/CityScapes/gtFine/labels/val/city/image_00984_endo_color_mask.png
/content/CityScapes/gtFine/images/val/city/image_00985_endo.png	/content/CityScapes/gtFine/labels/val/city/image_00985_endo_color_mask.png
/content/CityScapes/gtFine/images/val/city/image_00986_endo.png	/content/CityScapes/gtFine/labels/val/city/image_00986_endo_color_mask.png
/content/CityScapes/gtFine/images/val/city/image_00987_endo.png	/content/CityScapes/gtFine/labels/val/city/image_00987_endo_color_mask.png
/content/CityScapes/gtFine/images/val/city/image_00988_endo.png	/content/CityScapes/gtFine/labels/val/city/image_00988_endo_color_mask.png
/content/CityScapes/gtFine/images/val/city/image_00989_endo.png	/content/CityScapes/gtFine/labels/val/city/image_00989_endo_color_mask.png
/content/CityScapes/gtFine/images/val/city/image_00990_endo.png	/content/CityScapes/gtFine/labels/val/city/image_00990_endo_color_mask.png
/content/CityScapes/gtFine/images/val/city/image_00991_endo.png	/content/CityScapes/gtFine/labels/val/city/image_00991_endo_color_mask.png
/content/CityScapes/gtFine/images/val/city/image_00992_endo.png	/content/CityScapes/gtFine/labels/val/city/image_00992_endo_color_mask.png
/content/CityScapes/gtFine/images/val/city/image_00993_endo.png	/content/CityScapes/gtFine/labels/val/city/image_00993_endo_color_mask.png
/content/CityScapes/gtFine/images/val/city/image_00994_endo.png	/content/CityScapes/gtFine/labels/val/city/image_00994_endo_color_mask.png
/content/CityScapes/gtFine/images/val/city/image_00995_endo.png	/content/CityScapes/gtFine/labels/val/city/image_00995_endo_color_mask.png
/content/CityScapes/gtFine/images/val/city/image_00996_endo.png	/content/CityScapes/gtFine/labels/val/city/image_00996_endo_color_mask.png
