/content/CityScapes/gtFine/images/val/city/image_500_endo.png	/content/CityScapes/gtFine/labels/val/city/image_500_endo_color_mask.png
/content/CityScapes/gtFine/images/val/city/image_501_endo.png	/content/CityScapes/gtFine/labels/val/city/image_501_endo_color_mask.png
/content/CityScapes/gtFine/images/val/city/image_502_endo.png	/content/CityScapes/gtFine/labels/val/city/image_502_endo_color_mask.png
/content/CityScapes/gtFine/images/val/city/image_503_endo.png	/content/CityScapes/gtFine/labels/val/city/image_503_endo_color_mask.png
/content/CityScapes/gtFine/images/val/city/image_504_endo.png	/content/CityScapes/gtFine/labels/val/city/image_504_endo_color_mask.png
/content/CityScapes/gtFine/images/val/city/image_505_endo.png	/content/CityScapes/gtFine/labels/val/city/image_505_endo_color_mask.png
/content/CityScapes/gtFine/images/val/city/image_506_endo.png	/content/CityScapes/gtFine/labels/val/city/image_506_endo_color_mask.png
/content/CityScapes/gtFine/images/val/city/image_507_endo.png	/content/CityScapes/gtFine/labels/val/city/image_507_endo_color_mask.png
/content/CityScapes/gtFine/images/val/city/image_508_endo.png	/content/CityScapes/gtFine/labels/val/city/image_508_endo_color_mask.png
/content/CityScapes/gtFine/images/val/city/image_509_endo.png	/content/CityScapes/gtFine/labels/val/city/image_509_endo_color_mask.png
/content/CityScapes/gtFine/images/val/city/image_510_endo.png	/content/CityScapes/gtFine/labels/val/city/image_510_endo_color_mask.png
/content/CityScapes/gtFine/images/val/city/image_511_endo.png	/content/CityScapes/gtFine/labels/val/city/image_511_endo_color_mask.png
/content/CityScapes/gtFine/images/val/city/image_512_endo.png	/content/CityScapes/gtFine/labels/val/city/image_512_endo_color_mask.png
/content/CityScapes/gtFine/images/val/city/image_513_endo.png	/content/CityScapes/gtFine/labels/val/city/image_513_endo_color_mask.png
/content/CityScapes/gtFine/images/val/city/image_514_endo.png	/content/CityScapes/gtFine/labels/val/city/image_514_endo_color_mask.png
/content/CityScapes/gtFine/images/val/city/image_515_endo.png	/content/CityScapes/gtFine/labels/val/city/image_515_endo_color_mask.png
/content/CityScapes/gtFine/images/val/city/image_516_endo.png	/content/CityScapes/gtFine/labels/val/city/image_516_endo_color_mask.png
/content/CityScapes/gtFine/images/val/city/image_517_endo.png	/content/CityScapes/gtFine/labels/val/city/image_517_endo_color_mask.png
/content/CityScapes/gtFine/images/val/city/image_518_endo.png	/content/CityScapes/gtFine/labels/val/city/image_518_endo_color_mask.png
/content/CityScapes/gtFine/images/val/city/image_519_endo.png	/content/CityScapes/gtFine/labels/val/city/image_519_endo_color_mask.png
/content/CityScapes/gtFine/images/val/city/image_520_endo.png	/content/CityScapes/gtFine/labels/val/city/image_520_endo_color_mask.png
/content/CityScapes/gtFine/images/val/city/image_521_endo.png	/content/CityScapes/gtFine/labels/val/city/image_521_endo_color_mask.png
/content/CityScapes/gtFine/images/val/city/image_522_endo.png	/content/CityScapes/gtFine/labels/val/city/image_522_endo_color_mask.png
/content/CityScapes/gtFine/images/val/city/image_523_endo.png	/content/CityScapes/gtFine/labels/val/city/image_523_endo_color_mask.png
/content/CityScapes/gtFine/images/val/city/image_524_endo.png	/content/CityScapes/gtFine/labels/val/city/image_524_endo_color_mask.png
/content/CityScapes/gtFine/images/val/city/image_525_endo.png	/content/CityScapes/gtFine/labels/val/city/image_525_endo_color_mask.png
/content/CityScapes/gtFine/images/val/city/image_526_endo.png	/content/CityScapes/gtFine/labels/val/city/image_526_endo_color_mask.png
/content/CityScapes/gtFine/images/val/city/image_527_endo.png	/content/CityScapes/gtFine/labels/val/city/image_527_endo_color_mask.png
/content/CityScapes/gtFine/images/val/city/image_528_endo.png	/content/CityScapes/gtFine/labels/val/city/image_528_endo_color_mask.png
/content/CityScapes/gtFine/images/val/city/image_529_endo.png	/content/CityScapes/gtFine/labels/val/city/image_529_endo_color_mask.png
/content/CityScapes/gtFine/images/val/city/image_530_endo.png	/content/CityScapes/gtFine/labels/val/city/image_530_endo_color_mask.png
/content/CityScapes/gtFine/images/val/city/image_531_endo.png	/content/CityScapes/gtFine/labels/val/city/image_531_endo_color_mask.png
/content/CityScapes/gtFine/images/val/city/image_532_endo.png	/content/CityScapes/gtFine/labels/val/city/image_532_endo_color_mask.png
/content/CityScapes/gtFine/images/val/city/image_533_endo.png	/content/CityScapes/gtFine/labels/val/city/image_533_endo_color_mask.png
/content/CityScapes/gtFine/images/val/city/image_534_endo.png	/content/CityScapes/gtFine/labels/val/city/image_534_endo_color_mask.png
/content/CityScapes/gtFine/images/val/city/image_535_endo.png	/content/CityScapes/gtFine/labels/val/city/image_535_endo_color_mask.png
/content/CityScapes/gtFine/images/val/city/image_536_endo.png	/content/CityScapes/gtFine/labels/val/city/image_536_endo_color_mask.png
/content/CityScapes/gtFine/images/val/city/image_537_endo.png	/content/CityScapes/gtFine/labels/val/city/image_537_endo_color_mask.png
/content/CityScapes/gtFine/images/val/city/image_538_endo.png	/content/CityScapes/gtFine/labels/val/city/image_538_endo_color_mask.png
/content/CityScapes/gtFine/images/val/city/image_539_endo.png	/content/CityScapes/gtFine/labels/val/city/image_539_endo_color_mask.png
/content/CityScapes/gtFine/images/val/city/image_540_endo.png	/content/CityScapes/gtFine/labels/val/city/image_540_endo_color_mask.png
/content/CityScapes/gtFine/images/val/city/image_541_endo.png	/content/CityScapes/gtFine/labels/val/city/image_541_endo_color_mask.png
/content/CityScapes/gtFine/images/val/city/image_542_endo.png	/content/CityScapes/gtFine/labels/val/city/image_542_endo_color_mask.png
/content/CityScapes/gtFine/images/val/city/image_543_endo.png	/content/CityScapes/gtFine/labels/val/city/image_543_endo_color_mask.png
/content/CityScapes/gtFine/images/val/city/image_544_endo.png	/content/CityScapes/gtFine/labels/val/city/image_544_endo_color_mask.png
/content/CityScapes/gtFine/images/val/city/image_545_endo.png	/content/CityScapes/gtFine/labels/val/city/image_545_endo_color_mask.png
/content/CityScapes/gtFine/images/val/city/image_546_endo.png	/content/CityScapes/gtFine/labels/val/city/image_546_endo_color_mask.png
/content/CityScapes/gtFine/images/val/city/image_547_endo.png	/content/CityScapes/gtFine/labels/val/city/image_547_endo_color_mask.png
/content/CityScapes/gtFine/images/val/city/image_548_endo.png	/content/CityScapes/gtFine/labels/val/city/image_548_endo_color_mask.png
/content/CityScapes/gtFine/images/val/city/image_549_endo.png	/content/CityScapes/gtFine/labels/val/city/image_549_endo_color_mask.png
/content/CityScapes/gtFine/images/val/city/image_550_endo.png	/content/CityScapes/gtFine/labels/val/city/image_550_endo_color_mask.png
/content/CityScapes/gtFine/images/val/city/image_551_endo.png	/content/CityScapes/gtFine/labels/val/city/image_551_endo_color_mask.png
/content/CityScapes/gtFine/images/val/city/image_552_endo.png	/content/CityScapes/gtFine/labels/val/city/image_552_endo_color_mask.png
/content/CityScapes/gtFine/images/val/city/image_553_endo.png	/content/CityScapes/gtFine/labels/val/city/image_553_endo_color_mask.png
/content/CityScapes/gtFine/images/val/city/image_554_endo.png	/content/CityScapes/gtFine/labels/val/city/image_554_endo_color_mask.png
/content/CityScapes/gtFine/images/val/city/image_555_endo.png	/content/CityScapes/gtFine/labels/val/city/image_555_endo_color_mask.png
/content/CityScapes/gtFine/images/val/city/image_556_endo.png	/content/CityScapes/gtFine/labels/val/city/image_556_endo_color_mask.png
/content/CityScapes/gtFine/images/val/city/image_557_endo.png	/content/CityScapes/gtFine/labels/val/city/image_557_endo_color_mask.png
/content/CityScapes/gtFine/images/val/city/image_558_endo.png	/content/CityScapes/gtFine/labels/val/city/image_558_endo_color_mask.png
/content/CityScapes/gtFine/images/val/city/image_559_endo.png	/content/CityScapes/gtFine/labels/val/city/image_559_endo_color_mask.png
/content/CityScapes/gtFine/images/val/city/image_560_endo.png	/content/CityScapes/gtFine/labels/val/city/image_560_endo_color_mask.png
/content/CityScapes/gtFine/images/val/city/image_561_endo.png	/content/CityScapes/gtFine/labels/val/city/image_561_endo_color_mask.png
/content/CityScapes/gtFine/images/val/city/image_562_endo.png	/content/CityScapes/gtFine/labels/val/city/image_562_endo_color_mask.png
/content/CityScapes/gtFine/images/val/city/image_563_endo.png	/content/CityScapes/gtFine/labels/val/city/image_563_endo_color_mask.png
/content/CityScapes/gtFine/images/val/city/image_564_endo.png	/content/CityScapes/gtFine/labels/val/city/image_564_endo_color_mask.png
/content/CityScapes/gtFine/images/val/city/image_565_endo.png	/content/CityScapes/gtFine/labels/val/city/image_565_endo_color_mask.png
/content/CityScapes/gtFine/images/val/city/image_566_endo.png	/content/CityScapes/gtFine/labels/val/city/image_566_endo_color_mask.png
/content/CityScapes/gtFine/images/val/city/image_567_endo.png	/content/CityScapes/gtFine/labels/val/city/image_567_endo_color_mask.png
/content/CityScapes/gtFine/images/val/city/image_568_endo.png	/content/CityScapes/gtFine/labels/val/city/image_568_endo_color_mask.png
/content/CityScapes/gtFine/images/val/city/image_569_endo.png	/content/CityScapes/gtFine/labels/val/city/image_569_endo_color_mask.png
/content/CityScapes/gtFine/images/val/city/image_570_endo.png	/content/CityScapes/gtFine/labels/val/city/image_570_endo_color_mask.png
/content/CityScapes/gtFine/images/val/city/image_571_endo.png	/content/CityScapes/gtFine/labels/val/city/image_571_endo_color_mask.png
/content/CityScapes/gtFine/images/val/city/image_572_endo.png	/content/CityScapes/gtFine/labels/val/city/image_572_endo_color_mask.png
/content/CityScapes/gtFine/images/val/city/image_573_endo.png	/content/CityScapes/gtFine/labels/val/city/image_573_endo_color_mask.png
/content/CityScapes/gtFine/images/val/city/image_574_endo.png	/content/CityScapes/gtFine/labels/val/city/image_574_endo_color_mask.png
/content/CityScapes/gtFine/images/val/city/image_575_endo.png	/content/CityScapes/gtFine/labels/val/city/image_575_endo_color_mask.png
/content/CityScapes/gtFine/images/val/city/image_576_endo.png	/content/CityScapes/gtFine/labels/val/city/image_576_endo_color_mask.png
/content/CityScapes/gtFine/images/val/city/image_577_endo.png	/content/CityScapes/gtFine/labels/val/city/image_577_endo_color_mask.png
/content/CityScapes/gtFine/images/val/city/image_578_endo.png	/content/CityScapes/gtFine/labels/val/city/image_578_endo_color_mask.png
/content/CityScapes/gtFine/images/val/city/image_579_endo.png	/content/CityScapes/gtFine/labels/val/city/image_579_endo_color_mask.png
/content/CityScapes/gtFine/images/val/city/image_580_endo.png	/content/CityScapes/gtFine/labels/val/city/image_580_endo_color_mask.png
/content/CityScapes/gtFine/images/val/city/image_581_endo.png	/content/CityScapes/gtFine/labels/val/city/image_581_endo_color_mask.png
/content/CityScapes/gtFine/images/val/city/image_582_endo.png	/content/CityScapes/gtFine/labels/val/city/image_582_endo_color_mask.png
/content/CityScapes/gtFine/images/val/city/image_583_endo.png	/content/CityScapes/gtFine/labels/val/city/image_583_endo_color_mask.png
/content/CityScapes/gtFine/images/val/city/image_584_endo.png	/content/CityScapes/gtFine/labels/val/city/image_584_endo_color_mask.png
/content/CityScapes/gtFine/images/val/city/image_585_endo.png	/content/CityScapes/gtFine/labels/val/city/image_585_endo_color_mask.png
/content/CityScapes/gtFine/images/val/city/image_586_endo.png	/content/CityScapes/gtFine/labels/val/city/image_586_endo_color_mask.png
/content/CityScapes/gtFine/images/val/city/image_587_endo.png	/content/CityScapes/gtFine/labels/val/city/image_587_endo_color_mask.png
/content/CityScapes/gtFine/images/val/city/image_588_endo.png	/content/CityScapes/gtFine/labels/val/city/image_588_endo_color_mask.png
/content/CityScapes/gtFine/images/val/city/image_589_endo.png	/content/CityScapes/gtFine/labels/val/city/image_589_endo_color_mask.png
/content/CityScapes/gtFine/images/val/city/image_590_endo.png	/content/CityScapes/gtFine/labels/val/city/image_590_endo_color_mask.png
/content/CityScapes/gtFine/images/val/city/image_591_endo.png	/content/CityScapes/gtFine/labels/val/city/image_591_endo_color_mask.png
/content/CityScapes/gtFine/images/val/city/image_592_endo.png	/content/CityScapes/gtFine/labels/val/city/image_592_endo_color_mask.png
/content/CityScapes/gtFine/images/val/city/image_593_endo.png	/content/CityScapes/gtFine/labels/val/city/image_593_endo_color_mask.png
/content/CityScapes/gtFine/images/val/city/image_594_endo.png	/content/CityScapes/gtFine/labels/val/city/image_594_endo_color_mask.png
/content/CityScapes/gtFine/images/val/city/image_595_endo.png	/content/CityScapes/gtFine/labels/val/city/image_595_endo_color_mask.png
/content/CityScapes/gtFine/images/val/city/image_596_endo.png	/content/CityScapes/gtFine/labels/val/city/image_596_endo_color_mask.png
/content/CityScapes/gtFine/images/val/city/image_597_endo.png	/content/CityScapes/gtFine/labels/val/city/image_597_endo_color_mask.png
/content/CityScapes/gtFine/images/val/city/image_598_endo.png	/content/CityScapes/gtFine/labels/val/city/image_598_endo_color_mask.png
/content/CityScapes/gtFine/images/val/city/image_599_endo.png	/content/CityScapes/gtFine/labels/val/city/image_599_endo_color_mask.png
/content/CityScapes/gtFine/images/val/city/image_600_endo.png	/content/CityScapes/gtFine/labels/val/city/image_600_endo_color_mask.png
/content/CityScapes/gtFine/images/val/city/image_601_endo.png	/content/CityScapes/gtFine/labels/val/city/image_601_endo_color_mask.png
/content/CityScapes/gtFine/images/val/city/image_602_endo.png	/content/CityScapes/gtFine/labels/val/city/image_602_endo_color_mask.png
/content/CityScapes/gtFine/images/val/city/image_603_endo.png	/content/CityScapes/gtFine/labels/val/city/image_603_endo_color_mask.png
/content/CityScapes/gtFine/images/val/city/image_604_endo.png	/content/CityScapes/gtFine/labels/val/city/image_604_endo_color_mask.png
/content/CityScapes/gtFine/images/val/city/image_605_endo.png	/content/CityScapes/gtFine/labels/val/city/image_605_endo_color_mask.png
/content/CityScapes/gtFine/images/val/city/image_606_endo.png	/content/CityScapes/gtFine/labels/val/city/image_606_endo_color_mask.png
/content/CityScapes/gtFine/images/val/city/image_607_endo.png	/content/CityScapes/gtFine/labels/val/city/image_607_endo_color_mask.png
/content/CityScapes/gtFine/images/val/city/image_608_endo.png	/content/CityScapes/gtFine/labels/val/city/image_608_endo_color_mask.png
/content/CityScapes/gtFine/images/val/city/image_609_endo.png	/content/CityScapes/gtFine/labels/val/city/image_609_endo_color_mask.png
/content/CityScapes/gtFine/images/val/city/image_610_endo.png	/content/CityScapes/gtFine/labels/val/city/image_610_endo_color_mask.png
/content/CityScapes/gtFine/images/val/city/image_611_endo.png	/content/CityScapes/gtFine/labels/val/city/image_611_endo_color_mask.png
/content/CityScapes/gtFine/images/val/city/image_612_endo.png	/content/CityScapes/gtFine/labels/val/city/image_612_endo_color_mask.png
/content/CityScapes/gtFine/images/val/city/image_613_endo.png	/content/CityScapes/gtFine/labels/val/city/image_613_endo_color_mask.png
/content/CityScapes/gtFine/images/val/city/image_614_endo.png	/content/CityScapes/gtFine/labels/val/city/image_614_endo_color_mask.png
/content/CityScapes/gtFine/images/val/city/image_615_endo.png	/content/CityScapes/gtFine/labels/val/city/image_615_endo_color_mask.png
/content/CityScapes/gtFine/images/val/city/image_616_endo.png	/content/CityScapes/gtFine/labels/val/city/image_616_endo_color_mask.png
/content/CityScapes/gtFine/images/val/city/image_617_endo.png	/content/CityScapes/gtFine/labels/val/city/image_617_endo_color_mask.png
/content/CityScapes/gtFine/images/val/city/image_618_endo.png	/content/CityScapes/gtFine/labels/val/city/image_618_endo_color_mask.png
/content/CityScapes/gtFine/images/val/city/image_619_endo.png	/content/CityScapes/gtFine/labels/val/city/image_619_endo_color_mask.png
/content/CityScapes/gtFine/images/val/city/image_620_endo.png	/content/CityScapes/gtFine/labels/val/city/image_620_endo_color_mask.png
/content/CityScapes/gtFine/images/val/city/image_621_endo.png	/content/CityScapes/gtFine/labels/val/city/image_621_endo_color_mask.png
/content/CityScapes/gtFine/images/val/city/image_622_endo.png	/content/CityScapes/gtFine/labels/val/city/image_622_endo_color_mask.png
/content/CityScapes/gtFine/images/val/city/image_623_endo.png	/content/CityScapes/gtFine/labels/val/city/image_623_endo_color_mask.png
/content/CityScapes/gtFine/images/val/city/image_624_endo.png	/content/CityScapes/gtFine/labels/val/city/image_624_endo_color_mask.png
/content/CityScapes/gtFine/images/val/city/image_625_endo.png	/content/CityScapes/gtFine/labels/val/city/image_625_endo_color_mask.png
/content/CityScapes/gtFine/images/val/city/image_626_endo.png	/content/CityScapes/gtFine/labels/val/city/image_626_endo_color_mask.png
/content/CityScapes/gtFine/images/val/city/image_627_endo.png	/content/CityScapes/gtFine/labels/val/city/image_627_endo_color_mask.png
/content/CityScapes/gtFine/images/val/city/image_628_endo.png	/content/CityScapes/gtFine/labels/val/city/image_628_endo_color_mask.png
/content/CityScapes/gtFine/images/val/city/image_629_endo.png	/content/CityScapes/gtFine/labels/val/city/image_629_endo_color_mask.png
/content/CityScapes/gtFine/images/val/city/image_630_endo.png	/content/CityScapes/gtFine/labels/val/city/image_630_endo_color_mask.png
/content/CityScapes/gtFine/images/val/city/image_631_endo.png	/content/CityScapes/gtFine/labels/val/city/image_631_endo_color_mask.png
/content/CityScapes/gtFine/images/val/city/image_632_endo.png	/content/CityScapes/gtFine/labels/val/city/image_632_endo_color_mask.png
/content/CityScapes/gtFine/images/val/city/image_633_endo.png	/content/CityScapes/gtFine/labels/val/city/image_633_endo_color_mask.png
/content/CityScapes/gtFine/images/val/city/image_634_endo.png	/content/CityScapes/gtFine/labels/val/city/image_634_endo_color_mask.png
/content/CityScapes/gtFine/images/val/city/image_635_endo.png	/content/CityScapes/gtFine/labels/val/city/image_635_endo_color_mask.png
/content/CityScapes/gtFine/images/val/city/image_636_endo.png	/content/CityScapes/gtFine/labels/val/city/image_636_endo_color_mask.png
/content/CityScapes/gtFine/images/val/city/image_637_endo.png	/content/CityScapes/gtFine/labels/val/city/image_637_endo_color_mask.png
/content/CityScapes/gtFine/images/val/city/image_638_endo.png	/content/CityScapes/gtFine/labels/val/city/image_638_endo_color_mask.png
/content/CityScapes/gtFine/images/val/city/image_639_endo.png	/content/CityScapes/gtFine/labels/val/city/image_639_endo_color_mask.png
/content/CityScapes/gtFine/images/val/city/image_640_endo.png	/content/CityScapes/gtFine/labels/val/city/image_640_endo_color_mask.png
/content/CityScapes/gtFine/images/val/city/image_641_endo.png	/content/CityScapes/gtFine/labels/val/city/image_641_endo_color_mask.png
/content/CityScapes/gtFine/images/val/city/image_642_endo.png	/content/CityScapes/gtFine/labels/val/city/image_642_endo_color_mask.png
/content/CityScapes/gtFine/images/val/city/image_643_endo.png	/content/CityScapes/gtFine/labels/val/city/image_643_endo_color_mask.png
/content/CityScapes/gtFine/images/val/city/image_644_endo.png	/content/CityScapes/gtFine/labels/val/city/image_644_endo_color_mask.png
/content/CityScapes/gtFine/images/val/city/image_645_endo.png	/content/CityScapes/gtFine/labels/val/city/image_645_endo_color_mask.png
/content/CityScapes/gtFine/images/val/city/image_646_endo.png	/content/CityScapes/gtFine/labels/val/city/image_646_endo_color_mask.png
/content/CityScapes/gtFine/images/val/city/image_647_endo.png	/content/CityScapes/gtFine/labels/val/city/image_647_endo_color_mask.png
/content/CityScapes/gtFine/images/val/city/image_648_endo.png	/content/CityScapes/gtFine/labels/val/city/image_648_endo_color_mask.png
/content/CityScapes/gtFine/images/val/city/image_649_endo.png	/content/CityScapes/gtFine/labels/val/city/image_649_endo_color_mask.png
/content/CityScapes/gtFine/images/val/city/image_650_endo.png	/content/CityScapes/gtFine/labels/val/city/image_650_endo_color_mask.png
/content/CityScapes/gtFine/images/val/city/image_651_endo.png	/content/CityScapes/gtFine/labels/val/city/image_651_endo_color_mask.png
/content/CityScapes/gtFine/images/val/city/image_652_endo.png	/content/CityScapes/gtFine/labels/val/city/image_652_endo_color_mask.png
/content/CityScapes/gtFine/images/val/city/image_653_endo.png	/content/CityScapes/gtFine/labels/val/city/image_653_endo_color_mask.png
/content/CityScapes/gtFine/images/val/city/image_654_endo.png	/content/CityScapes/gtFine/labels/val/city/image_654_endo_color_mask.png
/content/CityScapes/gtFine/images/val/city/image_655_endo.png	/content/CityScapes/gtFine/labels/val/city/image_655_endo_color_mask.png
/content/CityScapes/gtFine/images/val/city/image_656_endo.png	/content/CityScapes/gtFine/labels/val/city/image_656_endo_color_mask.png
/content/CityScapes/gtFine/images/val/city/image_657_endo.png	/content/CityScapes/gtFine/labels/val/city/image_657_endo_color_mask.png
/content/CityScapes/gtFine/images/val/city/image_658_endo.png	/content/CityScapes/gtFine/labels/val/city/image_658_endo_color_mask.png
/content/CityScapes/gtFine/images/val/city/image_659_endo.png	/content/CityScapes/gtFine/labels/val/city/image_659_endo_color_mask.png
/content/CityScapes/gtFine/images/val/city/image_660_endo.png	/content/CityScapes/gtFine/labels/val/city/image_660_endo_color_mask.png
/content/CityScapes/gtFine/images/val/city/image_661_endo.png	/content/CityScapes/gtFine/labels/val/city/image_661_endo_color_mask.png
/content/CityScapes/gtFine/images/val/city/image_662_endo.png	/content/CityScapes/gtFine/labels/val/city/image_662_endo_color_mask.png
/content/CityScapes/gtFine/images/val/city/image_663_endo.png	/content/CityScapes/gtFine/labels/val/city/image_663_endo_color_mask.png
/content/CityScapes/gtFine/images/val/city/image_664_endo.png	/content/CityScapes/gtFine/labels/val/city/image_664_endo_color_mask.png
/content/CityScapes/gtFine/images/val/city/image_665_endo.png	/content/CityScapes/gtFine/labels/val/city/image_665_endo_color_mask.png
/content/CityScapes/gtFine/images/val/city/image_666_endo.png	/content/CityScapes/gtFine/labels/val/city/image_666_endo_color_mask.png
/content/CityScapes/gtFine/images/val/city/image_667_endo.png	/content/CityScapes/gtFine/labels/val/city/image_667_endo_color_mask.png
/content/CityScapes/gtFine/images/val/city/image_668_endo.png	/content/CityScapes/gtFine/labels/val/city/image_668_endo_color_mask.png
/content/CityScapes/gtFine/images/val/city/image_669_endo.png	/content/CityScapes/gtFine/labels/val/city/image_669_endo_color_mask.png
/content/CityScapes/gtFine/images/val/city/image_670_endo.png	/content/CityScapes/gtFine/labels/val/city/image_670_endo_color_mask.png
/content/CityScapes/gtFine/images/val/city/image_671_endo.png	/content/CityScapes/gtFine/labels/val/city/image_671_endo_color_mask.png
/content/CityScapes/gtFine/images/val/city/image_672_endo.png	/content/CityScapes/gtFine/labels/val/city/image_672_endo_color_mask.png
/content/CityScapes/gtFine/images/val/city/image_673_endo.png	/content/CityScapes/gtFine/labels/val/city/image_673_endo_color_mask.png
/content/CityScapes/gtFine/images/val/city/image_674_endo.png	/content/CityScapes/gtFine/labels/val/city/image_674_endo_color_mask.png
/content/CityScapes/gtFine/images/val/city/image_675_endo.png	/content/CityScapes/gtFine/labels/val/city/image_675_endo_color_mask.png
/content/CityScapes/gtFine/images/val/city/image_676_endo.png	/content/CityScapes/gtFine/labels/val/city/image_676_endo_color_mask.png
/content/CityScapes/gtFine/images/val/city/image_677_endo.png	/content/CityScapes/gtFine/labels/val/city/image_677_endo_color_mask.png
/content/CityScapes/gtFine/images/val/city/image_678_endo.png	/content/CityScapes/gtFine/labels/val/city/image_678_endo_color_mask.png
/content/CityScapes/gtFine/images/val/city/image_679_endo.png	/content/CityScapes/gtFine/labels/val/city/image_679_endo_color_mask.png
/content/CityScapes/gtFine/images/val/city/image_680_endo.png	/content/CityScapes/gtFine/labels/val/city/image_680_endo_color_mask.png
/content/CityScapes/gtFine/images/val/city/image_681_endo.png	/content/CityScapes/gtFine/labels/val/city/image_681_endo_color_mask.png
/content/CityScapes/gtFine/images/val/city/image_682_endo.png	/content/CityScapes/gtFine/labels/val/city/image_682_endo_color_mask.png
/content/CityScapes/gtFine/images/val/city/image_683_endo.png	/content/CityScapes/gtFine/labels/val/city/image_683_endo_color_mask.png
/content/CityScapes/gtFine/images/val/city/image_684_endo.png	/content/CityScapes/gtFine/labels/val/city/image_684_endo_color_mask.png
/content/CityScapes/gtFine/images/val/city/image_685_endo.png	/content/CityScapes/gtFine/labels/val/city/image_685_endo_color_mask.png
/content/CityScapes/gtFine/images/val/city/image_686_endo.png	/content/CityScapes/gtFine/labels/val/city/image_686_endo_color_mask.png
/content/CityScapes/gtFine/images/val/city/image_687_endo.png	/content/CityScapes/gtFine/labels/val/city/image_687_endo_color_mask.png
/content/CityScapes/gtFine/images/val/city/image_688_endo.png	/content/CityScapes/gtFine/labels/val/city/image_688_endo_color_mask.png
/content/CityScapes/gtFine/images/val/city/image_689_endo.png	/content/CityScapes/gtFine/labels/val/city/image_689_endo_color_mask.png
/content/CityScapes/gtFine/images/val/city/image_690_endo.png	/content/CityScapes/gtFine/labels/val/city/image_690_endo_color_mask.png
/content/CityScapes/gtFine/images/val/city/image_691_endo.png	/content/CityScapes/gtFine/labels/val/city/image_691_endo_color_mask.png
/content/CityScapes/gtFine/images/val/city/image_692_endo.png	/content/CityScapes/gtFine/labels/val/city/image_692_endo_color_mask.png
/content/CityScapes/gtFine/images/val/city/image_693_endo.png	/content/CityScapes/gtFine/labels/val/city/image_693_endo_color_mask.png
/content/CityScapes/gtFine/images/val/city/image_694_endo.png	/content/CityScapes/gtFine/labels/val/city/image_694_endo_color_mask.png
/content/CityScapes/gtFine/images/val/city/image_695_endo.png	/content/CityScapes/gtFine/labels/val/city/image_695_endo_color_mask.png
/content/CityScapes/gtFine/images/val/city/image_696_endo.png	/content/CityScapes/gtFine/labels/val/city/image_696_endo_color_mask.png
/content/CityScapes/gtFine/images/val/city/image_697_endo.png	/content/CityScapes/gtFine/labels/val/city/image_697_endo_color_mask.png
/content/CityScapes/gtFine/images/val/city/image_698_endo.png	/content/CityScapes/gtFine/labels/val/city/image_698_endo_color_mask.png
/content/CityScapes/gtFine/images/val/city/image_699_endo.png	/content/CityScapes/gtFine/labels/val/city/image_699_endo_color_mask.png
/content/CityScapes/gtFine/images/val/city/image_700_endo.png	/content/CityScapes/gtFine/labels/val/city/image_700_endo_color_mask.png
/content/CityScapes/gtFine/images/val/city/image_701_endo.png	/content/CityScapes/gtFine/labels/val/city/image_701_endo_color_mask.png
/content/CityScapes/gtFine/images/val/city/image_702_endo.png	/content/CityScapes/gtFine/labels/val/city/image_702_endo_color_mask.png
/content/CityScapes/gtFine/images/val/city/image_703_endo.png	/content/CityScapes/gtFine/labels/val/city/image_703_endo_color_mask.png
/content/CityScapes/gtFine/images/val/city/image_704_endo.png	/content/CityScapes/gtFine/labels/val/city/image_704_endo_color_mask.png
/content/CityScapes/gtFine/images/val/city/image_705_endo.png	/content/CityScapes/gtFine/labels/val/city/image_705_endo_color_mask.png
/content/CityScapes/gtFine/images/val/city/image_706_endo.png	/content/CityScapes/gtFine/labels/val/city/image_706_endo_color_mask.png
/content/CityScapes/gtFine/images/val/city/image_707_endo.png	/content/CityScapes/gtFine/labels/val/city/image_707_endo_color_mask.png
/content/CityScapes/gtFine/images/val/city/image_708_endo.png	/content/CityScapes/gtFine/labels/val/city/image_708_endo_color_mask.png
/content/CityScapes/gtFine/images/val/city/image_709_endo.png	/content/CityScapes/gtFine/labels/val/city/image_709_endo_color_mask.png
/content/CityScapes/gtFine/images/val/city/image_710_endo.png	/content/CityScapes/gtFine/labels/val/city/image_710_endo_color_mask.png
/content/CityScapes/gtFine/images/val/city/image_711_endo.png	/content/CityScapes/gtFine/labels/val/city/image_711_endo_color_mask.png
/content/CityScapes/gtFine/images/val/city/image_712_endo.png	/content/CityScapes/gtFine/labels/val/city/image_712_endo_color_mask.png
/content/CityScapes/gtFine/images/val/city/image_713_endo.png	/content/CityScapes/gtFine/labels/val/city/image_713_endo_color_mask.png
/content/CityScapes/gtFine/images/val/city/image_714_endo.png	/content/CityScapes/gtFine/labels/val/city/image_714_endo_color_mask.png
/content/CityScapes/gtFine/images/val/city/image_715_endo.png	/content/CityScapes/gtFine/labels/val/city/image_715_endo_color_mask.png
/content/CityScapes/gtFine/images/val/city/image_716_endo.png	/content/CityScapes/gtFine/labels/val/city/image_716_endo_color_mask.png
/content/CityScapes/gtFine/images/val/city/image_717_endo.png	/content/CityScapes/gtFine/labels/val/city/image_717_endo_color_mask.png
/content/CityScapes/gtFine/images/val/city/image_718_endo.png	/content/CityScapes/gtFine/labels/val/city/image_718_endo_color_mask.png
/content/CityScapes/gtFine/images/val/city/image_719_endo.png	/content/CityScapes/gtFine/labels/val/city/image_719_endo_color_mask.png
/content/CityScapes/gtFine/images/val/city/image_720_endo.png	/content/CityScapes/gtFine/labels/val/city/image_720_endo_color_mask.png
/content/CityScapes/gtFine/images/val/city/image_721_endo.png	/content/CityScapes/gtFine/labels/val/city/image_721_endo_color_mask.png
/content/CityScapes/gtFine/images/val/city/image_722_endo.png	/content/CityScapes/gtFine/labels/val/city/image_722_endo_color_mask.png
/content/CityScapes/gtFine/images/val/city/image_723_endo.png	/content/CityScapes/gtFine/labels/val/city/image_723_endo_color_mask.png
/content/CityScapes/gtFine/images/val/city/image_724_endo.png	/content/CityScapes/gtFine/labels/val/city/image_724_endo_color_mask.png
/content/CityScapes/gtFine/images/val/city/image_725_endo.png	/content/CityScapes/gtFine/labels/val/city/image_725_endo_color_mask.png
/content/CityScapes/gtFine/images/val/city/image_726_endo.png	/content/CityScapes/gtFine/labels/val/city/image_726_endo_color_mask.png
/content/CityScapes/gtFine/images/val/city/image_727_endo.png	/content/CityScapes/gtFine/labels/val/city/image_727_endo_color_mask.png
/content/CityScapes/gtFine/images/val/city/image_728_endo.png	/content/CityScapes/gtFine/labels/val/city/image_728_endo_color_mask.png
/content/CityScapes/gtFine/images/val/city/image_729_endo.png	/content/CityScapes/gtFine/labels/val/city/image_729_endo_color_mask.png
/content/CityScapes/gtFine/images/val/city/image_730_endo.png	/content/CityScapes/gtFine/labels/val/city/image_730_endo_color_mask.png
/content/CityScapes/gtFine/images/val/city/image_731_endo.png	/content/CityScapes/gtFine/labels/val/city/image_731_endo_color_mask.png
/content/CityScapes/gtFine/images/val/city/image_732_endo.png	/content/CityScapes/gtFine/labels/val/city/image_732_endo_color_mask.png
/content/CityScapes/gtFine/images/val/city/image_733_endo.png	/content/CityScapes/gtFine/labels/val/city/image_733_endo_color_mask.png
/content/CityScapes/gtFine/images/val/city/image_734_endo.png	/content/CityScapes/gtFine/labels/val/city/image_734_endo_color_mask.png
/content/CityScapes/gtFine/images/val/city/image_735_endo.png	/content/CityScapes/gtFine/labels/val/city/image_735_endo_color_mask.png
/content/CityScapes/gtFine/images/val/city/image_736_endo.png	/content/CityScapes/gtFine/labels/val/city/image_736_endo_color_mask.png
/content/CityScapes/gtFine/images/val/city/image_737_endo.png	/content/CityScapes/gtFine/labels/val/city/image_737_endo_color_mask.png
/content/CityScapes/gtFine/images/val/city/image_738_endo.png	/content/CityScapes/gtFine/labels/val/city/image_738_endo_color_mask.png
/content/CityScapes/gtFine/images/val/city/image_739_endo.png	/content/CityScapes/gtFine/labels/val/city/image_739_endo_color_mask.png
/content/CityScapes/gtFine/images/val/city/image_740_endo.png	/content/CityScapes/gtFine/labels/val/city/image_740_endo_color_mask.png
/content/CityScapes/gtFine/images/val/city/image_741_endo.png	/content/CityScapes/gtFine/labels/val/city/image_741_endo_color_mask.png
/content/CityScapes/gtFine/images/val/city/image_742_endo.png	/content/CityScapes/gtFine/labels/val/city/image_742_endo_color_mask.png
/content/CityScapes/gtFine/images/val/city/image_743_endo.png	/content/CityScapes/gtFine/labels/val/city/image_743_endo_color_mask.png
/content/CityScapes/gtFine/images/val/city/image_744_endo.png	/content/CityScapes/gtFine/labels/val/city/image_744_endo_color_mask.png
/content/CityScapes/gtFine/images/val/city/image_745_endo.png	/content/CityScapes/gtFine/labels/val/city/image_745_endo_color_mask.png
/content/CityScapes/gtFine/images/val/city/image_746_endo.png	/content/CityScapes/gtFine/labels/val/city/image_746_endo_color_mask.png
/content/CityScapes/gtFine/images/val/city/image_747_endo.png	/content/CityScapes/gtFine/labels/val/city/image_747_endo_color_mask.png
/content/CityScapes/gtFine/images/val/city/image_748_endo.png	/content/CityScapes/gtFine/labels/val/city/image_748_endo_color_mask.png
/content/CityScapes/gtFine/images/val/city/image_749_endo.png	/content/CityScapes/gtFine/labels/val/city/image_749_endo_color_mask.png
/content/CityScapes/gtFine/images/val/city/image_750_endo.png	/content/CityScapes/gtFine/labels/val/city/image_750_endo_color_mask.png
/content/CityScapes/gtFine/images/val/city/image_751_endo.png	/content/CityScapes/gtFine/labels/val/city/image_751_endo_color_mask.png
/content/CityScapes/gtFine/images/val/city/image_752_endo.png	/content/CityScapes/gtFine/labels/val/city/image_752_endo_color_mask.png
/content/CityScapes/gtFine/images/val/city/image_753_endo.png	/content/CityScapes/gtFine/labels/val/city/image_753_endo_color_mask.png
/content/CityScapes/gtFine/images/val/city/image_754_endo.png	/content/CityScapes/gtFine/labels/val/city/image_754_endo_color_mask.png
/content/CityScapes/gtFine/images/val/city/image_755_endo.png	/content/CityScapes/gtFine/labels/val/city/image_755_endo_color_mask.png
/content/CityScapes/gtFine/images/val/city/image_756_endo.png	/content/CityScapes/gtFine/labels/val/city/image_756_endo_color_mask.png
/content/CityScapes/gtFine/images/val/city/image_757_endo.png	/content/CityScapes/gtFine/labels/val/city/image_757_endo_color_mask.png
/content/CityScapes/gtFine/images/val/city/image_758_endo.png	/content/CityScapes/gtFine/labels/val/city/image_758_endo_color_mask.png
/content/CityScapes/gtFine/images/val/city/image_759_endo.png	/content/CityScapes/gtFine/labels/val/city/image_759_endo_color_mask.png
/content/CityScapes/gtFine/images/val/city/image_760_endo.png	/content/CityScapes/gtFine/labels/val/city/image_760_endo_color_mask.png
/content/CityScapes/gtFine/images/val/city/image_761_endo.png	/content/CityScapes/gtFine/labels/val/city/image_761_endo_color_mask.png
/content/CityScapes/gtFine/images/val/city/image_762_endo.png	/content/CityScapes/gtFine/labels/val/city/image_762_endo_color_mask.png
/content/CityScapes/gtFine/images/val/city/image_763_endo.png	/content/CityScapes/gtFine/labels/val/city/image_763_endo_color_mask.png
/content/CityScapes/gtFine/images/val/city/image_764_endo.png	/content/CityScapes/gtFine/labels/val/city/image_764_endo_color_mask.png
/content/CityScapes/gtFine/images/val/city/image_765_endo.png	/content/CityScapes/gtFine/labels/val/city/image_765_endo_color_mask.png
/content/CityScapes/gtFine/images/val/city/image_766_endo.png	/content/CityScapes/gtFine/labels/val/city/image_766_endo_color_mask.png
/content/CityScapes/gtFine/images/val/city/image_767_endo.png	/content/CityScapes/gtFine/labels/val/city/image_767_endo_color_mask.png
/content/CityScapes/gtFine/images/val/city/image_768_endo.png	/content/CityScapes/gtFine/labels/val/city/image_768_endo_color_mask.png
/content/CityScapes/gtFine/images/val/city/image_769_endo.png	/content/CityScapes/gtFine/labels/val/city/image_769_endo_color_mask.png
/content/CityScapes/gtFine/images/val/city/image_770_endo.png	/content/CityScapes/gtFine/labels/val/city/image_770_endo_color_mask.png
/content/CityScapes/gtFine/images/val/city/image_771_endo.png	/content/CityScapes/gtFine/labels/val/city/image_771_endo_color_mask.png
/content/CityScapes/gtFine/images/val/city/image_772_endo.png	/content/CityScapes/gtFine/labels/val/city/image_772_endo_color_mask.png
/content/CityScapes/gtFine/images/val/city/image_773_endo.png	/content/CityScapes/gtFine/labels/val/city/image_773_endo_color_mask.png
/content/CityScapes/gtFine/images/val/city/image_774_endo.png	/content/CityScapes/gtFine/labels/val/city/image_774_endo_color_mask.png
/content/CityScapes/gtFine/images/val/city/image_775_endo.png	/content/CityScapes/gtFine/labels/val/city/image_775_endo_color_mask.png
/content/CityScapes/gtFine/images/val/city/image_776_endo.png	/content/CityScapes/gtFine/labels/val/city/image_776_endo_color_mask.png
/content/CityScapes/gtFine/images/val/city/image_777_endo.png	/content/CityScapes/gtFine/labels/val/city/image_777_endo_color_mask.png
/content/CityScapes/gtFine/images/val/city/image_778_endo.png	/content/CityScapes/gtFine/labels/val/city/image_778_endo_color_mask.png
/content/CityScapes/gtFine/images/val/city/image_779_endo.png	/content/CityScapes/gtFine/labels/val/city/image_779_endo_color_mask.png
/content/CityScapes/gtFine/images/val/city/image_780_endo.png	/content/CityScapes/gtFine/labels/val/city/image_780_endo_color_mask.png
/content/CityScapes/gtFine/images/val/city/image_781_endo.png	/content/CityScapes/gtFine/labels/val/city/image_781_endo_color_mask.png
/content/CityScapes/gtFine/images/val/city/image_782_endo.png	/content/CityScapes/gtFine/labels/val/city/image_782_endo_color_mask.png
/content/CityScapes/gtFine/images/val/city/image_783_endo.png	/content/CityScapes/gtFine/labels/val/city/image_783_endo_color_mask.png
/content/CityScapes/gtFine/images/val/city/image_784_endo.png	/content/CityScapes/gtFine/labels/val/city/image_784_endo_color_mask.png
/content/CityScapes/gtFine/images/val/city/image_785_endo.png	/content/CityScapes/gtFine/labels/val/city/image_785_endo_color_mask.png
/content/CityScapes/gtFine/images/val/city/image_786_endo.png	/content/CityScapes/gtFine/labels/val/city/image_786_endo_color_mask.png
/content/CityScapes/gtFine/images/val/city/image_787_endo.png	/content/CityScapes/gtFine/labels/val/city/image_787_endo_color_mask.png
/content/CityScapes/gtFine/images/val/city/image_788_endo.png	/content/CityScapes/gtFine/labels/val/city/image_788_endo_color_mask.png
/content/CityScapes/gtFine/images/val/city/image_789_endo.png	/content/CityScapes/gtFine/labels/val/city/image_789_endo_color_mask.png
/content/CityScapes/gtFine/images/val/city/image_790_endo.png	/content/CityScapes/gtFine/labels/val/city/image_790_endo_color_mask.png
/content/CityScapes/gtFine/images/val/city/image_791_endo.png	/content/CityScapes/gtFine/labels/val/city/image_791_endo_color_mask.png
/content/CityScapes/gtFine/images/val/city/image_792_endo.png	/content/CityScapes/gtFine/labels/val/city/image_792_endo_color_mask.png
/content/CityScapes/gtFine/images/val/city/image_793_endo.png	/content/CityScapes/gtFine/labels/val/city/image_793_endo_color_mask.png
/content/CityScapes/gtFine/images/val/city/image_794_endo.png	/content/CityScapes/gtFine/labels/val/city/image_794_endo_color_mask.png
/content/CityScapes/gtFine/images/val/city/image_795_endo.png	/content/CityScapes/gtFine/labels/val/city/image_795_endo_color_mask.png
/content/CityScapes/gtFine/images/val/city/image_796_endo.png	/content/CityScapes/gtFine/labels/val/city/image_796_endo_color_mask.png
/content/CityScapes/gtFine/images/val/city/image_797_endo.png	/content/CityScapes/gtFine/labels/val/city/image_797_endo_color_mask.png
/content/CityScapes/gtFine/images/val/city/image_798_endo.png	/content/CityScapes/gtFine/labels/val/city/image_798_endo_color_mask.png
/content/CityScapes/gtFine/images/val/city/image_799_endo.png	/content/CityScapes/gtFine/labels/val/city/image_799_endo_color_mask.png
/content/CityScapes/gtFine/images/val/city/image_800_endo.png	/content/CityScapes/gtFine/labels/val/city/image_800_endo_color_mask.png
/content/CityScapes/gtFine/images/val/city/image_801_endo.png	/content/CityScapes/gtFine/labels/val/city/image_801_endo_color_mask.png
/content/CityScapes/gtFine/images/val/city/image_802_endo.png	/content/CityScapes/gtFine/labels/val/city/image_802_endo_color_mask.png
/content/CityScapes/gtFine/images/val/city/image_803_endo.png	/content/CityScapes/gtFine/labels/val/city/image_803_endo_color_mask.png
/content/CityScapes/gtFine/images/val/city/image_804_endo.png	/content/CityScapes/gtFine/labels/val/city/image_804_endo_color_mask.png
/content/CityScapes/gtFine/images/val/city/image_805_endo.png	/content/CityScapes/gtFine/labels/val/city/image_805_endo_color_mask.png
/content/CityScapes/gtFine/images/val/city/image_806_endo.png	/content/CityScapes/gtFine/labels/val/city/image_806_endo_color_mask.png
/content/CityScapes/gtFine/images/val/city/image_807_endo.png	/content/CityScapes/gtFine/labels/val/city/image_807_endo_color_mask.png
/content/CityScapes/gtFine/images/val/city/image_808_endo.png	/content/CityScapes/gtFine/labels/val/city/image_808_endo_color_mask.png
/content/CityScapes/gtFine/images/val/city/image_809_endo.png	/content/CityScapes/gtFine/labels/val/city/image_809_endo_color_mask.png
/content/CityScapes/gtFine/images/val/city/image_810_endo.png	/content/CityScapes/gtFine/labels/val/city/image_810_endo_color_mask.png
/content/CityScapes/gtFine/images/val/city/image_811_endo.png	/content/CityScapes/gtFine/labels/val/city/image_811_endo_color_mask.png
/content/CityScapes/gtFine/images/val/city/image_812_endo.png	/content/CityScapes/gtFine/labels/val/city/image_812_endo_color_mask.png
/content/CityScapes/gtFine/images/val/city/image_813_endo.png	/content/CityScapes/gtFine/labels/val/city/image_813_endo_color_mask.png
/content/CityScapes/gtFine/images/val/city/image_814_endo.png	/content/CityScapes/gtFine/labels/val/city/image_814_endo_color_mask.png
/content/CityScapes/gtFine/images/val/city/image_815_endo.png	/content/CityScapes/gtFine/labels/val/city/image_815_endo_color_mask.png
/content/CityScapes/gtFine/images/val/city/image_816_endo.png	/content/CityScapes/gtFine/labels/val/city/image_816_endo_color_mask.png
/content/CityScapes/gtFine/images/val/city/image_817_endo.png	/content/CityScapes/gtFine/labels/val/city/image_817_endo_color_mask.png
/content/CityScapes/gtFine/images/val/city/image_818_endo.png	/content/CityScapes/gtFine/labels/val/city/image_818_endo_color_mask.png
/content/CityScapes/gtFine/images/val/city/image_819_endo.png	/content/CityScapes/gtFine/labels/val/city/image_819_endo_color_mask.png
/content/CityScapes/gtFine/images/val/city/image_820_endo.png	/content/CityScapes/gtFine/labels/val/city/image_820_endo_color_mask.png
/content/CityScapes/gtFine/images/val/city/image_821_endo.png	/content/CityScapes/gtFine/labels/val/city/image_821_endo_color_mask.png
/content/CityScapes/gtFine/images/val/city/image_822_endo.png	/content/CityScapes/gtFine/labels/val/city/image_822_endo_color_mask.png
/content/CityScapes/gtFine/images/val/city/image_823_endo.png	/content/CityScapes/gtFine/labels/val/city/image_823_endo_color_mask.png
/content/CityScapes/gtFine/images/val/city/image_824_endo.png	/content/CityScapes/gtFine/labels/val/city/image_824_endo_color_mask.png
/content/CityScapes/gtFine/images/val/city/image_825_endo.png	/content/CityScapes/gtFine/labels/val/city/image_825_endo_color_mask.png
/content/CityScapes/gtFine/images/val/city/image_826_endo.png	/content/CityScapes/gtFine/labels/val/city/image_826_endo_color_mask.png
/content/CityScapes/gtFine/images/val/city/image_827_endo.png	/content/CityScapes/gtFine/labels/val/city/image_827_endo_color_mask.png
/content/CityScapes/gtFine/images/val/city/image_828_endo.png	/content/CityScapes/gtFine/labels/val/city/image_828_endo_color_mask.png
/content/CityScapes/gtFine/images/val/city/image_829_endo.png	/content/CityScapes/gtFine/labels/val/city/image_829_endo_color_mask.png
/content/CityScapes/gtFine/images/val/city/image_830_endo.png	/content/CityScapes/gtFine/labels/val/city/image_830_endo_color_mask.png
/content/CityScapes/gtFine/images/val/city/image_831_endo.png	/content/CityScapes/gtFine/labels/val/city/image_831_endo_color_mask.png
/content/CityScapes/gtFine/images/val/city/image_832_endo.png	/content/CityScapes/gtFine/labels/val/city/image_832_endo_color_mask.png
/content/CityScapes/gtFine/images/val/city/image_833_endo.png	/content/CityScapes/gtFine/labels/val/city/image_833_endo_color_mask.png
/content/CityScapes/gtFine/images/val/city/image_834_endo.png	/content/CityScapes/gtFine/labels/val/city/image_834_endo_color_mask.png
/content/CityScapes/gtFine/images/val/city/image_835_endo.png	/content/CityScapes/gtFine/labels/val/city/image_835_endo_color_mask.png
/content/CityScapes/gtFine/images/val/city/image_836_endo.png	/content/CityScapes/gtFine/labels/val/city/image_836_endo_color_mask.png
/content/CityScapes/gtFine/images/val/city/image_837_endo.png	/content/CityScapes/gtFine/labels/val/city/image_837_endo_color_mask.png
/content/CityScapes/gtFine/images/val/city/image_838_endo.png	/content/CityScapes/gtFine/labels/val/city/image_838_endo_color_mask.png
/content/CityScapes/gtFine/images/val/city/image_839_endo.png	/content/CityScapes/gtFine/labels/val/city/image_839_endo_color_mask.png
/content/CityScapes/gtFine/images/val/city/image_840_endo.png	/content/CityScapes/gtFine/labels/val/city/image_840_endo_color_mask.png
/content/CityScapes/gtFine/images/val/city/image_841_endo.png	/content/CityScapes/gtFine/labels/val/city/image_841_endo_color_mask.png
/content/CityScapes/gtFine/images/val/city/image_842_endo.png	/content/CityScapes/gtFine/labels/val/city/image_842_endo_color_mask.png
/content/CityScapes/gtFine/images/val/city/image_843_endo.png	/content/CityScapes/gtFine/labels/val/city/image_843_endo_color_mask.png
/content/CityScapes/gtFine/images/val/city/image_844_endo.png	/content/CityScapes/gtFine/labels/val/city/image_844_endo_color_mask.png
/content/CityScapes/gtFine/images/val/city/image_845_endo.png	/content/CityScapes/gtFine/labels/val/city/image_845_endo_color_mask.png
/content/CityScapes/gtFine/images/val/city/image_846_endo.png	/content/CityScapes/gtFine/labels/val/city/image_846_endo_color_mask.png
/content/CityScapes/gtFine/images/val/city/image_847_endo.png	/content/CityScapes/gtFine/labels/val/city/image_847_endo_color_mask.png
/content/CityScapes/gtFine/images/val/city/image_848_endo.png	/content/CityScapes/gtFine/labels/val/city/image_848_endo_color_mask.png
/content/CityScapes/gtFine/images/val/city/image_849_endo.png	/content/CityScapes/gtFine/labels/val/city/image_849_endo_color_mask.png
/content/CityScapes/gtFine/images/val/city/image_850_endo.png	/content/CityScapes/gtFine/labels/val/city/image_850_endo_color_mask.png
/content/CityScapes/gtFine/images/val/city/image_851_endo.png	/content/CityScapes/gtFine/labels/val/city/image_851_endo_color_mask.png
/content/CityScapes/gtFine/images/val/city/image_852_endo.png	/content/CityScapes/gtFine/labels/val/city/image_852_endo_color_mask.png
/content/CityScapes/gtFine/images/val/city/image_853_endo.png	/content/CityScapes/gtFine/labels/val/city/image_853_endo_color_mask.png
/content/CityScapes/gtFine/images/val/city/image_854_endo.png	/content/CityScapes/gtFine/labels/val/city/image_854_endo_color_mask.png
/content/CityScapes/gtFine/images/val/city/image_855_endo.png	/content/CityScapes/gtFine/labels/val/city/image_855_endo_color_mask.png
/content/CityScapes/gtFine/images/val/city/image_856_endo.png	/content/CityScapes/gtFine/labels/val/city/image_856_endo_color_mask.png
/content/CityScapes/gtFine/images/val/city/image_857_endo.png	/content/CityScapes/gtFine/labels/val/city/image_857_endo_color_mask.png
/content/CityScapes/gtFine/images/val/city/image_858_endo.png	/content/CityScapes/gtFine/labels/val/city/image_858_endo_color_mask.png
/content/CityScapes/gtFine/images/val/city/image_859_endo.png	/content/CityScapes/gtFine/labels/val/city/image_859_endo_color_mask.png
/content/CityScapes/gtFine/images/val/city/image_860_endo.png	/content/CityScapes/gtFine/labels/val/city/image_860_endo_color_mask.png
/content/CityScapes/gtFine/images/val/city/image_861_endo.png	/content/CityScapes/gtFine/labels/val/city/image_861_endo_color_mask.png
/content/CityScapes/gtFine/images/val/city/image_862_endo.png	/content/CityScapes/gtFine/labels/val/city/image_862_endo_color_mask.png
/content/CityScapes/gtFine/images/val/city/image_863_endo.png	/content/CityScapes/gtFine/labels/val/city/image_863_endo_color_mask.png
/content/CityScapes/gtFine/images/val/city/image_864_endo.png	/content/CityScapes/gtFine/labels/val/city/image_864_endo_color_mask.png
/content/CityScapes/gtFine/images/val/city/image_865_endo.png	/content/CityScapes/gtFine/labels/val/city/image_865_endo_color_mask.png
/content/CityScapes/gtFine/images/val/city/image_866_endo.png	/content/CityScapes/gtFine/labels/val/city/image_866_endo_color_mask.png
/content/CityScapes/gtFine/images/val/city/image_867_endo.png	/content/CityScapes/gtFine/labels/val/city/image_867_endo_color_mask.png
/content/CityScapes/gtFine/images/val/city/image_868_endo.png	/content/CityScapes/gtFine/labels/val/city/image_868_endo_color_mask.png
/content/CityScapes/gtFine/images/val/city/image_869_endo.png	/content/CityScapes/gtFine/labels/val/city/image_869_endo_color_mask.png
/content/CityScapes/gtFine/images/val/city/image_870_endo.png	/content/CityScapes/gtFine/labels/val/city/image_870_endo_color_mask.png
/content/CityScapes/gtFine/images/val/city/image_871_endo.png	/content/CityScapes/gtFine/labels/val/city/image_871_endo_color_mask.png
/content/CityScapes/gtFine/images/val/city/image_872_endo.png	/content/CityScapes/gtFine/labels/val/city/image_872_endo_color_mask.png
/content/CityScapes/gtFine/images/val/city/image_873_endo.png	/content/CityScapes/gtFine/labels/val/city/image_873_endo_color_mask.png
/content/CityScapes/gtFine/images/val/city/image_874_endo.png	/content/CityScapes/gtFine/labels/val/city/image_874_endo_color_mask.png
/content/CityScapes/gtFine/images/val/city/image_875_endo.png	/content/CityScapes/gtFine/labels/val/city/image_875_endo_color_mask.png
/content/CityScapes/gtFine/images/val/city/image_876_endo.png	/content/CityScapes/gtFine/labels/val/city/image_876_endo_color_mask.png
/content/CityScapes/gtFine/images/val/city/image_877_endo.png	/content/CityScapes/gtFine/labels/val/city/image_877_endo_color_mask.png
/content/CityScapes/gtFine/images/val/city/image_878_endo.png	/content/CityScapes/gtFine/labels/val/city/image_878_endo_color_mask.png
/content/CityScapes/gtFine/images/val/city/image_879_endo.png	/content/CityScapes/gtFine/labels/val/city/image_879_endo_color_mask.png
/content/CityScapes/gtFine/images/val/city/image_880_endo.png	/content/CityScapes/gtFine/labels/val/city/image_880_endo_color_mask.png
/content/CityScapes/gtFine/images/val/city/image_881_endo.png	/content/CityScapes/gtFine/labels/val/city/image_881_endo_color_mask.png
/content/CityScapes/gtFine/images/val/city/image_882_endo.png	/content/CityScapes/gtFine/labels/val/city/image_882_endo_color_mask.png
/content/CityScapes/gtFine/images/val/city/image_883_endo.png	/content/CityScapes/gtFine/labels/val/city/image_883_endo_color_mask.png
/content/CityScapes/gtFine/images/val/city/image_884_endo.png	/content/CityScapes/gtFine/labels/val/city/image_884_endo_color_mask.png
/content/CityScapes/gtFine/images/val/city/image_885_endo.png	/content/CityScapes/gtFine/labels/val/city/image_885_endo_color_mask.png
/content/CityScapes/gtFine/images/val/city/image_886_endo.png	/content/CityScapes/gtFine/labels/val/city/image_886_endo_color_mask.png
/content/CityScapes/gtFine/images/val/city/image_887_endo.png	/content/CityScapes/gtFine/labels/val/city/image_887_endo_color_mask.png
/content/CityScapes/gtFine/images/val/city/image_888_endo.png	/content/CityScapes/gtFine/labels/val/city/image_888_endo_color_mask.png
/content/CityScapes/gtFine/images/val/city/image_889_endo.png	/content/CityScapes/gtFine/labels/val/city/image_889_endo_color_mask.png
/content/CityScapes/gtFine/images/val/city/image_890_endo.png	/content/CityScapes/gtFine/labels/val/city/image_890_endo_color_mask.png
/content/CityScapes/gtFine/images/val/city/image_891_endo.png	/content/CityScapes/gtFine/labels/val/city/image_891_endo_color_mask.png
/content/CityScapes/gtFine/images/val/city/image_892_endo.png	/content/CityScapes/gtFine/labels/val/city/image_892_endo_color_mask.png
/content/CityScapes/gtFine/images/val/city/image_893_endo.png	/content/CityScapes/gtFine/labels/val/city/image_893_endo_color_mask.png
/content/CityScapes/gtFine/images/val/city/image_894_endo.png	/content/CityScapes/gtFine/labels/val/city/image_894_endo_color_mask.png
/content/CityScapes/gtFine/images/val/city/image_895_endo.png	/content/CityScapes/gtFine/labels/val/city/image_895_endo_color_mask.png
/content/CityScapes/gtFine/images/val/city/image_896_endo.png	/content/CityScapes/gtFine/labels/val/city/image_896_endo_color_mask.png
/content/CityScapes/gtFine/images/val/city/image_897_endo.png	/content/CityScapes/gtFine/labels/val/city/image_897_endo_color_mask.png
/content/CityScapes/gtFine/images/val/city/image_898_endo.png	/content/CityScapes/gtFine/labels/val/city/image_898_endo_color_mask.png
/content/CityScapes/gtFine/images/val/city/image_899_endo.png	/content/CityScapes/gtFine/labels/val/city/image_899_endo_color_mask.png
/content/CityScapes/gtFine/images/val/city/image_900_endo.png	/content/CityScapes/gtFine/labels/val/city/image_900_endo_color_mask.png
/content/CityScapes/gtFine/images/val/city/image_901_endo.png	/content/CityScapes/gtFine/labels/val/city/image_901_endo_color_mask.png
/content/CityScapes/gtFine/images/val/city/image_902_endo.png	/content/CityScapes/gtFine/labels/val/city/image_902_endo_color_mask.png
/content/CityScapes/gtFine/images/val/city/image_903_endo.png	/content/CityScapes/gtFine/labels/val/city/image_903_endo_color_mask.png
/content/CityScapes/gtFine/images/val/city/image_904_endo.png	/content/CityScapes/gtFine/labels/val/city/image_904_endo_color_mask.png
/content/CityScapes/gtFine/images/val/city/image_905_endo.png	/content/CityScapes/gtFine/labels/val/city/image_905_endo_color_mask.png
/content/CityScapes/gtFine/images/val/city/image_906_endo.png	/content/CityScapes/gtFine/labels/val/city/image_906_endo_color_mask.png
/content/CityScapes/gtFine/images/val/city/image_907_endo.png	/content/CityScapes/gtFine/labels/val/city/image_907_endo_color_mask.png
/content/CityScapes/gtFine/images/val/city/image_908_endo.png	/content/CityScapes/gtFine/labels/val/city/image_908_endo_color_mask.png
/content/CityScapes/gtFine/images/val/city/image_909_endo.png	/content/CityScapes/gtFine/labels/val/city/image_909_endo_color_mask.png
/content/CityScapes/gtFine/images/val/city/image_910_endo.png	/content/CityScapes/gtFine/labels/val/city/image_910_endo_color_mask.png
/content/CityScapes/gtFine/images/val/city/image_911_endo.png	/content/CityScapes/gtFine/labels/val/city/image_911_endo_color_mask.png
/content/CityScapes/gtFine/images/val/city/image_912_endo.png	/content/CityScapes/gtFine/labels/val/city/image_912_endo_color_mask.png
/content/CityScapes/gtFine/images/val/city/image_913_endo.png	/content/CityScapes/gtFine/labels/val/city/image_913_endo_color_mask.png
/content/CityScapes/gtFine/images/val/city/image_914_endo.png	/content/CityScapes/gtFine/labels/val/city/image_914_endo_color_mask.png
/content/CityScapes/gtFine/images/val/city/image_915_endo.png	/content/CityScapes/gtFine/labels/val/city/image_915_endo_color_mask.png
/content/CityScapes/gtFine/images/val/city/image_916_endo.png	/content/CityScapes/gtFine/labels/val/city/image_916_endo_color_mask.png
/content/CityScapes/gtFine/images/val/city/image_917_endo.png	/content/CityScapes/gtFine/labels/val/city/image_917_endo_color_mask.png
/content/CityScapes/gtFine/images/val/city/image_918_endo.png	/content/CityScapes/gtFine/labels/val/city/image_918_endo_color_mask.png
/content/CityScapes/gtFine/images/val/city/image_919_endo.png	/content/CityScapes/gtFine/labels/val/city/image_919_endo_color_mask.png
/content/CityScapes/gtFine/images/val/city/image_920_endo.png	/content/CityScapes/gtFine/labels/val/city/image_920_endo_color_mask.png
/content/CityScapes/gtFine/images/val/city/image_921_endo.png	/content/CityScapes/gtFine/labels/val/city/image_921_endo_color_mask.png
/content/CityScapes/gtFine/images/val/city/image_922_endo.png	/content/CityScapes/gtFine/labels/val/city/image_922_endo_color_mask.png
/content/CityScapes/gtFine/images/val/city/image_923_endo.png	/content/CityScapes/gtFine/labels/val/city/image_923_endo_color_mask.png
/content/CityScapes/gtFine/images/val/city/image_924_endo.png	/content/CityScapes/gtFine/labels/val/city/image_924_endo_color_mask.png
/content/CityScapes/gtFine/images/val/city/image_925_endo.png	/content/CityScapes/gtFine/labels/val/city/image_925_endo_color_mask.png
/content/CityScapes/gtFine/images/val/city/image_926_endo.png	/content/CityScapes/gtFine/labels/val/city/image_926_endo_color_mask.png
/content/CityScapes/gtFine/images/val/city/image_927_endo.png	/content/CityScapes/gtFine/labels/val/city/image_927_endo_color_mask.png
/content/CityScapes/gtFine/images/val/city/image_928_endo.png	/content/CityScapes/gtFine/labels/val/city/image_928_endo_color_mask.png
/content/CityScapes/gtFine/images/val/city/image_929_endo.png	/content/CityScapes/gtFine/labels/val/city/image_929_endo_color_mask.png
/content/CityScapes/gtFine/images/val/city/image_930_endo.png	/content/CityScapes/gtFine/labels/val/city/image_930_endo_color_mask.png
/content/CityScapes/gtFine/images/val/city/image_931_endo.png	/content/CityScapes/gtFine/labels/val/city/image_931_endo_color_mask.png
/content/CityScapes/gtFine/images/val/city/image_932_endo.png	/content/CityScapes/gtFine/labels/val/city/image_932_endo_color_mask.png
/content/CityScapes/gtFine/images/val/city/image_933_endo.png	/content/CityScapes/gtFine/labels/val/city/image_933_endo_color_mask.png
/content/CityScapes/gtFine/images/val/city/image_934_endo.png	/content/CityScapes/gtFine/labels/val/city/image_934_endo_color_mask.png
/content/CityScapes/gtFine/images/val/city/image_935_endo.png	/content/CityScapes/gtFine/labels/val/city/image_935_endo_color_mask.png
/content/CityScapes/gtFine/images/val/city/image_936_endo.png	/content/CityScapes/gtFine/labels/val/city/image_936_endo_color_mask.png
/content/CityScapes/gtFine/images/val/city/image_937_endo.png	/content/CityScapes/gtFine/labels/val/city/image_937_endo_color_mask.png
/content/CityScapes/gtFine/images/val/city/image_938_endo.png	/content/CityScapes/gtFine/labels/val/city/image_938_endo_color_mask.png
/content/CityScapes/gtFine/images/val/city/image_939_endo.png	/content/CityScapes/gtFine/labels/val/city/image_939_endo_color_mask.png
/content/CityScapes/gtFine/images/val/city/image_940_endo.png	/content/CityScapes/gtFine/labels/val/city/image_940_endo_color_mask.png
/content/CityScapes/gtFine/images/val/city/image_941_endo.png	/content/CityScapes/gtFine/labels/val/city/image_941_endo_color_mask.png
/content/CityScapes/gtFine/images/val/city/image_942_endo.png	/content/CityScapes/gtFine/labels/val/city/image_942_endo_color_mask.png
/content/CityScapes/gtFine/images/val/city/image_943_endo.png	/content/CityScapes/gtFine/labels/val/city/image_943_endo_color_mask.png
/content/CityScapes/gtFine/images/val/city/image_944_endo.png	/content/CityScapes/gtFine/labels/val/city/image_944_endo_color_mask.png
/content/CityScapes/gtFine/images/val/city/image_945_endo.png	/content/CityScapes/gtFine/labels/val/city/image_945_endo_color_mask.png
/content/CityScapes/gtFine/images/val/city/image_946_endo.png	/content/CityScapes/gtFine/labels/val/city/image_946_endo_color_mask.png
/content/CityScapes/gtFine/images/val/city/image_947_endo.png	/content/CityScapes/gtFine/labels/val/city/image_947_endo_color_mask.png
/content/CityScapes/gtFine/images/val/city/image_948_endo.png	/content/CityScapes/gtFine/labels/val/city/image_948_endo_color_mask.png
/content/CityScapes/gtFine/images/val/city/image_949_endo.png	/content/CityScapes/gtFine/labels/val/city/image_949_endo_color_mask.png
/content/CityScapes/gtFine/images/val/city/image_950_endo.png	/content/CityScapes/gtFine/labels/val/city/image_950_endo_color_mask.png
/content/CityScapes/gtFine/images/val/city/image_951_endo.png	/content/CityScapes/gtFine/labels/val/city/image_951_endo_color_mask.png
/content/CityScapes/gtFine/images/val/city/image_952_endo.png	/content/CityScapes/gtFine/labels/val/city/image_952_endo_color_mask.png
/content/CityScapes/gtFine/images/val/city/image_953_endo.png	/content/CityScapes/gtFine/labels/val/city/image_953_endo_color_mask.png
/content/CityScapes/gtFine/images/val/city/image_954_endo.png	/content/CityScapes/gtFine/labels/val/city/image_954_endo_color_mask.png
/content/CityScapes/gtFine/images/val/city/image_955_endo.png	/content/CityScapes/gtFine/labels/val/city/image_955_endo_color_mask.png
/content/CityScapes/gtFine/images/val/city/image_956_endo.png	/content/CityScapes/gtFine/labels/val/city/image_956_endo_color_mask.png
/content/CityScapes/gtFine/images/val/city/image_957_endo.png	/content/CityScapes/gtFine/labels/val/city/image_957_endo_color_mask.png
/content/CityScapes/gtFine/images/val/city/image_958_endo.png	/content/CityScapes/gtFine/labels/val/city/image_958_endo_color_mask.png
/content/CityScapes/gtFine/images/val/city/image_959_endo.png	/content/CityScapes/gtFine/labels/val/city/image_959_endo_color_mask.png
/content/CityScapes/gtFine/images/val/city/image_960_endo.png	/content/CityScapes/gtFine/labels/val/city/image_960_endo_color_mask.png
/content/CityScapes/gtFine/images/val/city/image_961_endo.png	/content/CityScapes/gtFine/labels/val/city/image_961_endo_color_mask.png
/content/CityScapes/gtFine/images/val/city/image_962_endo.png	/content/CityScapes/gtFine/labels/val/city/image_962_endo_color_mask.png
/content/CityScapes/gtFine/images/val/city/image_963_endo.png	/content/CityScapes/gtFine/labels/val/city/image_963_endo_color_mask.png
/content/CityScapes/gtFine/images/val/city/image_964_endo.png	/content/CityScapes/gtFine/labels/val/city/image_964_endo_color_mask.png
/content/CityScapes/gtFine/images/val/city/image_965_endo.png	/content/CityScapes/gtFine/labels/val/city/image_965_endo_color_mask.png
/content/CityScapes/gtFine/images/val/city/image_966_endo.png	/content/CityScapes/gtFine/labels/val/city/image_966_endo_color_mask.png
/content/CityScapes/gtFine/images/val/city/image_967_endo.png	/content/CityScapes/gtFine/labels/val/city/image_967_endo_color_mask.png
/content/CityScapes/gtFine/images/val/city/image_968_endo.png	/content/CityScapes/gtFine/labels/val/city/image_968_endo_color_mask.png
/content/CityScapes/gtFine/images/val/city/image_969_endo.png	/content/CityScapes/gtFine/labels/val/city/image_969_endo_color_mask.png
/content/CityScapes/gtFine/images/val/city/image_970_endo.png	/content/CityScapes/gtFine/labels/val/city/image_970_endo_color_mask.png
/content/CityScapes/gtFine/images/val/city/image_971_endo.png	/content/CityScapes/gtFine/labels/val/city/image_971_endo_color_mask.png
/content/CityScapes/gtFine/images/val/city/image_972_endo.png	/content/CityScapes/gtFine/labels/val/city/image_972_endo_color_mask.png
/content/CityScapes/gtFine/images/val/city/image_973_endo.png	/content/CityScapes/gtFine/labels/val/city/image_973_endo_color_mask.png
/content/CityScapes/gtFine/images/val/city/image_974_endo.png	/content/CityScapes/gtFine/labels/val/city/image_974_endo_color_mask.png
/content/CityScapes/gtFine/images/val/city/image_975_endo.png	/content/CityScapes/gtFine/labels/val/city/image_975_endo_color_mask.png
/content/CityScapes/gtFine/images/val/city/image_976_endo.png	/content/CityScapes/gtFine/labels/val/city/image_976_endo_color_mask.png
/content/CityScapes/gtFine/images/val/city/image_977_endo.png	/content/CityScapes/gtFine/labels/val/city/image_977_endo_color_mask.png
/content/CityScapes/gtFine/images/val/city/image_978_endo.png	/content/CityScapes/gtFine/labels/val/city/image_978_endo_color_mask.png
/content/CityScapes/gtFine/images/val/city/image_979_endo.png	/content/CityScapes/gtFine/labels/val/city/image_979_endo_color_mask.png
/content/CityScapes/gtFine/images/val/city/image_980_endo.png	/content/CityScapes/gtFine/labels/val/city/image_980_endo_color_mask.png
/content/CityScapes/gtFine/images/val/city/image_981_endo.png	/content/CityScapes/gtFine/labels/val/city/image_981_endo_color_mask.png
/content/CityScapes/gtFine/images/val/city/image_982_endo.png	/content/CityScapes/gtFine/labels/val/city/image_982_endo_color_mask.png
/content/CityScapes/gtFine/images/val/city/image_983_endo.png	/content/CityScapes/gtFine/labels/val/city/image_983_endo_color_mask.png
/content/CityScapes/gtFine/images/val/city/image_984_endo.png	/content/CityScapes/gtFine/labels/val/city/image_984_endo_color_mask.png
/content/CityScapes/gtFine/images/val/city/image_985_endo.png	/content/CityScapes/gtFine/labels/val/city/image_985_endo_color_mask.png
/content/CityScapes/gtFine/images/val/city/image_986_endo.png	/content/CityScapes/gtFine/labels/val/city/image_986_endo_color_mask.png
/content/CityScapes/gtFine/images/val/city/image_987_endo.png	/content/CityScapes/gtFine/labels/val/city/image_987_endo_color_mask.png
/content/CityScapes/gtFine/images/val/city/image_988_endo.png	/content/CityScapes/gtFine/labels/val/city/image_988_endo_color_mask.png
/content/CityScapes/gtFine/images/val/city/image_989_endo.png	/content/CityScapes/gtFine/labels/val/city/image_989_endo_color_mask.png
/content/CityScapes/gtFine/images/val/city/image_990_endo.png	/content/CityScapes/gtFine/labels/val/city/image_990_endo_color_mask.png
/content/CityScapes/gtFine/images/val/city/image_991_endo.png	/content/CityScapes/gtFine/labels/val/city/image_991_endo_color_mask.png
/content/CityScapes/gtFine/images/val/city/image_992_endo.png	/content/CityScapes/gtFine/labels/val/city/image_992_endo_color_mask.png
/content/CityScapes/gtFine/images/val/city/image_993_endo.png	/content/CityScapes/gtFine/labels/val/city/image_993_endo_color_mask.png
/content/CityScapes/gtFine/images/val/city/image_994_endo.png	/content/CityScapes/gtFine/labels/val/city/image_994_endo_color_mask.png
/content/CityScapes/gtFine/images/val/city/image_995_endo.png	/content/CityScapes/gtFine/labels/val/city/image_995_endo_color_mask.png
/content/CityScapes/gtFine/images/val/city/image_996_endo.png	/content/CityScapes/gtFine/labels/val/city/image_996_endo_color_mask.png
